Component: ARM Compiler 5.06 update 6 (build 750) Tool: armlink [4d35ed]

==============================================================================

Section Cross References

    stm32f4xx_it.o(i.SysTick_Handler) refers to systick.o(i.ticks_decrease) for ticks_decrease
    system_stm32f4xx.o(i.SystemCoreClockUpdate) refers to system_stm32f4xx.o(.data) for SystemCoreClock
    system_stm32f4xx.o(i.SystemInit) refers to system_stm32f4xx.o(i.SetSysClock) for SetSysClock
    startup_stm32f40_41xxx.o(RESET) refers to startup_stm32f40_41xxx.o(STACK) for __initial_sp
    startup_stm32f40_41xxx.o(RESET) refers to startup_stm32f40_41xxx.o(.text) for Reset_Handler
    startup_stm32f40_41xxx.o(RESET) refers to stm32f4xx_it.o(i.NMI_Handler) for NMI_Handler
    startup_stm32f40_41xxx.o(RESET) refers to stm32f4xx_it.o(i.HardFault_Handler) for HardFault_Handler
    startup_stm32f40_41xxx.o(RESET) refers to stm32f4xx_it.o(i.MemManage_Handler) for MemManage_Handler
    startup_stm32f40_41xxx.o(RESET) refers to stm32f4xx_it.o(i.BusFault_Handler) for BusFault_Handler
    startup_stm32f40_41xxx.o(RESET) refers to stm32f4xx_it.o(i.UsageFault_Handler) for UsageFault_Handler
    startup_stm32f40_41xxx.o(RESET) refers to stm32f4xx_it.o(i.SVC_Handler) for SVC_Handler
    startup_stm32f40_41xxx.o(RESET) refers to stm32f4xx_it.o(i.DebugMon_Handler) for DebugMon_Handler
    startup_stm32f40_41xxx.o(RESET) refers to stm32f4xx_it.o(i.PendSV_Handler) for PendSV_Handler
    startup_stm32f40_41xxx.o(RESET) refers to stm32f4xx_it.o(i.SysTick_Handler) for SysTick_Handler
    startup_stm32f40_41xxx.o(RESET) refers to isr_funcs.o(i.TIM4_IRQHandler) for TIM4_IRQHandler
    startup_stm32f40_41xxx.o(RESET) refers to isr_funcs.o(i.USART1_IRQHandler) for USART1_IRQHandler
    startup_stm32f40_41xxx.o(RESET) refers to isr_funcs.o(i.SDIO_IRQHandler) for SDIO_IRQHandler
    startup_stm32f40_41xxx.o(RESET) refers to isr_funcs.o(i.DMA2_Stream3_IRQHandler) for DMA2_Stream3_IRQHandler
    startup_stm32f40_41xxx.o(RESET) refers to isr_funcs.o(i.DMA2_Stream7_IRQHandler) for DMA2_Stream7_IRQHandler
    startup_stm32f40_41xxx.o(.text) refers to system_stm32f4xx.o(i.SystemInit) for SystemInit
    startup_stm32f40_41xxx.o(.text) refers to entry.o(.ARM.Collect$$$$00000000) for __main
    main.o(i.device_init) refers to misc.o(i.NVIC_PriorityGroupConfig) for NVIC_PriorityGroupConfig
    main.o(i.device_init) refers to usart.o(i.usart_conf) for usart_conf
    main.o(i.device_init) refers to systick.o(i.delay_init) for delay_init
    main.o(i.device_init) refers to w25qxx.o(i.w25qxx_init) for w25qxx_init
    main.o(i.device_init) refers to ff_user.o(i.fatfs_test) for fatfs_test
    main.o(i.main) refers to main.o(i.device_init) for device_init
    main.o(i.main) refers to led.o(i.led_conf) for led_conf
    main.o(i.main) refers to led.o(i.led_on) for led_on
    main.o(i.main) refers to systick.o(i.delay_ms) for delay_ms
    main.o(i.main) refers to led.o(i.led_off) for led_off
    stm32f4xx_adc.o(i.ADC_DeInit) refers to stm32f4xx_rcc.o(i.RCC_APB2PeriphResetCmd) for RCC_APB2PeriphResetCmd
    stm32f4xx_can.o(i.CAN_DeInit) refers to stm32f4xx_rcc.o(i.RCC_APB1PeriphResetCmd) for RCC_APB1PeriphResetCmd
    stm32f4xx_can.o(i.CAN_GetITStatus) refers to stm32f4xx_can.o(i.CheckITStatus) for CheckITStatus
    stm32f4xx_cryp.o(i.CRYP_DeInit) refers to stm32f4xx_rcc.o(i.RCC_AHB2PeriphResetCmd) for RCC_AHB2PeriphResetCmd
    stm32f4xx_cryp_aes.o(i.CRYP_AES_CBC) refers to stm32f4xx_cryp.o(i.CRYP_KeyStructInit) for CRYP_KeyStructInit
    stm32f4xx_cryp_aes.o(i.CRYP_AES_CBC) refers to stm32f4xx_cryp.o(i.CRYP_FIFOFlush) for CRYP_FIFOFlush
    stm32f4xx_cryp_aes.o(i.CRYP_AES_CBC) refers to stm32f4xx_cryp.o(i.CRYP_Init) for CRYP_Init
    stm32f4xx_cryp_aes.o(i.CRYP_AES_CBC) refers to stm32f4xx_cryp.o(i.CRYP_KeyInit) for CRYP_KeyInit
    stm32f4xx_cryp_aes.o(i.CRYP_AES_CBC) refers to stm32f4xx_cryp.o(i.CRYP_Cmd) for CRYP_Cmd
    stm32f4xx_cryp_aes.o(i.CRYP_AES_CBC) refers to stm32f4xx_cryp.o(i.CRYP_GetFlagStatus) for CRYP_GetFlagStatus
    stm32f4xx_cryp_aes.o(i.CRYP_AES_CBC) refers to stm32f4xx_cryp.o(i.CRYP_IVInit) for CRYP_IVInit
    stm32f4xx_cryp_aes.o(i.CRYP_AES_CBC) refers to stm32f4xx_cryp.o(i.CRYP_GetCmdStatus) for CRYP_GetCmdStatus
    stm32f4xx_cryp_aes.o(i.CRYP_AES_CBC) refers to stm32f4xx_cryp.o(i.CRYP_DataIn) for CRYP_DataIn
    stm32f4xx_cryp_aes.o(i.CRYP_AES_CBC) refers to stm32f4xx_cryp.o(i.CRYP_DataOut) for CRYP_DataOut
    stm32f4xx_cryp_aes.o(i.CRYP_AES_CCM) refers to stm32f4xx_cryp.o(i.CRYP_KeyStructInit) for CRYP_KeyStructInit
    stm32f4xx_cryp_aes.o(i.CRYP_AES_CCM) refers to stm32f4xx_cryp.o(i.CRYP_FIFOFlush) for CRYP_FIFOFlush
    stm32f4xx_cryp_aes.o(i.CRYP_AES_CCM) refers to stm32f4xx_cryp.o(i.CRYP_KeyInit) for CRYP_KeyInit
    stm32f4xx_cryp_aes.o(i.CRYP_AES_CCM) refers to stm32f4xx_cryp.o(i.CRYP_IVInit) for CRYP_IVInit
    stm32f4xx_cryp_aes.o(i.CRYP_AES_CCM) refers to stm32f4xx_cryp.o(i.CRYP_Init) for CRYP_Init
[...]
    lib\\src\\stm32f4xx_exti.c               0x00000000   Number         0  stm32f4xx_exti.o ABSOLUTE
    lib\\src\\stm32f4xx_flash.c              0x00000000   Number         0  stm32f4xx_flash.o ABSOLUTE
    lib\\src\\stm32f4xx_flash_ramfunc.c      0x00000000   Number         0  stm32f4xx_flash_ramfunc.o ABSOLUTE
    lib\\src\\stm32f4xx_fmpi2c.c             0x00000000   Number         0  stm32f4xx_fmpi2c.o ABSOLUTE
    lib\\src\\stm32f4xx_gpio.c               0x00000000   Number         0  stm32f4xx_gpio.o ABSOLUTE
    lib\\src\\stm32f4xx_hash.c               0x00000000   Number         0  stm32f4xx_hash.o ABSOLUTE
    lib\\src\\stm32f4xx_hash_md5.c           0x00000000   Number         0  stm32f4xx_hash_md5.o ABSOLUTE
    lib\\src\\stm32f4xx_hash_sha1.c          0x00000000   Number         0  stm32f4xx_hash_sha1.o ABSOLUTE
    lib\\src\\stm32f4xx_i2c.c                0x00000000   Number         0  stm32f4xx_i2c.o ABSOLUTE
    lib\\src\\stm32f4xx_iwdg.c               0x00000000   Number         0  stm32f4xx_iwdg.o ABSOLUTE
    lib\\src\\stm32f4xx_lptim.c              0x00000000   Number         0  stm32f4xx_lptim.o ABSOLUTE
    lib\\src\\stm32f4xx_ltdc.c               0x00000000   Number         0  stm32f4xx_ltdc.o ABSOLUTE
    lib\\src\\stm32f4xx_pwr.c                0x00000000   Number         0  stm32f4xx_pwr.o ABSOLUTE
    lib\\src\\stm32f4xx_qspi.c               0x00000000   Number         0  stm32f4xx_qspi.o ABSOLUTE
    lib\\src\\stm32f4xx_rcc.c                0x00000000   Number         0  stm32f4xx_rcc.o ABSOLUTE
    lib\\src\\stm32f4xx_rng.c                0x00000000   Number         0  stm32f4xx_rng.o ABSOLUTE
    lib\\src\\stm32f4xx_rtc.c                0x00000000   Number         0  stm32f4xx_rtc.o ABSOLUTE
    lib\\src\\stm32f4xx_sai.c                0x00000000   Number         0  stm32f4xx_sai.o ABSOLUTE
    lib\\src\\stm32f4xx_sdio.c               0x00000000   Number         0  stm32f4xx_sdio.o ABSOLUTE
    lib\\src\\stm32f4xx_spdifrx.c            0x00000000   Number         0  stm32f4xx_spdifrx.o ABSOLUTE
    lib\\src\\stm32f4xx_spi.c                0x00000000   Number         0  stm32f4xx_spi.o ABSOLUTE
    lib\\src\\stm32f4xx_syscfg.c             0x00000000   Number         0  stm32f4xx_syscfg.o ABSOLUTE
    lib\\src\\stm32f4xx_tim.c                0x00000000   Number         0  stm32f4xx_tim.o ABSOLUTE
    lib\\src\\stm32f4xx_usart.c              0x00000000   Number         0  stm32f4xx_usart.o ABSOLUTE
    lib\\src\\stm32f4xx_wwdg.c               0x00000000   Number         0  stm32f4xx_wwdg.o ABSOLUTE
    lib\src\misc.c                           0x00000000   Number         0  misc.o ABSOLUTE
    lib\src\stm32f4xx_adc.c                  0x00000000   Number         0  stm32f4xx_adc.o ABSOLUTE
    lib\src\stm32f4xx_can.c                  0x00000000   Number         0  stm32f4xx_can.o ABSOLUTE
    lib\src\stm32f4xx_cec.c                  0x00000000   Number         0  stm32f4xx_cec.o ABSOLUTE
    lib\src\stm32f4xx_crc.c                  0x00000000   Number         0  stm32f4xx_crc.o ABSOLUTE
    lib\src\stm32f4xx_cryp.c                 0x00000000   Number         0  stm32f4xx_cryp.o ABSOLUTE
    lib\src\stm32f4xx_cryp_aes.c             0x00000000   Number         0  stm32f4xx_cryp_aes.o ABSOLUTE
    lib\src\stm32f4xx_cryp_des.c             0x00000000   Number         0  stm32f4xx_cryp_des.o ABSOLUTE
    lib\src\stm32f4xx_cryp_tdes.c            0x00000000   Number         0  stm32f4xx_cryp_tdes.o ABSOLUTE
    lib\src\stm32f4xx_dac.c                  0x00000000   Number         0  stm32f4xx_dac.o ABSOLUTE
    lib\src\stm32f4xx_dbgmcu.c               0x00000000   Number         0  stm32f4xx_dbgmcu.o ABSOLUTE
    lib\src\stm32f4xx_dcmi.c                 0x00000000   Number         0  stm32f4xx_dcmi.o ABSOLUTE
    lib\src\stm32f4xx_dfsdm.c                0x00000000   Number         0  stm32f4xx_dfsdm.o ABSOLUTE
    lib\src\stm32f4xx_dma.c                  0x00000000   Number         0  stm32f4xx_dma.o ABSOLUTE
    lib\src\stm32f4xx_dma2d.c                0x00000000   Number         0  stm32f4xx_dma2d.o ABSOLUTE
    lib\src\stm32f4xx_dsi.c                  0x00000000   Number         0  stm32f4xx_dsi.o ABSOLUTE
    lib\src\stm32f4xx_exti.c                 0x00000000   Number         0  stm32f4xx_exti.o ABSOLUTE
    lib\src\stm32f4xx_flash.c                0x00000000   Number         0  stm32f4xx_flash.o ABSOLUTE
    lib\src\stm32f4xx_flash_ramfunc.c        0x00000000   Number         0  stm32f4xx_flash_ramfunc.o ABSOLUTE
    lib\src\stm32f4xx_fmpi2c.c               0x00000000   Number         0  stm32f4xx_fmpi2c.o ABSOLUTE
    lib\src\stm32f4xx_gpio.c                 0x00000000   Number         0  stm32f4xx_gpio.o ABSOLUTE
    lib\src\stm32f4xx_hash.c                 0x00000000   Number         0  stm32f4xx_hash.o ABSOLUTE
    lib\src\stm32f4xx_hash_md5.c             0x00000000   Number         0  stm32f4xx_hash_md5.o ABSOLUTE
    lib\src\stm32f4xx_hash_sha1.c            0x00000000   Number         0  stm32f4xx_hash_sha1.o ABSOLUTE
    lib\src\stm32f4xx_i2c.c                  0x00000000   Number         0  stm32f4xx_i2c.o ABSOLUTE
    lib\src\stm32f4xx_iwdg.c                 0x00000000   Number         0  stm32f4xx_iwdg.o ABSOLUTE
    lib\src\stm32f4xx_lptim.c                0x00000000   Number         0  stm32f4xx_lptim.o ABSOLUTE
    lib\src\stm32f4xx_ltdc.c                 0x00000000   Number         0  stm32f4xx_ltdc.o ABSOLUTE
    lib\src\stm32f4xx_pwr.c                  0x00000000   Number         0  stm32f4xx_pwr.o ABSOLUTE
    lib\src\stm32f4xx_qspi.c                 0x00000000   Number         0  stm32f4xx_qspi.o ABSOLUTE
    lib\src\stm32f4xx_rcc.c                  0x00000000   Number         0  stm32f4xx_rcc.o ABSOLUTE
    lib\src\stm32f4xx_rng.c                  0x00000000   Number         0  stm32f4xx_rng.o ABSOLUTE
    lib\src\stm32f4xx_rtc.c                  0x00000000   Number         0  stm32f4xx_rtc.o ABSOLUTE
    lib\src\stm32f4xx_sai.c                  0x00000000   Number         0  stm32f4xx_sai.o ABSOLUTE
    lib\src\stm32f4xx_sdio.c                 0x00000000   Number         0  stm32f4xx_sdio.o ABSOLUTE
    lib\src\stm32f4xx_spdifrx.c              0x00000000   Number         0  stm32f4xx_spdifrx.o ABSOLUTE
    lib\src\stm32f4xx_spi.c                  0x00000000   Number         0  stm32f4xx_spi.o ABSOLUTE
    lib\src\stm32f4xx_syscfg.c               0x00000000   Number         0  stm32f4xx_syscfg.o ABSOLUTE
    lib\src\stm32f4xx_tim.c                  0x00000000   Number         0  stm32f4xx_tim.o ABSOLUTE
    lib\src\stm32f4xx_usart.c                0x00000000   Number         0  stm32f4xx_usart.o ABSOLUTE
    lib\src\stm32f4xx_wwdg.c                 0x00000000   Number         0  stm32f4xx_wwdg.o ABSOLUTE
    main\\main.c                             0x00000000   Number         0  main.o ABSOLUTE
    main\main.c                              0x00000000   Number         0  main.o ABSOLUTE
    third_party\\ff14\\source\\diskio.c      0x00000000   Number         0  diskio.o ABSOLUTE
    third_party\\ff14\\source\\ff.c          0x00000000   Number         0  ff.o ABSOLUTE
    third_party\\ff14\\source\\ff_user.c     0x00000000   Number         0  ff_user.o ABSOLUTE
    third_party\\ff14\\source\\ffsystem.c    0x00000000   Number         0  ffsystem.o ABSOLUTE
    third_party\\ff14\\source\\ffunicode.c   0x00000000   Number         0  ffunicode.o ABSOLUTE
    third_party\ff14\source\diskio.c         0x00000000   Number         0  diskio.o ABSOLUTE
    third_party\ff14\source\ff.c             0x00000000   Number         0  ff.o ABSOLUTE
    third_party\ff14\source\ff_user.c        0x00000000   Number         0  ff_user.o ABSOLUTE
    third_party\ff14\source\ffsystem.c       0x00000000   Number         0  ffsystem.o ABSOLUTE
    third_party\ff14\source\ffunicode.c      0x00000000   Number         0  ffunicode.o ABSOLUTE
    RESET                                    0x08000000   Section      392  startup_stm32f40_41xxx.o(RESET)
    .ARM.Collect$$$$00000000                 0x08000188   Section        0  entry.o(.ARM.Collect$$$$00000000)
    .ARM.Collect$$$$00000001                 0x08000188   Section        4  entry2.o(.ARM.Collect$$$$00000001)
    .ARM.Collect$$$$00000004                 0x0800018c   Section        4  entry5.o(.ARM.Collect$$$$00000004)
    .ARM.Collect$$$$00000008                 0x08000190   Section        0  entry7b.o(.ARM.Collect$$$$00000008)
    .ARM.Collect$$$$0000000A                 0x08000190   Section        0  entry8b.o(.ARM.Collect$$$$0000000A)
    .ARM.Collect$$$$0000000B                 0x08000190   Section        8  entry9a.o(.ARM.Collect$$$$0000000B)
    .ARM.Collect$$$$0000000D                 0x08000198   Section        0  entry10a.o(.ARM.Collect$$$$0000000D)
    .ARM.Collect$$$$0000000F                 0x08000198   Section        0  entry11a.o(.ARM.Collect$$$$0000000F)
    .ARM.Collect$$$$00002712                 0x08000198   Section        4  entry2.o(.ARM.Collect$$$$00002712)
    __lit__00000000                          0x08000198   Data           4  entry2.o(.ARM.Collect$$$$00002712)
    .text                                    0x0800019c   Section       36  startup_stm32f40_41xxx.o(.text)
    $v0                                      0x0800019c   Number         0  startup_stm32f40_41xxx.o(.text)
    .text                                    0x080001c0   Section        0  uldiv.o(.text)
    .text                                    0x08000222   Section        0  memseta.o(.text)
    .text                                    0x08000246   Section        0  strcat.o(.text)
    .text                                    0x0800025e   Section        0  llshl.o(.text)
    .text                                    0x0800027c   Section        0  llushr.o(.text)
    .text                                    0x0800029c   Section       36  init.o(.text)
    i.BusFault_Handler                       0x080002c0   Section        0  stm32f4xx_it.o(i.BusFault_Handler)
    i.CmdError                               0x080002c4   Section        0  sd_sdio.o(i.CmdError)
    CmdError                                 0x080002c5   Thumb Code    44  sd_sdio.o(i.CmdError)
    i.CmdResp1Error                          0x080002f0   Section        0  sd_sdio.o(i.CmdResp1Error)
    CmdResp1Error                            0x080002f1   Thumb Code   298  sd_sdio.o(i.CmdResp1Error)
    i.CmdResp2Error                          0x08000424   Section        0  sd_sdio.o(i.CmdResp2Error)
    CmdResp2Error                            0x08000425   Thumb Code    70  sd_sdio.o(i.CmdResp2Error)
    i.CmdResp3Error                          0x08000470   Section        0  sd_sdio.o(i.CmdResp3Error)
    CmdResp3Error                            0x08000471   Thumb Code    52  sd_sdio.o(i.CmdResp3Error)
    i.CmdResp6Error                          0x080004a8   Section        0  sd_sdio.o(i.CmdResp6Error)
    CmdResp6Error                            0x080004a9   Thumb Code   152  sd_sdio.o(i.CmdResp6Error)
    i.CmdResp7Error                          0x08000544   Section        0  sd_sdio.o(i.CmdResp7Error)
    CmdResp7Error                            0x08000545   Thumb Code    72  sd_sdio.o(i.CmdResp7Error)
    i.DMA2_Stream3_IRQHandler                0x08000590   Section        0  isr_funcs.o(i.DMA2_Stream3_IRQHandler)
    i.DMA2_Stream7_IRQHandler                0x08000598   Section        0  isr_funcs.o(i.DMA2_Stream7_IRQHandler)
    i.DMA_ClearFlag                          0x080005c0   Section        0  stm32f4xx_dma.o(i.DMA_ClearFlag)
    i.DMA_ClearITPendingBit                  0x080005f4   Section        0  stm32f4xx_dma.o(i.DMA_ClearITPendingBit)
    i.DMA_Cmd                                0x08000628   Section        0  stm32f4xx_dma.o(i.DMA_Cmd)
    i.DMA_DeInit                             0x08000640   Section        0  stm32f4xx_dma.o(i.DMA_DeInit)
    i.DMA_FlowControllerConfig               0x08000798   Section        0  stm32f4xx_dma.o(i.DMA_FlowControllerConfig)
    i.DMA_GetITStatus                        0x080007b0   Section        0  stm32f4xx_dma.o(i.DMA_GetITStatus)
    i.DMA_ITConfig                           0x08000814   Section        0  stm32f4xx_dma.o(i.DMA_ITConfig)
    i.DMA_Init                               0x08000850   Section        0  stm32f4xx_dma.o(i.DMA_Init)
    i.DebugMon_Handler                       0x080008a8   Section        0  stm32f4xx_it.o(i.DebugMon_Handler)
    i.FindSCR                                0x080008ac   Section        0  sd_sdio.o(i.FindSCR)
    FindSCR                                  0x080008ad   Thumb Code   386  sd_sdio.o(i.FindSCR)
    i.GPIO_Init                              0x08000a40   Section        0  stm32f4xx_gpio.o(i.GPIO_Init)
    i.GPIO_PinAFConfig                       0x08000ad0   Section        0  stm32f4xx_gpio.o(i.GPIO_PinAFConfig)
    i.GPIO_ReadInputDataBit                  0x08000b16   Section        0  stm32f4xx_gpio.o(i.GPIO_ReadInputDataBit)
    i.HardFault_Handler                      0x08000b28   Section        0  stm32f4xx_it.o(i.HardFault_Handler)
    i.MemManage_Handler                      0x08000b2c   Section        0  stm32f4xx_it.o(i.MemManage_Handler)
    i.NMI_Handler                            0x08000b30   Section        0  stm32f4xx_it.o(i.NMI_Handler)
    i.NVIC_Init                              0x08000b34   Section        0  misc.o(i.NVIC_Init)
    i.NVIC_PriorityGroupConfig               0x08000bac   Section        0  misc.o(i.NVIC_PriorityGroupConfig)
    i.PendSV_Handler                         0x08000bc0   Section        0  stm32f4xx_it.o(i.PendSV_Handler)
    i.RCC_AHB1PeriphClockCmd                 0x08000bc4   Section        0  stm32f4xx_rcc.o(i.RCC_AHB1PeriphClockCmd)
    i.RCC_APB1PeriphClockCmd                 0x08000be4   Section        0  stm32f4xx_rcc.o(i.RCC_APB1PeriphClockCmd)
    i.RCC_APB2PeriphClockCmd                 0x08000c04   Section        0  stm32f4xx_rcc.o(i.RCC_APB2PeriphClockCmd)
    i.RCC_APB2PeriphResetCmd                 0x08000c24   Section        0  stm32f4xx_rcc.o(i.RCC_APB2PeriphResetCmd)
    i.RCC_GetClocksFreq                      0x08000c44   Section        0  stm32f4xx_rcc.o(i.RCC_GetClocksFreq)
    i.RTC_Bcd2ToByte                         0x08000d2c   Section        0  stm32f4xx_rtc.o(i.RTC_Bcd2ToByte)
    RTC_Bcd2ToByte                           0x08000d2d   Thumb Code    22  stm32f4xx_rtc.o(i.RTC_Bcd2ToByte)
    i.RTC_GetDate                            0x08000d44   Section        0  stm32f4xx_rtc.o(i.RTC_GetDate)
    i.RTC_GetTime                            0x08000d90   Section        0  stm32f4xx_rtc.o(i.RTC_GetTime)
    i.SDEnWideBus                            0x08000de0   Section        0  sd_sdio.o(i.SDEnWideBus)
    SDEnWideBus                              0x08000de1   Thumb Code   274  sd_sdio.o(i.SDEnWideBus)
    i.SDIO_ClearFlag                         0x08000efc   Section        0  stm32f4xx_sdio.o(i.SDIO_ClearFlag)
    i.SDIO_ClearITPendingBit                 0x08000f08   Section        0  stm32f4xx_sdio.o(i.SDIO_ClearITPendingBit)
    i.SDIO_ClockCmd                          0x08000f14   Section        0  stm32f4xx_sdio.o(i.SDIO_ClockCmd)
    i.SDIO_DMACmd                            0x08000f20   Section        0  stm32f4xx_sdio.o(i.SDIO_DMACmd)
    i.SDIO_DataConfig                        0x08000f2c   Section        0  stm32f4xx_sdio.o(i.SDIO_DataConfig)
    i.SDIO_DeInit                            0x08000f60   Section        0  stm32f4xx_sdio.o(i.SDIO_DeInit)
    i.SDIO_GetCommandResponse                0x08000f78   Section        0  stm32f4xx_sdio.o(i.SDIO_GetCommandResponse)
    i.SDIO_GetFlagStatus                     0x08000f84   Section        0  stm32f4xx_sdio.o(i.SDIO_GetFlagStatus)
    i.SDIO_GetITStatus                       0x08000f9c   Section        0  stm32f4xx_sdio.o(i.SDIO_GetITStatus)
    i.SDIO_GetPowerState                     0x08000fb4   Section        0  stm32f4xx_sdio.o(i.SDIO_GetPowerState)
    i.SDIO_GetResponse                       0x08000fc4   Section        0  stm32f4xx_sdio.o(i.SDIO_GetResponse)
    i.SDIO_IRQHandler                        0x08000fdc   Section        0  isr_funcs.o(i.SDIO_IRQHandler)
    i.SDIO_ITConfig                          0x08000fe4   Section        0  stm32f4xx_sdio.o(i.SDIO_ITConfig)
    i.SDIO_Init                              0x08001004   Section        0  stm32f4xx_sdio.o(i.SDIO_Init)
    i.SDIO_ReadData                          0x08001034   Section        0  stm32f4xx_sdio.o(i.SDIO_ReadData)
    i.SDIO_SendCommand                       0x08001040   Section        0  stm32f4xx_sdio.o(i.SDIO_SendCommand)
    i.SDIO_SetPowerState                     0x0800106c   Section        0  stm32f4xx_sdio.o(i.SDIO_SetPowerState)
    i.SD_Detect                              0x08001078   Section        0  sd_sdio.o(i.SD_Detect)
    i.SD_EnableWideBusOperation              0x08001098   Section        0  sd_sdio.o(i.SD_EnableWideBusOperation)
    i.SD_GetCardInfo                         0x08001128   Section        0  sd_sdio.o(i.SD_GetCardInfo)
    i.SD_GetState                            0x08001444   Section        0  sd_sdio.o(i.SD_GetState)
    i.SD_GetStatus                           0x0800146a   Section        0  sd_sdio.o(i.SD_GetStatus)
    i.SD_HighSpeed                           0x08001488   Section        0  sd_sdio.o(i.SD_HighSpeed)
    i.SD_Init                                0x08001644   Section        0  sd_sdio.o(i.SD_Init)
    i.SD_InitializeCards                     0x080016cc   Section        0  sd_sdio.o(i.SD_InitializeCards)
    i.SD_LowLevel_DMA_RxConfig               0x08001808   Section        0  stm324xg_eval.o(i.SD_LowLevel_DMA_RxConfig)
    i.SD_LowLevel_DMA_TxConfig               0x08001894   Section        0  stm324xg_eval.o(i.SD_LowLevel_DMA_TxConfig)
    i.SD_LowLevel_Init                       0x08001924   Section        0  stm324xg_eval.o(i.SD_LowLevel_Init)
    i.SD_PowerON                             0x080019e8   Section        0  sd_sdio.o(i.SD_PowerON)
    i.SD_ProcessDMAIRQ                       0x08001b88   Section        0  sd_sdio.o(i.SD_ProcessDMAIRQ)
    i.SD_ProcessIRQSrc                       0x08001bb0   Section        0  sd_sdio.o(i.SD_ProcessIRQSrc)
    i.SD_ReadMultiBlocks                     0x08001c5c   Section        0  sd_sdio.o(i.SD_ReadMultiBlocks)
    i.SD_SelectDeselect                      0x08001d54   Section        0  sd_sdio.o(i.SD_SelectDeselect)
    i.SD_SendStatus                          0x08001d8c   Section        0  sd_sdio.o(i.SD_SendStatus)
    i.SD_StopTransfer                        0x08001de0   Section        0  sd_sdio.o(i.SD_StopTransfer)
    i.SD_WaitReadOperation                   0x08001e14   Section        0  sd_sdio.o(i.SD_WaitReadOperation)
    i.SD_WaitWriteOperation                  0x08001e94   Section        0  sd_sdio.o(i.SD_WaitWriteOperation)
    i.SD_WriteMultiBlocks                    0x08001f14   Section        0  sd_sdio.o(i.SD_WriteMultiBlocks)
    i.SPI_Cmd                                0x0800206c   Section        0  stm32f4xx_spi.o(i.SPI_Cmd)
    i.SPI_Init                               0x08002084   Section        0  stm32f4xx_spi.o(i.SPI_Init)
    i.SVC_Handler                            0x080020c0   Section        0  stm32f4xx_it.o(i.SVC_Handler)
    i.SetSysClock                            0x080020c4   Section        0  system_stm32f4xx.o(i.SetSysClock)
    SetSysClock                              0x080020c5   Thumb Code   220  system_stm32f4xx.o(i.SetSysClock)
    i.SysTick_Handler                        0x080021b0   Section        0  stm32f4xx_it.o(i.SysTick_Handler)
    i.SystemInit                             0x080021b8   Section        0  system_stm32f4xx.o(i.SystemInit)
    i.TIM4_IRQHandler                        0x08002220   Section        0  isr_funcs.o(i.TIM4_IRQHandler)
    i.TIM_ClearITPendingBit                  0x08002240   Section        0  stm32f4xx_tim.o(i.TIM_ClearITPendingBit)
    i.TIM_Cmd                                0x08002246   Section        0  stm32f4xx_tim.o(i.TIM_Cmd)
    i.TIM_GetITStatus                        0x0800225e   Section        0  stm32f4xx_tim.o(i.TIM_GetITStatus)
    i.TIM_ITConfig                           0x08002280   Section        0  stm32f4xx_tim.o(i.TIM_ITConfig)
    i.TIM_TimeBaseInit                       0x08002294   Section        0  stm32f4xx_tim.o(i.TIM_TimeBaseInit)
    i.USART1_IRQHandler                      0x08002318   Section        0  isr_funcs.o(i.USART1_IRQHandler)
    i.USART_ClearITPendingBit                0x08002360   Section        0  stm32f4xx_usart.o(i.USART_ClearITPendingBit)
    i.USART_Cmd                              0x0800237e   Section        0  stm32f4xx_usart.o(i.USART_Cmd)
    i.USART_DMACmd                           0x08002396   Section        0  stm32f4xx_usart.o(i.USART_DMACmd)
    i.USART_GetITStatus                      0x080023a8   Section        0  stm32f4xx_usart.o(i.USART_GetITStatus)
    i.USART_ITConfig                         0x080023fc   Section        0  stm32f4xx_usart.o(i.USART_ITConfig)
    i.USART_Init                             0x08002448   Section        0  stm32f4xx_usart.o(i.USART_Init)
    i.UsageFault_Handler                     0x0800251c   Section        0  stm32f4xx_it.o(i.UsageFault_Handler)
    i.__0printf$8                            0x08002520   Section        0  printf8.o(i.__0printf$8)
    i.__scatterload_copy                     0x08002540   Section       14  handlers.o(i.__scatterload_copy)
    i.__scatterload_null                     0x0800254e   Section        2  handlers.o(i.__scatterload_null)
    i.__scatterload_zeroinit                 0x08002550   Section       14  handlers.o(i.__scatterload_zeroinit)
    i._printf_core                           0x08002560   Section        0  printf8.o(i._printf_core)
    _printf_core                             0x08002561   Thumb Code   996  printf8.o(i._printf_core)
    i._printf_post_padding                   0x08002970   Section        0  printf8.o(i._printf_post_padding)
    _printf_post_padding                     0x08002971   Thumb Code    36  printf8.o(i._printf_post_padding)
    i._printf_pre_padding                    0x08002994   Section        0  printf8.o(i._printf_pre_padding)
    _printf_pre_padding                      0x08002995   Thumb Code    46  printf8.o(i._printf_pre_padding)
    i.check_fs                               0x080029c4   Section        0  ff.o(i.check_fs)
    check_fs                                 0x080029c5   Thumb Code   114  ff.o(i.check_fs)
    i.create_partition                       0x08002a44   Section        0  ff.o(i.create_partition)
    create_partition                         0x08002a45   Thumb Code   348  ff.o(i.create_partition)
    i.delay_init                             0x08002ba0   Section        0  systick.o(i.delay_init)
    i.delay_ms                               0x08002c0c   Section        0  systick.o(i.delay_ms)
    i.delay_us                               0x08002c24   Section        0  systick.o(i.delay_us)
    i.device_init                            0x08002c50   Section        0  main.o(i.device_init)
    i.disk_initialize                        0x08002c84   Section        0  diskio.o(i.disk_initialize)
    i.disk_ioctl                             0x08002d74   Section        0  diskio.o(i.disk_ioctl)
    i.disk_read                              0x08002e08   Section        0  diskio.o(i.disk_read)
    i.disk_status                            0x08002ea4   Section        0  diskio.o(i.disk_status)
    i.disk_write                             0x08002ec4   Section        0  diskio.o(i.disk_write)
    i.exf_getfree                            0x08002f30   Section        0  ff_user.o(i.exf_getfree)
    i.f_getfree                              0x08002f96   Section        0  ff.o(i.f_getfree)
    i.f_mkfs                                 0x08003094   Section        0  ff.o(i.f_mkfs)
    i.f_mount                                0x08003788   Section        0  ff.o(i.f_mount)
    i.fatfs_test                             0x080037dc   Section        0  ff_user.o(i.fatfs_test)
    i.fgetc                                  0x08003990   Section        0  usart.o(i.fgetc)
    i.find_volume                            0x0800399a   Section        0  ff.o(i.find_volume)
    find_volume                              0x0800399b   Thumb Code   120  ff.o(i.find_volume)
    i.fputc                                  0x08003a12   Section        0  usart.o(i.fputc)
    i.get_fat                                0x08003a22   Section        0  ff.o(i.get_fat)
    get_fat                                  0x08003a23   Thumb Code   306  ff.o(i.get_fat)
    i.get_fattime                            0x08003b54   Section        0  rtc.o(i.get_fattime)
    i.get_ldnumber                           0x08003b94   Section        0  ff.o(i.get_ldnumber)
    get_ldnumber                             0x08003b95   Thumb Code   180  ff.o(i.get_ldnumber)
    i.getc                                   0x08003c50   Section        0  getc.o(i.getc)
    i.ld_dword                               0x08003c54   Section        0  ff.o(i.ld_dword)
    ld_dword                                 0x08003c55   Thumb Code    24  ff.o(i.ld_dword)
    i.ld_word                                0x08003c6c   Section        0  ff.o(i.ld_word)
    ld_word                                  0x08003c6d   Thumb Code    12  ff.o(i.ld_word)
    i.led_conf                               0x08003c78   Section        0  led.o(i.led_conf)
    i.led_off                                0x08003d04   Section        0  led.o(i.led_off)
    i.led_on                                 0x08003d0c   Section        0  led.o(i.led_on)
    i.main                                   0x08003d14   Section        0  main.o(i.main)
    i.mem_cmp                                0x08003d58   Section        0  ff.o(i.mem_cmp)
    mem_cmp                                  0x08003d59   Thumb Code    36  ff.o(i.mem_cmp)
    i.mem_cpy                                0x08003d7c   Section        0  ff.o(i.mem_cpy)
    mem_cpy                                  0x08003d7d   Thumb Code    26  ff.o(i.mem_cpy)
    i.mem_set                                0x08003d96   Section        0  ff.o(i.mem_set)
    mem_set                                  0x08003d97   Thumb Code    18  ff.o(i.mem_set)
    i.mount_volume                           0x08003da8   Section        0  ff.o(i.mount_volume)
    mount_volume                             0x08003da9   Thumb Code   742  ff.o(i.mount_volume)
    i.move_window                            0x080040a4   Section        0  ff.o(i.move_window)
    move_window                              0x080040a5   Thumb Code    52  ff.o(i.move_window)
    i.my_getc                                0x080040d8   Section        0  usart.o(i.my_getc)
    i.my_putc                                0x080040f4   Section        0  usart.o(i.my_putc)
    i.nvic_conf                              0x0800410c   Section        0  nvic_conf.o(i.nvic_conf)
    i.rtc_obtain_time                        0x08004130   Section        0  rtc.o(i.rtc_obtain_time)
    i.sd_sdio_init                           0x08004148   Section        0  sd_sdio_conf.o(i.sd_sdio_init)
    i.sdio_nvic_configuration                0x08004164   Section        0  sd_sdio_conf.o(i.sdio_nvic_configuration)
    sdio_nvic_configuration                  0x08004165   Thumb Code    58  sd_sdio_conf.o(i.sdio_nvic_configuration)
    i.spi_conf                               0x080041a0   Section        0  spi_conf.o(i.spi_conf)
    i.st_dword                               0x0800437c   Section        0  ff.o(i.st_dword)
    st_dword                                 0x0800437d   Thumb Code    24  ff.o(i.st_dword)
    i.st_word                                0x08004394   Section        0  ff.o(i.st_word)
    st_word                                  0x08004395   Thumb Code    12  ff.o(i.st_word)
    i.sync_window                            0x080043a0   Section        0  ff.o(i.sync_window)
    sync_window                              0x080043a1   Thumb Code    74  ff.o(i.sync_window)
    i.ticks_decrease                         0x080043ec   Section        0  systick.o(i.ticks_decrease)
    i.usart_conf                             0x08004404   Section        0  usart.o(i.usart_conf)
    i.usart_gpio                             0x08004488   Section        0  usart.o(i.usart_gpio)
    usart_gpio                               0x08004489   Thumb Code    68  usart.o(i.usart_gpio)
    i.w25qxx_JEDECID                         0x080044d0   Section        0  w25qxx.o(i.w25qxx_JEDECID)
    i.w25qxx_erase_sector                    0x0800462c   Section        0  w25qxx.o(i.w25qxx_erase_sector)
    i.w25qxx_gpio                            0x08004698   Section        0  w25qxx.o(i.w25qxx_gpio)
    i.w25qxx_init                            0x08004778   Section        0  w25qxx.o(i.w25qxx_init)
    i.w25qxx_powerUp                         0x08004798   Section        0  w25qxx.o(i.w25qxx_powerUp)
    i.w25qxx_read_page                       0x08004830   Section        0  w25qxx.o(i.w25qxx_read_page)
    i.w25qxx_read_sector                     0x080048d0   Section        0  w25qxx.o(i.w25qxx_read_sector)
    i.w25qxx_trans_byte                      0x080048e4   Section        0  w25qxx.o(i.w25qxx_trans_byte)
    w25qxx_trans_byte                        0x080048e5   Thumb Code    42  w25qxx.o(i.w25qxx_trans_byte)
    i.w25qxx_wait_busy                       0x08004914   Section        0  w25qxx.o(i.w25qxx_wait_busy)
    i.w25qxx_writ_disable                    0x08004960   Section        0  w25qxx.o(i.w25qxx_writ_disable)
    w25qxx_writ_disable                      0x08004961   Thumb Code    56  w25qxx.o(i.w25qxx_writ_disable)
    i.w25qxx_writ_enable                     0x0800499c   Section        0  w25qxx.o(i.w25qxx_writ_enable)
    w25qxx_writ_enable                       0x0800499d   Thumb Code    56  w25qxx.o(i.w25qxx_writ_enable)
    i.w25qxx_writ_page                       0x080049d8   Section        0  w25qxx.o(i.w25qxx_writ_page)
    i.w25qxx_writ_sector                     0x08004a84   Section        0  w25qxx.o(i.w25qxx_writ_sector)
    .constdata                               0x08004aa0   Section      104  ff.o(.constdata)
    VolumeStr                                0x08004aa0   Data          16  ff.o(.constdata)
    LfnOfs                                   0x08004ab0   Data          13  ff.o(.constdata)
    DbcTbl                                   0x08004abd   Data          10  ff.o(.constdata)
    badchr                                   0x08004ac7   Data          18  ff.o(.constdata)
    cst                                      0x08004ada   Data          14  ff.o(.constdata)
    cst32                                    0x08004ae8   Data          14  ff.o(.constdata)
    defopt                                   0x08004af8   Data          16  ff.o(.constdata)
    .conststring                             0x08004b08   Section       32  ff.o(.conststring)
    .data                                    0x20000000   Section       20  system_stm32f4xx.o(.data)
    .data                                    0x20000014   Section       16  stm32f4xx_rcc.o(.data)
    APBAHBPrescTable                         0x20000014   Data          16  stm32f4xx_rcc.o(.data)
    .data                                    0x20000024   Section        2  isr_funcs.o(.data)
    .data                                    0x20000026   Section        4  nvic_conf.o(.data)
    nvic_s                                   0x20000026   Data           4  nvic_conf.o(.data)
    .data                                    0x2000002c   Section       24  sd_sdio.o(.data)
    CardType                                 0x2000002c   Data           4  sd_sdio.o(.data)
    RCA                                      0x20000030   Data           4  sd_sdio.o(.data)
    .data                                    0x20000044   Section        1  sd_sdio_conf.o(.data)
    .data                                    0x20000048   Section        8  spi_conf.o(.data)
    .data                                    0x20000050   Section       12  systick.o(.data)
    timeLeft                                 0x20000050   Data           4  systick.o(.data)
    usDiv                                    0x20000054   Data           4  systick.o(.data)
    msDiv                                    0x20000058   Data           4  systick.o(.data)
    .data                                    0x2000005c   Section       28  w25qxx.o(.data)
    .data                                    0x20000078   Section        3  ff.o(.data)
    Fsid                                     0x20000078   Data           2  ff.o(.data)
    CurrVol                                  0x2000007a   Data           1  ff.o(.data)
    .data                                    0x2000007b   Section        6  ff_user.o(.data)
    root_flag                                0x20000080   Data           1  ff_user.o(.data)
    .data                                    0x20000084   Section        4  stdin.o(.data)
    .data                                    0x20000088   Section        4  stdout.o(.data)
    .bss                                     0x2000008c   Section      256  isr_funcs.o(.bss)
    .bss                                     0x20000190   Section      204  sd_sdio.o(.bss)
    CSD_Tab                                  0x20000190   Data          16  sd_sdio.o(.bss)
    CID_Tab                                  0x200001a0   Data          16  sd_sdio.o(.bss)
    SDSTATUS_Tab                             0x200001b0   Data          16  sd_sdio.o(.bss)
    .bss                                     0x2000025c   Section       18  spi_conf.o(.bss)
    .bss                                     0x20000270   Section       88  diskio.o(.bss)
    .bss                                     0x200002c8   Section       16  ff.o(.bss)
    FatFs                                    0x200002c8   Data          16  ff.o(.bss)
    .bss                                     0x200002d8   Section    25668  ff_user.o(.bss)
    fno                                      0x20006604   Data         280  ff_user.o(.bss)
    STACK                                    0x20006720   Section     1024  startup_stm32f40_41xxx.o(STACK)

    Global Symbols

    Symbol Name                              Value     Ov Type        Size  Object(Section)

    BuildAttributes$$THM_ISAv4$E$P$D$K$B$S$7EM$VFPi3$EXTD16$VFPS$VFMA$PE$A:L22UL41UL21$X:L11$S22US41US21$IEEE1$IW$USESV6$~STKCKD$USESV7$~SHL$OSPACE$ROPI$EBA8$MICROLIB$REQ8$PRES8$EABIv2 0x00000000   Number         0  anon$$obj.o ABSOLUTE
    __ARM_use_no_argv                        0x00000000   Number         0  main.o ABSOLUTE
    _printf_a                                0x00000000   Number         0  stubs.o ABSOLUTE
    _printf_c                                0x00000000   Number         0  stubs.o ABSOLUTE
    _printf_charcount                        0x00000000   Number         0  stubs.o ABSOLUTE
    _printf_d                                0x00000000   Number         0  stubs.o ABSOLUTE
    _printf_e                                0x00000000   Number         0  stubs.o ABSOLUTE
    _printf_f                                0x00000000   Number         0  stubs.o ABSOLUTE
    _printf_flags                            0x00000000   Number         0  stubs.o ABSOLUTE
    _printf_fp_dec                           0x00000000   Number         0  stubs.o ABSOLUTE
    _printf_fp_hex                           0x00000000   Number         0  stubs.o ABSOLUTE
    _printf_g                                0x00000000   Number         0  stubs.o ABSOLUTE
    _printf_i                                0x00000000   Number         0  stubs.o ABSOLUTE
    _printf_int_dec                          0x00000000   Number         0  stubs.o ABSOLUTE
    _printf_l                                0x00000000   Number         0  stubs.o ABSOLUTE
    _printf_lc                               0x00000000   Number         0  stubs.o ABSOLUTE
    _printf_ll                               0x00000000   Number         0  stubs.o ABSOLUTE
    _printf_lld                              0x00000000   Number         0  stubs.o ABSOLUTE
    _printf_lli                              0x00000000   Number         0  stubs.o ABSOLUTE
    _printf_llo                              0x00000000   Number         0  stubs.o ABSOLUTE
    _printf_llu                              0x00000000   Number         0  stubs.o ABSOLUTE
    _printf_llx                              0x00000000   Number         0  stubs.o ABSOLUTE
    _printf_longlong_dec                     0x00000000   Number         0  stubs.o ABSOLUTE
    _printf_longlong_hex                     0x00000000   Number         0  stubs.o ABSOLUTE
    _printf_longlong_oct                     0x00000000   Number         0  stubs.o ABSOLUTE
    _printf_ls                               0x00000000   Number         0  stubs.o ABSOLUTE
    _printf_mbtowc                           0x00000000   Number         0  stubs.o ABSOLUTE
    _printf_n                                0x00000000   Number         0  stubs.o ABSOLUTE
    _printf_o                                0x00000000   Number         0  stubs.o ABSOLUTE
    _printf_p                                0x00000000   Number         0  stubs.o ABSOLUTE
    _printf_percent                          0x00000000   Number         0  stubs.o ABSOLUTE
    _printf_pre_padding                      0x00000000   Number         0  stubs.o ABSOLUTE
    _printf_return_value                     0x00000000   Number         0  stubs.o ABSOLUTE
    _printf_s                                0x00000000   Number         0  stubs.o ABSOLUTE
    _printf_sizespec                         0x00000000   Number         0  stubs.o ABSOLUTE
    _printf_str                              0x00000000   Number         0  stubs.o ABSOLUTE
    _printf_truncate_signed                  0x00000000   Number         0  stubs.o ABSOLUTE
    _printf_truncate_unsigned                0x00000000   Number         0  stubs.o ABSOLUTE
    _printf_u                                0x00000000   Number         0  stubs.o ABSOLUTE
    _printf_wc                               0x00000000   Number         0  stubs.o ABSOLUTE
    _printf_wctomb                           0x00000000   Number         0  stubs.o ABSOLUTE
    _printf_widthprec                        0x00000000   Number         0  stubs.o ABSOLUTE
    _printf_x                                0x00000000   Number         0  stubs.o ABSOLUTE
    __cpp_initialize__aeabi_                  - Undefined Weak Reference
    __cxa_finalize                            - Undefined Weak Reference
    __decompress                              - Undefined Weak Reference
    _clock_init                               - Undefined Weak Reference
    _microlib_exit                            - Undefined Weak Reference
    __Vectors_Size                           0x00000188   Number         0  startup_stm32f40_41xxx.o ABSOLUTE
    __Vectors                                0x08000000   Data           4  startup_stm32f40_41xxx.o(RESET)
    __Vectors_End                            0x08000188   Data           0  startup_stm32f40_41xxx.o(RESET)
    __main                                   0x08000189   Thumb Code     0  entry.o(.ARM.Collect$$$$00000000)
    _main_stk                                0x08000189   Thumb Code     0  entry2.o(.ARM.Collect$$$$00000001)
    _main_scatterload                        0x0800018d   Thumb Code     0  entry5.o(.ARM.Collect$$$$00000004)
    __main_after_scatterload                 0x08000191   Thumb Code     0  entry5.o(.ARM.Collect$$$$00000004)
    _main_clock                              0x08000191   Thumb Code     0  entry7b.o(.ARM.Collect$$$$00000008)
    _main_cpp_init                           0x08000191   Thumb Code     0  entry8b.o(.ARM.Collect$$$$0000000A)
    _main_init                               0x08000191   Thumb Code     0  entry9a.o(.ARM.Collect$$$$0000000B)
    __rt_final_cpp                           0x08000199   Thumb Code     0  entry10a.o(.ARM.Collect$$$$0000000D)
    __rt_final_exit                          0x08000199   Thumb Code     0  entry11a.o(.ARM.Collect$$$$0000000F)
    Reset_Handler                            0x0800019d   Thumb Code     8  startup_stm32f40_41xxx.o(.text)
    ADC_IRQHandler                           0x080001b7   Thumb Code     0  startup_stm32f40_41xxx.o(.text)
    CAN1_RX0_IRQHandler                      0x080001b7   Thumb Code     0  startup_stm32f40_41xxx.o(.text)
    CAN1_RX1_IRQHandler                      0x080001b7   Thumb Code     0  startup_stm32f40_41xxx.o(.text)
    CAN1_SCE_IRQHandler                      0x080001b7   Thumb Code     0  startup_stm32f40_41xxx.o(.text)
    CAN1_TX_IRQHandler                       0x080001b7   Thumb Code     0  startup_stm32f40_41xxx.o(.text)
    CAN2_RX0_IRQHandler                      0x080001b7   Thumb Code     0  startup_stm32f40_41xxx.o(.text)
    CAN2_RX1_IRQHandler                      0x080001b7   Thumb Code     0  startup_stm32f40_41xxx.o(.text)
    CAN2_SCE_IRQHandler                      0x080001b7   Thumb Code     0  startup_stm32f40_41xxx.o(.text)
    CAN2_TX_IRQHandler                       0x080001b7   Thumb Code     0  startup_stm32f40_41xxx.o(.text)
    CRYP_IRQHandler                          0x080001b7   Thumb Code     0  startup_stm32f40_41xxx.o(.text)
    DCMI_IRQHandler                          0x080001b7   Thumb Code     0  startup_stm32f40_41xxx.o(.text)
    DMA1_Stream0_IRQHandler                  0x080001b7   Thumb Code     0  startup_stm32f40_41xxx.o(.text)
    DMA1_Stream1_IRQHandler                  0x080001b7   Thumb Code     0  startup_stm32f40_41xxx.o(.text)
    DMA1_Stream2_IRQHandler                  0x080001b7   Thumb Code     0  startup_stm32f40_41xxx.o(.text)
    DMA1_Stream3_IRQHandler                  0x080001b7   Thumb Code     0  startup_stm32f40_41xxx.o(.text)
    DMA1_Stream4_IRQHandler                  0x080001b7   Thumb Code     0  startup_stm32f40_41xxx.o(.text)
    DMA1_Stream5_IRQHandler                  0x080001b7   Thumb Code     0  startup_stm32f40_41xxx.o(.text)
    DMA1_Stream6_IRQHandler                  0x080001b7   Thumb Code     0  startup_stm32f40_41xxx.o(.text)
    DMA1_Stream7_IRQHandler                  0x080001b7   Thumb Code     0  startup_stm32f40_41xxx.o(.text)
    DMA2_Stream0_IRQHandler                  0x080001b7   Thumb Code     0  startup_stm32f40_41xxx.o(.text)
    DMA2_Stream1_IRQHandler                  0x080001b7   Thumb Code     0  startup_stm32f40_41xxx.o(.text)
    DMA2_Stream2_IRQHandler                  0x080001b7   Thumb Code     0  startup_stm32f40_41xxx.o(.text)
    DMA2_Stream4_IRQHandler                  0x080001b7   Thumb Code     0  startup_stm32f40_41xxx.o(.text)
    DMA2_Stream5_IRQHandler                  0x080001b7   Thumb Code     0  startup_stm32f40_41xxx.o(.text)
    DMA2_Stream6_IRQHandler                  0x080001b7   Thumb Code     0  startup_stm32f40_41xxx.o(.text)
    ETH_IRQHandler                           0x080001b7   Thumb Code     0  startup_stm32f40_41xxx.o(.text)
    ETH_WKUP_IRQHandler                      0x080001b7   Thumb Code     0  startup_stm32f40_41xxx.o(.text)
    EXTI0_IRQHandler                         0x080001b7   Thumb Code     0  startup_stm32f40_41xxx.o(.text)
    EXTI15_10_IRQHandler                     0x080001b7   Thumb Code     0  startup_stm32f40_41xxx.o(.text)
    EXTI1_IRQHandler                         0x080001b7   Thumb Code     0  startup_stm32f40_41xxx.o(.text)
    EXTI2_IRQHandler                         0x080001b7   Thumb Code     0  startup_stm32f40_41xxx.o(.text)
    EXTI3_IRQHandler                         0x080001b7   Thumb Code     0  startup_stm32f40_41xxx.o(.text)
    EXTI4_IRQHandler                         0x080001b7   Thumb Code     0  startup_stm32f40_41xxx.o(.text)
    EXTI9_5_IRQHandler                       0x080001b7   Thumb Code     0  startup_stm32f40_41xxx.o(.text)
    FLASH_IRQHandler                         0x080001b7   Thumb Code     0  startup_stm32f40_41xxx.o(.text)
    FPU_IRQHandler                           0x080001b7   Thumb Code     0  startup_stm32f40_41xxx.o(.text)
    FSMC_IRQHandler                          0x080001b7   Thumb Code     0  startup_stm32f40_41xxx.o(.text)
    HASH_RNG_IRQHandler                      0x080001b7   Thumb Code     0  startup_stm32f40_41xxx.o(.text)
    I2C1_ER_IRQHandler                       0x080001b7   Thumb Code     0  startup_stm32f40_41xxx.o(.text)
    I2C1_EV_IRQHandler                       0x080001b7   Thumb Code     0  startup_stm32f40_41xxx.o(.text)
    I2C2_ER_IRQHandler                       0x080001b7   Thumb Code     0  startup_stm32f40_41xxx.o(.text)
    I2C2_EV_IRQHandler                       0x080001b7   Thumb Code     0  startup_stm32f40_41xxx.o(.text)
    I2C3_ER_IRQHandler                       0x080001b7   Thumb Code     0  startup_stm32f40_41xxx.o(.text)
    I2C3_EV_IRQHandler                       0x080001b7   Thumb Code     0  startup_stm32f40_41xxx.o(.text)
    OTG_FS_IRQHandler                        0x080001b7   Thumb Code     0  startup_stm32f40_41xxx.o(.text)
    OTG_FS_WKUP_IRQHandler                   0x080001b7   Thumb Code     0  startup_stm32f40_41xxx.o(.text)
    OTG_HS_EP1_IN_IRQHandler                 0x080001b7   Thumb Code     0  startup_stm32f40_41xxx.o(.text)
    OTG_HS_EP1_OUT_IRQHandler                0x080001b7   Thumb Code     0  startup_stm32f40_41xxx.o(.text)
    OTG_HS_IRQHandler                        0x080001b7   Thumb Code     0  startup_stm32f40_41xxx.o(.text)
    OTG_HS_WKUP_IRQHandler                   0x080001b7   Thumb Code     0  startup_stm32f40_41xxx.o(.text)
    PVD_IRQHandler                           0x080001b7   Thumb Code     0  startup_stm32f40_41xxx.o(.text)
    RCC_IRQHandler                           0x080001b7   Thumb Code     0  startup_stm32f40_41xxx.o(.text)
    RTC_Alarm_IRQHandler                     0x080001b7   Thumb Code     0  startup_stm32f40_41xxx.o(.text)
    RTC_WKUP_IRQHandler                      0x080001b7   Thumb Code     0  startup_stm32f40_41xxx.o(.text)
    SPI1_IRQHandler                          0x080001b7   Thumb Code     0  startup_stm32f40_41xxx.o(.text)
    SPI2_IRQHandler                          0x080001b7   Thumb Code     0  startup_stm32f40_41xxx.o(.text)
    SPI3_IRQHandler                          0x080001b7   Thumb Code     0  startup_stm32f40_41xxx.o(.text)
    TAMP_STAMP_IRQHandler                    0x080001b7   Thumb Code     0  startup_stm32f40_41xxx.o(.text)
    TIM1_BRK_TIM9_IRQHandler                 0x080001b7   Thumb Code     0  startup_stm32f40_41xxx.o(.text)
    TIM1_CC_IRQHandler                       0x080001b7   Thumb Code     0  startup_stm32f40_41xxx.o(.text)
    TIM1_TRG_COM_TIM11_IRQHandler            0x080001b7   Thumb Code     0  startup_stm32f40_41xxx.o(.text)
    TIM1_UP_TIM10_IRQHandler                 0x080001b7   Thumb Code     0  startup_stm32f40_41xxx.o(.text)
    TIM2_IRQHandler                          0x080001b7   Thumb Code     0  startup_stm32f40_41xxx.o(.text)
    TIM3_IRQHandler                          0x080001b7   Thumb Code     0  startup_stm32f40_41xxx.o(.text)
    TIM5_IRQHandler                          0x080001b7   Thumb Code     0  startup_stm32f40_41xxx.o(.text)
    TIM6_DAC_IRQHandler                      0x080001b7   Thumb Code     0  startup_stm32f40_41xxx.o(.text)
    TIM7_IRQHandler                          0x080001b7   Thumb Code     0  startup_stm32f40_41xxx.o(.text)
    TIM8_BRK_TIM12_IRQHandler                0x080001b7   Thumb Code     0  startup_stm32f40_41xxx.o(.text)
    TIM8_CC_IRQHandler                       0x080001b7   Thumb Code     0  startup_stm32f40_41xxx.o(.text)
    TIM8_TRG_COM_TIM14_IRQHandler            0x080001b7   Thumb Code     0  startup_stm32f40_41xxx.o(.text)
    TIM8_UP_TIM13_IRQHandler                 0x080001b7   Thumb Code     0  startup_stm32f40_41xxx.o(.text)
    UART4_IRQHandler                         0x080001b7   Thumb Code     0  startup_stm32f40_41xxx.o(.text)
    UART5_IRQHandler                         0x080001b7   Thumb Code     0  startup_stm32f40_41xxx.o(.text)
    USART2_IRQHandler                        0x080001b7   Thumb Code     0  startup_stm32f40_41xxx.o(.text)
    USART3_IRQHandler                        0x080001b7   Thumb Code     0  startup_stm32f40_41xxx.o(.text)
    USART6_IRQHandler                        0x080001b7   Thumb Code     0  startup_stm32f40_41xxx.o(.text)
    WWDG_IRQHandler                          0x080001b7   Thumb Code     0  startup_stm32f40_41xxx.o(.text)
    __aeabi_uldivmod                         0x080001c1   Thumb Code    98  uldiv.o(.text)
    __aeabi_memset                           0x08000223   Thumb Code    14  memseta.o(.text)
    __aeabi_memset4                          0x08000223   Thumb Code     0  memseta.o(.text)
    __aeabi_memset8                          0x08000223   Thumb Code     0  memseta.o(.text)
    __aeabi_memclr                           0x08000231   Thumb Code     4  memseta.o(.text)
    __aeabi_memclr4                          0x08000231   Thumb Code     0  memseta.o(.text)
    __aeabi_memclr8                          0x08000231   Thumb Code     0  memseta.o(.text)
    _memset$wrapper                          0x08000235   Thumb Code    18  memseta.o(.text)
    strcat                                   0x08000247   Thumb Code    24  strcat.o(.text)
    __aeabi_llsl                             0x0800025f   Thumb Code    30  llshl.o(.text)
    _ll_shift_l                              0x0800025f   Thumb Code     0  llshl.o(.text)
    __aeabi_llsr                             0x0800027d   Thumb Code    32  llushr.o(.text)
    _ll_ushift_r                             0x0800027d   Thumb Code     0  llushr.o(.text)
    __scatterload                            0x0800029d   Thumb Code    28  init.o(.text)
    __scatterload_rt2                        0x0800029d   Thumb Code     0  init.o(.text)
    BusFault_Handler                         0x080002c1   Thumb Code     4  stm32f4xx_it.o(i.BusFault_Handler)
    DMA2_Stream3_IRQHandler                  0x08000591   Thumb Code     8  isr_funcs.o(i.DMA2_Stream3_IRQHandler)
    DMA2_Stream7_IRQHandler                  0x08000599   Thumb Code    30  isr_funcs.o(i.DMA2_Stream7_IRQHandler)
    DMA_ClearFlag                            0x080005c1   Thumb Code    38  stm32f4xx_dma.o(i.DMA_ClearFlag)
    DMA_ClearITPendingBit                    0x080005f5   Thumb Code    38  stm32f4xx_dma.o(i.DMA_ClearITPendingBit)
    DMA_Cmd                                  0x08000629   Thumb Code    22  stm32f4xx_dma.o(i.DMA_Cmd)
    DMA_DeInit                               0x08000641   Thumb Code   324  stm32f4xx_dma.o(i.DMA_DeInit)
    DMA_FlowControllerConfig                 0x08000799   Thumb Code    22  stm32f4xx_dma.o(i.DMA_FlowControllerConfig)
    DMA_GetITStatus                          0x080007b1   Thumb Code    82  stm32f4xx_dma.o(i.DMA_GetITStatus)
    DMA_ITConfig                             0x08000815   Thumb Code    58  stm32f4xx_dma.o(i.DMA_ITConfig)
    DMA_Init                                 0x08000851   Thumb Code    82  stm32f4xx_dma.o(i.DMA_Init)
    DebugMon_Handler                         0x080008a9   Thumb Code     2  stm32f4xx_it.o(i.DebugMon_Handler)
    GPIO_Init                                0x08000a41   Thumb Code   144  stm32f4xx_gpio.o(i.GPIO_Init)
    GPIO_PinAFConfig                         0x08000ad1   Thumb Code    70  stm32f4xx_gpio.o(i.GPIO_PinAFConfig)
    GPIO_ReadInputDataBit                    0x08000b17   Thumb Code    18  stm32f4xx_gpio.o(i.GPIO_ReadInputDataBit)
    HardFault_Handler                        0x08000b29   Thumb Code     4  stm32f4xx_it.o(i.HardFault_Handler)
    MemManage_Handler                        0x08000b2d   Thumb Code     4  stm32f4xx_it.o(i.MemManage_Handler)
    NMI_Handler                              0x08000b31   Thumb Code     2  stm32f4xx_it.o(i.NMI_Handler)
    NVIC_Init                                0x08000b35   Thumb Code   106  misc.o(i.NVIC_Init)
    NVIC_PriorityGroupConfig                 0x08000bad   Thumb Code    10  misc.o(i.NVIC_PriorityGroupConfig)
    PendSV_Handler                           0x08000bc1   Thumb Code     2  stm32f4xx_it.o(i.PendSV_Handler)
    RCC_AHB1PeriphClockCmd                   0x08000bc5   Thumb Code    26  stm32f4xx_rcc.o(i.RCC_AHB1PeriphClockCmd)
    RCC_APB1PeriphClockCmd                   0x08000be5   Thumb Code    26  stm32f4xx_rcc.o(i.RCC_APB1PeriphClockCmd)
    RCC_APB2PeriphClockCmd                   0x08000c05   Thumb Code    26  stm32f4xx_rcc.o(i.RCC_APB2PeriphClockCmd)
    RCC_APB2PeriphResetCmd                   0x08000c25   Thumb Code    26  stm32f4xx_rcc.o(i.RCC_APB2PeriphResetCmd)
    RCC_GetClocksFreq                        0x08000c45   Thumb Code   214  stm32f4xx_rcc.o(i.RCC_GetClocksFreq)
    RTC_GetDate                              0x08000d45   Thumb Code    68  stm32f4xx_rtc.o(i.RTC_GetDate)
    RTC_GetTime                              0x08000d91   Thumb Code    72  stm32f4xx_rtc.o(i.RTC_GetTime)
    SDIO_ClearFlag                           0x08000efd   Thumb Code     6  stm32f4xx_sdio.o(i.SDIO_ClearFlag)
    SDIO_ClearITPendingBit                   0x08000f09   Thumb Code     6  stm32f4xx_sdio.o(i.SDIO_ClearITPendingBit)
    SDIO_ClockCmd                            0x08000f15   Thumb Code     6  stm32f4xx_sdio.o(i.SDIO_ClockCmd)
    SDIO_DMACmd                              0x08000f21   Thumb Code     6  stm32f4xx_sdio.o(i.SDIO_DMACmd)
    SDIO_DataConfig                          0x08000f2d   Thumb Code    46  stm32f4xx_sdio.o(i.SDIO_DataConfig)
    SDIO_DeInit                              0x08000f61   Thumb Code    22  stm32f4xx_sdio.o(i.SDIO_DeInit)
    SDIO_GetCommandResponse                  0x08000f79   Thumb Code     8  stm32f4xx_sdio.o(i.SDIO_GetCommandResponse)
    SDIO_GetFlagStatus                       0x08000f85   Thumb Code    20  stm32f4xx_sdio.o(i.SDIO_GetFlagStatus)
    SDIO_GetITStatus                         0x08000f9d   Thumb Code    20  stm32f4xx_sdio.o(i.SDIO_GetITStatus)
    SDIO_GetPowerState                       0x08000fb5   Thumb Code    10  stm32f4xx_sdio.o(i.SDIO_GetPowerState)
    SDIO_GetResponse                         0x08000fc5   Thumb Code    20  stm32f4xx_sdio.o(i.SDIO_GetResponse)
    SDIO_IRQHandler                          0x08000fdd   Thumb Code     8  isr_funcs.o(i.SDIO_IRQHandler)
    SDIO_ITConfig                            0x08000fe5   Thumb Code    26  stm32f4xx_sdio.o(i.SDIO_ITConfig)
    SDIO_Init                                0x08001005   Thumb Code    42  stm32f4xx_sdio.o(i.SDIO_Init)
    SDIO_ReadData                            0x08001035   Thumb Code     6  stm32f4xx_sdio.o(i.SDIO_ReadData)
    SDIO_SendCommand                         0x08001041   Thumb Code    40  stm32f4xx_sdio.o(i.SDIO_SendCommand)
    SDIO_SetPowerState                       0x0800106d   Thumb Code     6  stm32f4xx_sdio.o(i.SDIO_SetPowerState)
    SD_Detect                                0x08001079   Thumb Code    26  sd_sdio.o(i.SD_Detect)
    SD_EnableWideBusOperation                0x08001099   Thumb Code   136  sd_sdio.o(i.SD_EnableWideBusOperation)
    SD_GetCardInfo                           0x08001129   Thumb Code   780  sd_sdio.o(i.SD_GetCardInfo)
    SD_GetState                              0x08001445   Thumb Code    38  sd_sdio.o(i.SD_GetState)
    SD_GetStatus                             0x0800146b   Thumb Code    30  sd_sdio.o(i.SD_GetStatus)
    SD_HighSpeed                             0x08001489   Thumb Code   410  sd_sdio.o(i.SD_HighSpeed)
    SD_Init                                  0x08001645   Thumb Code   126  sd_sdio.o(i.SD_Init)
    SD_InitializeCards                       0x080016cd   Thumb Code   294  sd_sdio.o(i.SD_InitializeCards)
    SD_LowLevel_DMA_RxConfig                 0x08001809   Thumb Code   132  stm324xg_eval.o(i.SD_LowLevel_DMA_RxConfig)
    SD_LowLevel_DMA_TxConfig                 0x08001895   Thumb Code   134  stm324xg_eval.o(i.SD_LowLevel_DMA_TxConfig)
    SD_LowLevel_Init                         0x08001925   Thumb Code   182  stm324xg_eval.o(i.SD_LowLevel_Init)
    SD_PowerON                               0x080019e9   Thumb Code   400  sd_sdio.o(i.SD_PowerON)
    SD_ProcessDMAIRQ                         0x08001b89   Thumb Code    32  sd_sdio.o(i.SD_ProcessDMAIRQ)
    SD_ProcessIRQSrc                         0x08001bb1   Thumb Code   162  sd_sdio.o(i.SD_ProcessIRQSrc)
    SD_ReadMultiBlocks                       0x08001c5d   Thumb Code   220  sd_sdio.o(i.SD_ReadMultiBlocks)
    SD_SelectDeselect                        0x08001d55   Thumb Code    50  sd_sdio.o(i.SD_SelectDeselect)
    SD_SendStatus                            0x08001d8d   Thumb Code    74  sd_sdio.o(i.SD_SendStatus)
    SD_StopTransfer                          0x08001de1   Thumb Code    46  sd_sdio.o(i.SD_StopTransfer)
    SD_WaitReadOperation                     0x08001e15   Thumb Code   108  sd_sdio.o(i.SD_WaitReadOperation)
    SD_WaitWriteOperation                    0x08001e95   Thumb Code   108  sd_sdio.o(i.SD_WaitWriteOperation)
    SD_WriteMultiBlocks                      0x08001f15   Thumb Code   312  sd_sdio.o(i.SD_WriteMultiBlocks)
    SPI_Cmd                                  0x0800206d   Thumb Code    24  stm32f4xx_spi.o(i.SPI_Cmd)
    SPI_Init                                 0x08002085   Thumb Code    60  stm32f4xx_spi.o(i.SPI_Init)
    SVC_Handler                              0x080020c1   Thumb Code     2  stm32f4xx_it.o(i.SVC_Handler)
    SysTick_Handler                          0x080021b1   Thumb Code     8  stm32f4xx_it.o(i.SysTick_Handler)
    SystemInit                               0x080021b9   Thumb Code    88  system_stm32f4xx.o(i.SystemInit)
    TIM4_IRQHandler                          0x08002221   Thumb Code    26  isr_funcs.o(i.TIM4_IRQHandler)
    TIM_ClearITPendingBit                    0x08002241   Thumb Code     6  stm32f4xx_tim.o(i.TIM_ClearITPendingBit)
    TIM_Cmd                                  0x08002247   Thumb Code    24  stm32f4xx_tim.o(i.TIM_Cmd)
    TIM_GetITStatus                          0x0800225f   Thumb Code    34  stm32f4xx_tim.o(i.TIM_GetITStatus)
    TIM_ITConfig                             0x08002281   Thumb Code    18  stm32f4xx_tim.o(i.TIM_ITConfig)
    TIM_TimeBaseInit                         0x08002295   Thumb Code   104  stm32f4xx_tim.o(i.TIM_TimeBaseInit)
    USART1_IRQHandler                        0x08002319   Thumb Code    58  isr_funcs.o(i.USART1_IRQHandler)
    USART_ClearITPendingBit                  0x08002361   Thumb Code    30  stm32f4xx_usart.o(i.USART_ClearITPendingBit)
    USART_Cmd                                0x0800237f   Thumb Code    24  stm32f4xx_usart.o(i.USART_Cmd)
    USART_DMACmd                             0x08002397   Thumb Code    18  stm32f4xx_usart.o(i.USART_DMACmd)
    USART_GetITStatus                        0x080023a9   Thumb Code    84  stm32f4xx_usart.o(i.USART_GetITStatus)
    USART_ITConfig                           0x080023fd   Thumb Code    74  stm32f4xx_usart.o(i.USART_ITConfig)
    USART_Init                               0x08002449   Thumb Code   204  stm32f4xx_usart.o(i.USART_Init)
    UsageFault_Handler                       0x0800251d   Thumb Code     4  stm32f4xx_it.o(i.UsageFault_Handler)
    __0printf$8                              0x08002521   Thumb Code    22  printf8.o(i.__0printf$8)
    __1printf$8                              0x08002521   Thumb Code     0  printf8.o(i.__0printf$8)
    __2printf                                0x08002521   Thumb Code     0  printf8.o(i.__0printf$8)
    __scatterload_copy                       0x08002541   Thumb Code    14  handlers.o(i.__scatterload_copy)
    __scatterload_null                       0x0800254f   Thumb Code     2  handlers.o(i.__scatterload_null)
    __scatterload_zeroinit                   0x08002551   Thumb Code    14  handlers.o(i.__scatterload_zeroinit)
    delay_init                               0x08002ba1   Thumb Code    86  systick.o(i.delay_init)
    delay_ms                                 0x08002c0d   Thumb Code    18  systick.o(i.delay_ms)
    delay_us                                 0x08002c25   Thumb Code    36  systick.o(i.delay_us)
    device_init                              0x08002c51   Thumb Code    34  main.o(i.device_init)
    disk_initialize                          0x08002c85   Thumb Code   132  diskio.o(i.disk_initialize)
    disk_ioctl                               0x08002d75   Thumb Code   138  diskio.o(i.disk_ioctl)
    disk_read                                0x08002e09   Thumb Code   128  diskio.o(i.disk_read)
    disk_status                              0x08002ea5   Thumb Code    30  diskio.o(i.disk_status)
    disk_write                               0x08002ec5   Thumb Code   102  diskio.o(i.disk_write)
    exf_getfree                              0x08002f31   Thumb Code   102  ff_user.o(i.exf_getfree)
    f_getfree                                0x08002f97   Thumb Code   254  ff.o(i.f_getfree)
    f_mkfs                                   0x08003095   Thumb Code  1726  ff.o(i.f_mkfs)
    f_mount                                  0x08003789   Thumb Code    80  ff.o(i.f_mount)
    fatfs_test                               0x080037dd   Thumb Code   208  ff_user.o(i.fatfs_test)
    fgetc                                    0x08003991   Thumb Code    10  usart.o(i.fgetc)
    fputc                                    0x08003a13   Thumb Code    16  usart.o(i.fputc)
    get_fattime                              0x08003b55   Thumb Code    64  rtc.o(i.get_fattime)
    getc                                     0x08003c51   Thumb Code     4  getc.o(i.getc)
    led_conf                                 0x08003c79   Thumb Code   120  led.o(i.led_conf)
    led_off                                  0x08003d05   Thumb Code     8  led.o(i.led_off)
    led_on                                   0x08003d0d   Thumb Code     8  led.o(i.led_on)
    main                                     0x08003d15   Thumb Code    64  main.o(i.main)
    my_getc                                  0x080040d9   Thumb Code    22  usart.o(i.my_getc)
    my_putc                                  0x080040f5   Thumb Code    20  usart.o(i.my_putc)
    nvic_conf                                0x0800410d   Thumb Code    30  nvic_conf.o(i.nvic_conf)
    rtc_obtain_time                          0x08004131   Thumb Code    22  rtc.o(i.rtc_obtain_time)
    sd_sdio_init                             0x08004149   Thumb Code    24  sd_sdio_conf.o(i.sd_sdio_init)
    spi_conf                                 0x080041a1   Thumb Code   448  spi_conf.o(i.spi_conf)
    ticks_decrease                           0x080043ed   Thumb Code    18  systick.o(i.ticks_decrease)
    usart_conf                               0x08004405   Thumb Code   126  usart.o(i.usart_conf)
    w25qxx_JEDECID                           0x080044d1   Thumb Code   242  w25qxx.o(i.w25qxx_JEDECID)
    w25qxx_erase_sector                      0x0800462d   Thumb Code    90  w25qxx.o(i.w25qxx_erase_sector)
    w25qxx_gpio                              0x08004699   Thumb Code   212  w25qxx.o(i.w25qxx_gpio)
    w25qxx_init                              0x08004779   Thumb Code    28  w25qxx.o(i.w25qxx_init)
    w25qxx_powerUp                           0x08004799   Thumb Code    98  w25qxx.o(i.w25qxx_powerUp)
    w25qxx_read_page                         0x08004831   Thumb Code   136  w25qxx.o(i.w25qxx_read_page)
    w25qxx_read_sector                       0x080048d1   Thumb Code    20  w25qxx.o(i.w25qxx_read_sector)
    w25qxx_wait_busy                         0x08004915   Thumb Code    72  w25qxx.o(i.w25qxx_wait_busy)
    w25qxx_writ_page                         0x080049d9   Thumb Code   142  w25qxx.o(i.w25qxx_writ_page)
    w25qxx_writ_sector                       0x08004a85   Thumb Code    28  w25qxx.o(i.w25qxx_writ_sector)
    Region$$Table$$Base                      0x08004b28   Number         0  anon$$obj.o(Region$$Table)
    Region$$Table$$Limit                     0x08004b48   Number         0  anon$$obj.o(Region$$Table)
    SystemCoreClock                          0x20000000   Data           4  system_stm32f4xx.o(.data)
    AHBPrescTable                            0x20000004   Data          16  system_stm32f4xx.o(.data)
    urp                                      0x20000024   Data           2  isr_funcs.o(.data)
    StopCondition                            0x20000034   Data           4  sd_sdio.o(.data)
    TransferError                            0x20000038   Data           1  sd_sdio.o(.data)
    TransferEnd                              0x2000003c   Data           4  sd_sdio.o(.data)
    DMAEndOfTransfer                         0x20000040   Data           4  sd_sdio.o(.data)
    conf_flag                                0x20000044   Data           1  sd_sdio_conf.o(.data)
    spix_gpio                                0x20000048   Data           8  spi_conf.o(.data)
    w25qxx                                   0x2000005c   Data          28  w25qxx.o(.data)
    test_fr                                  0x2000007b   Data           5  ff_user.o(.data)
    __stdin                                  0x20000084   Data           4  stdin.o(.data)
    __stdout                                 0x20000088   Data           4  stdout.o(.data)
    usart_rx_buf                             0x2000008c   Data         256  isr_funcs.o(.bss)
    SDCardInfo                               0x200001c0   Data          88  sd_sdio.o(.bss)
    SDIO_InitStructure                       0x20000218   Data          24  sd_sdio.o(.bss)
    SDIO_CmdInitStructure                    0x20000230   Data          20  sd_sdio.o(.bss)
    SDIO_DataInitStructure                   0x20000244   Data          24  sd_sdio.o(.bss)
    spi_s                                    0x2000025c   Data          18  spi_conf.o(.bss)
    card_info                                0x20000270   Data          88  diskio.o(.bss)
    pathBuf                                  0x200002d8   Data         512  ff_user.o(.bss)
    test_fs                                  0x200004d8   Data       20780  ff_user.o(.bss)
    ws                                       0x20005604   Data        4096  ff_user.o(.bss)
    __initial_sp                             0x20006b20   Data           0  startup_stm32f40_41xxx.o(STACK)



==============================================================================

Memory Map of the image

  Image Entry point : 0x08000189

  Load Region LR_IROM1 (Base: 0x08000000, Size: 0x00004bd4, Max: 0x00100000, ABSOLUTE)

    Execution Region ER_IROM1 (Exec base: 0x08000000, Load base: 0x08000000, Size: 0x00004b48, Max: 0x00100000, ABSOLUTE)

    Exec Addr    Load Addr    Size         Type   Attr      Idx    E Section Name        Object

    0x08000000   0x08000000   0x00000188   Data   RO          264    RESET               startup_stm32f40_41xxx.o
    0x08000188   0x08000188   0x00000000   Code   RO         6619  * .ARM.Collect$$$$00000000  mc_w.l(entry.o)
    0x08000188   0x08000188   0x00000004   Code   RO         6899    .ARM.Collect$$$$00000001  mc_w.l(entry2.o)
    0x0800018c   0x0800018c   0x00000004   Code   RO         6902    .ARM.Collect$$$$00000004  mc_w.l(entry5.o)
    0x08000190   0x08000190   0x00000000   Code   RO         6904    .ARM.Collect$$$$00000008  mc_w.l(entry7b.o)
    0x08000190   0x08000190   0x00000000   Code   RO         6906    .ARM.Collect$$$$0000000A  mc_w.l(entry8b.o)
    0x08000190   0x08000190   0x00000008   Code   RO         6907    .ARM.Collect$$$$0000000B  mc_w.l(entry9a.o)
    0x08000198   0x08000198   0x00000000   Code   RO         6909    .ARM.Collect$$$$0000000D  mc_w.l(entry10a.o)
    0x08000198   0x08000198   0x00000000   Code   RO         6911    .ARM.Collect$$$$0000000F  mc_w.l(entry11a.o)
    0x08000198   0x08000198   0x00000004   Code   RO         6900    .ARM.Collect$$$$00002712  mc_w.l(entry2.o)
    0x0800019c   0x0800019c   0x00000024   Code   RO          265    .text               startup_stm32f40_41xxx.o
    0x080001c0   0x080001c0   0x00000062   Code   RO         6628    .text               mc_w.l(uldiv.o)
    0x08000222   0x08000222   0x00000024   Code   RO         6630    .text               mc_w.l(memseta.o)
    0x08000246   0x08000246   0x00000018   Code   RO         6632    .text               mc_w.l(strcat.o)
    0x0800025e   0x0800025e   0x0000001e   Code   RO         6915    .text               mc_w.l(llshl.o)
    0x0800027c   0x0800027c   0x00000020   Code   RO         6917    .text               mc_w.l(llushr.o)
    0x0800029c   0x0800029c   0x00000024   Code   RO         6930    .text               mc_w.l(init.o)
    0x080002c0   0x080002c0   0x00000004   Code   RO            4    i.BusFault_Handler  stm32f4xx_it.o
    0x080002c4   0x080002c4   0x0000002c   Code   RO         5424    i.CmdError          sd_sdio.o
    0x080002f0   0x080002f0   0x00000134   Code   RO         5425    i.CmdResp1Error     sd_sdio.o
    0x08000424   0x08000424   0x0000004c   Code   RO         5426    i.CmdResp2Error     sd_sdio.o
    0x08000470   0x08000470   0x00000038   Code   RO         5427    i.CmdResp3Error     sd_sdio.o
    0x080004a8   0x080004a8   0x0000009c   Code   RO         5428    i.CmdResp6Error     sd_sdio.o
    0x08000544   0x08000544   0x0000004c   Code   RO         5429    i.CmdResp7Error     sd_sdio.o
    0x08000590   0x08000590   0x00000008   Code   RO         5290    i.DMA2_Stream3_IRQHandler  isr_funcs.o
    0x08000598   0x08000598   0x00000028   Code   RO         5291    i.DMA2_Stream7_IRQHandler  isr_funcs.o
    0x080005c0   0x080005c0   0x00000034   Code   RO         1409    i.DMA_ClearFlag     stm32f4xx_dma.o
    0x080005f4   0x080005f4   0x00000034   Code   RO         1410    i.DMA_ClearITPendingBit  stm32f4xx_dma.o
    0x08000628   0x08000628   0x00000016   Code   RO         1411    i.DMA_Cmd           stm32f4xx_dma.o
    0x0800063e   0x0800063e   0x00000002   PAD
    0x08000640   0x08000640   0x00000158   Code   RO         1412    i.DMA_DeInit        stm32f4xx_dma.o
    0x08000798   0x08000798   0x00000016   Code   RO         1415    i.DMA_FlowControllerConfig  stm32f4xx_dma.o
    0x080007ae   0x080007ae   0x00000002   PAD
    0x080007b0   0x080007b0   0x00000064   Code   RO         1421    i.DMA_GetITStatus   stm32f4xx_dma.o
    0x08000814   0x08000814   0x0000003a   Code   RO         1422    i.DMA_ITConfig      stm32f4xx_dma.o
    0x0800084e   0x0800084e   0x00000002   PAD
    0x08000850   0x08000850   0x00000058   Code   RO         1423    i.DMA_Init          stm32f4xx_dma.o
    0x080008a8   0x080008a8   0x00000002   Code   RO            5    i.DebugMon_Handler  stm32f4xx_it.o
    0x080008aa   0x080008aa   0x00000002   PAD
    0x080008ac   0x080008ac   0x00000194   Code   RO         5430    i.FindSCR           sd_sdio.o
    0x08000a40   0x08000a40   0x00000090   Code   RO         2076    i.GPIO_Init         stm32f4xx_gpio.o
    0x08000ad0   0x08000ad0   0x00000046   Code   RO         2077    i.GPIO_PinAFConfig  stm32f4xx_gpio.o
    0x08000b16   0x08000b16   0x00000012   Code   RO         2080    i.GPIO_ReadInputDataBit  stm32f4xx_gpio.o
    0x08000b28   0x08000b28   0x00000004   Code   RO            6    i.HardFault_Handler  stm32f4xx_it.o
    0x08000b2c   0x08000b2c   0x00000004   Code   RO            7    i.MemManage_Handler  stm32f4xx_it.o
    0x08000b30   0x08000b30   0x00000002   Code   RO            8    i.NMI_Handler       stm32f4xx_it.o
    0x08000b32   0x08000b32   0x00000002   PAD
    0x08000b34   0x08000b34   0x00000078   Code   RO          336    i.NVIC_Init         misc.o
    0x08000bac   0x08000bac   0x00000014   Code   RO          337    i.NVIC_PriorityGroupConfig  misc.o
    0x08000bc0   0x08000bc0   0x00000002   Code   RO            9    i.PendSV_Handler    stm32f4xx_it.o
    0x08000bc2   0x08000bc2   0x00000002   PAD
    0x08000bc4   0x08000bc4   0x00000020   Code   RO         3002    i.RCC_AHB1PeriphClockCmd  stm32f4xx_rcc.o
    0x08000be4   0x08000be4   0x00000020   Code   RO         3011    i.RCC_APB1PeriphClockCmd  stm32f4xx_rcc.o
    0x08000c04   0x08000c04   0x00000020   Code   RO         3014    i.RCC_APB2PeriphClockCmd  stm32f4xx_rcc.o
    0x08000c24   0x08000c24   0x00000020   Code   RO         3016    i.RCC_APB2PeriphResetCmd  stm32f4xx_rcc.o
    0x08000c44   0x08000c44   0x000000e8   Code   RO         3023    i.RCC_GetClocksFreq  stm32f4xx_rcc.o
    0x08000d2c   0x08000d2c   0x00000016   Code   RO         3409    i.RTC_Bcd2ToByte    stm32f4xx_rtc.o
    0x08000d42   0x08000d42   0x00000002   PAD
    0x08000d44   0x08000d44   0x0000004c   Code   RO         3425    i.RTC_GetDate       stm32f4xx_rtc.o
    0x08000d90   0x08000d90   0x00000050   Code   RO         3430    i.RTC_GetTime       stm32f4xx_rtc.o
    0x08000de0   0x08000de0   0x0000011c   Code   RO         5432    i.SDEnWideBus       sd_sdio.o
    0x08000efc   0x08000efc   0x0000000c   Code   RO         3936    i.SDIO_ClearFlag    stm32f4xx_sdio.o
    0x08000f08   0x08000f08   0x0000000c   Code   RO         3937    i.SDIO_ClearITPendingBit  stm32f4xx_sdio.o
    0x08000f14   0x08000f14   0x0000000c   Code   RO         3938    i.SDIO_ClockCmd     stm32f4xx_sdio.o
    0x08000f20   0x08000f20   0x0000000c   Code   RO         3941    i.SDIO_DMACmd       stm32f4xx_sdio.o
    0x08000f2c   0x08000f2c   0x00000034   Code   RO         3942    i.SDIO_DataConfig   stm32f4xx_sdio.o
    0x08000f60   0x08000f60   0x00000016   Code   RO         3944    i.SDIO_DeInit       stm32f4xx_sdio.o
    0x08000f76   0x08000f76   0x00000002   PAD
    0x08000f78   0x08000f78   0x0000000c   Code   RO         3945    i.SDIO_GetCommandResponse  stm32f4xx_sdio.o
    0x08000f84   0x08000f84   0x00000018   Code   RO         3948    i.SDIO_GetFlagStatus  stm32f4xx_sdio.o
    0x08000f9c   0x08000f9c   0x00000018   Code   RO         3949    i.SDIO_GetITStatus  stm32f4xx_sdio.o
    0x08000fb4   0x08000fb4   0x00000010   Code   RO         3950    i.SDIO_GetPowerState  stm32f4xx_sdio.o
    0x08000fc4   0x08000fc4   0x00000018   Code   RO         3951    i.SDIO_GetResponse  stm32f4xx_sdio.o
    0x08000fdc   0x08000fdc   0x00000008   Code   RO         5292    i.SDIO_IRQHandler   isr_funcs.o
    0x08000fe4   0x08000fe4   0x00000020   Code   RO         3952    i.SDIO_ITConfig     stm32f4xx_sdio.o
    0x08001004   0x08001004   0x00000030   Code   RO         3953    i.SDIO_Init         stm32f4xx_sdio.o
    0x08001034   0x08001034   0x0000000c   Code   RO         3954    i.SDIO_ReadData     stm32f4xx_sdio.o
    0x08001040   0x08001040   0x0000002c   Code   RO         3956    i.SDIO_SendCommand  stm32f4xx_sdio.o
    0x0800106c   0x0800106c   0x0000000c   Code   RO         3958    i.SDIO_SetPowerState  stm32f4xx_sdio.o
    0x08001078   0x08001078   0x00000020   Code   RO         5434    i.SD_Detect         sd_sdio.o
    0x08001098   0x08001098   0x00000090   Code   RO         5435    i.SD_EnableWideBusOperation  sd_sdio.o
    0x08001128   0x08001128   0x0000031c   Code   RO         5437    i.SD_GetCardInfo    sd_sdio.o
    0x08001444   0x08001444   0x00000026   Code   RO         5439    i.SD_GetState       sd_sdio.o
    0x0800146a   0x0800146a   0x0000001e   Code   RO         5440    i.SD_GetStatus      sd_sdio.o
    0x08001488   0x08001488   0x000001bc   Code   RO         5442    i.SD_HighSpeed      sd_sdio.o
    0x08001644   0x08001644   0x00000088   Code   RO         5443    i.SD_Init           sd_sdio.o
    0x080016cc   0x080016cc   0x0000013c   Code   RO         5444    i.SD_InitializeCards  sd_sdio.o
    0x08001808   0x08001808   0x0000008c   Code   RO         5702    i.SD_LowLevel_DMA_RxConfig  stm324xg_eval.o
    0x08001894   0x08001894   0x00000090   Code   RO         5703    i.SD_LowLevel_DMA_TxConfig  stm324xg_eval.o
    0x08001924   0x08001924   0x000000c4   Code   RO         5705    i.SD_LowLevel_Init  stm324xg_eval.o
    0x080019e8   0x080019e8   0x000001a0   Code   RO         5446    i.SD_PowerON        sd_sdio.o
    0x08001b88   0x08001b88   0x00000028   Code   RO         5447    i.SD_ProcessDMAIRQ  sd_sdio.o
    0x08001bb0   0x08001bb0   0x000000ac   Code   RO         5448    i.SD_ProcessIRQSrc  sd_sdio.o
    0x08001c5c   0x08001c5c   0x000000f8   Code   RO         5450    i.SD_ReadMultiBlocks  sd_sdio.o
    0x08001d54   0x08001d54   0x00000038   Code   RO         5451    i.SD_SelectDeselect  sd_sdio.o
    0x08001d8c   0x08001d8c   0x00000054   Code   RO         5453    i.SD_SendStatus     sd_sdio.o
    0x08001de0   0x08001de0   0x00000034   Code   RO         5454    i.SD_StopTransfer   sd_sdio.o
    0x08001e14   0x08001e14   0x00000080   Code   RO         5455    i.SD_WaitReadOperation  sd_sdio.o
    0x08001e94   0x08001e94   0x00000080   Code   RO         5456    i.SD_WaitWriteOperation  sd_sdio.o
    0x08001f14   0x08001f14   0x00000158   Code   RO         5458    i.SD_WriteMultiBlocks  sd_sdio.o
    0x0800206c   0x0800206c   0x00000018   Code   RO         4160    i.SPI_Cmd           stm32f4xx_spi.o
    0x08002084   0x08002084   0x0000003c   Code   RO         4173    i.SPI_Init          stm32f4xx_spi.o
    0x080020c0   0x080020c0   0x00000002   Code   RO           10    i.SVC_Handler       stm32f4xx_it.o
    0x080020c2   0x080020c2   0x00000002   PAD
    0x080020c4   0x080020c4   0x000000ec   Code   RO          224    i.SetSysClock       system_stm32f4xx.o
    0x080021b0   0x080021b0   0x00000008   Code   RO           11    i.SysTick_Handler   stm32f4xx_it.o
    0x080021b8   0x080021b8   0x00000068   Code   RO          226    i.SystemInit        system_stm32f4xx.o
    0x08002220   0x08002220   0x00000020   Code   RO         5293    i.TIM4_IRQHandler   isr_funcs.o
    0x08002240   0x08002240   0x00000006   Code   RO         4393    i.TIM_ClearITPendingBit  stm32f4xx_tim.o
    0x08002246   0x08002246   0x00000018   Code   RO         4398    i.TIM_Cmd           stm32f4xx_tim.o
    0x0800225e   0x0800225e   0x00000022   Code   RO         4419    i.TIM_GetITStatus   stm32f4xx_tim.o
    0x08002280   0x08002280   0x00000012   Code   RO         4423    i.TIM_ITConfig      stm32f4xx_tim.o
    0x08002292   0x08002292   0x00000002   PAD
    0x08002294   0x08002294   0x00000084   Code   RO         4470    i.TIM_TimeBaseInit  stm32f4xx_tim.o
    0x08002318   0x08002318   0x00000048   Code   RO         5294    i.USART1_IRQHandler  isr_funcs.o
    0x08002360   0x08002360   0x0000001e   Code   RO         4949    i.USART_ClearITPendingBit  stm32f4xx_usart.o
    0x0800237e   0x0800237e   0x00000018   Code   RO         4952    i.USART_Cmd         stm32f4xx_usart.o
    0x08002396   0x08002396   0x00000012   Code   RO         4953    i.USART_DMACmd      stm32f4xx_usart.o
    0x080023a8   0x080023a8   0x00000054   Code   RO         4956    i.USART_GetITStatus  stm32f4xx_usart.o
    0x080023fc   0x080023fc   0x0000004a   Code   RO         4958    i.USART_ITConfig    stm32f4xx_usart.o
    0x08002446   0x08002446   0x00000002   PAD
    0x08002448   0x08002448   0x000000d4   Code   RO         4959    i.USART_Init        stm32f4xx_usart.o
    0x0800251c   0x0800251c   0x00000004   Code   RO           12    i.UsageFault_Handler  stm32f4xx_it.o
    0x08002520   0x08002520   0x00000020   Code   RO         6845    i.__0printf$8       mc_w.l(printf8.o)
    0x08002540   0x08002540   0x0000000e   Code   RO         6938    i.__scatterload_copy  mc_w.l(handlers.o)
    0x0800254e   0x0800254e   0x00000002   Code   RO         6939    i.__scatterload_null  mc_w.l(handlers.o)
    0x08002550   0x08002550   0x0000000e   Code   RO         6940    i.__scatterload_zeroinit  mc_w.l(handlers.o)
    0x0800255e   0x0800255e   0x00000002   PAD
    0x08002560   0x08002560   0x00000410   Code   RO         6852    i._printf_core      mc_w.l(printf8.o)
    0x08002970   0x08002970   0x00000024   Code   RO         6853    i._printf_post_padding  mc_w.l(printf8.o)
    0x08002994   0x08002994   0x0000002e   Code   RO         6854    i._printf_pre_padding  mc_w.l(printf8.o)
    0x080029c2   0x080029c2   0x00000002   PAD
    0x080029c4   0x080029c4   0x00000080   Code   RO         6097    i.check_fs          ff.o
    0x08002a44   0x08002a44   0x0000015c   Code   RO         6104    i.create_partition  ff.o
    0x08002ba0   0x08002ba0   0x0000006c   Code   RO         5837    i.delay_init        systick.o
    0x08002c0c   0x08002c0c   0x00000018   Code   RO         5838    i.delay_ms          systick.o
    0x08002c24   0x08002c24   0x0000002c   Code   RO         5839    i.delay_us          systick.o
    0x08002c50   0x08002c50   0x00000034   Code   RO          272    i.device_init       main.o
    0x08002c84   0x08002c84   0x000000f0   Code   RO         6042    i.disk_initialize   diskio.o
    0x08002d74   0x08002d74   0x00000094   Code   RO         6043    i.disk_ioctl        diskio.o
    0x08002e08   0x08002e08   0x0000009c   Code   RO         6044    i.disk_read         diskio.o
    0x08002ea4   0x08002ea4   0x0000001e   Code   RO         6045    i.disk_status       diskio.o
    0x08002ec2   0x08002ec2   0x00000002   PAD
    0x08002ec4   0x08002ec4   0x0000006c   Code   RO         6046    i.disk_write        diskio.o
    0x08002f30   0x08002f30   0x00000066   Code   RO         6520    i.exf_getfree       ff_user.o
    0x08002f96   0x08002f96   0x000000fe   Code   RO         6119    i.f_getfree         ff.o
    0x08003094   0x08003094   0x000006f4   Code   RO         6124    i.f_mkfs            ff.o
    0x08003788   0x08003788   0x00000054   Code   RO         6125    i.f_mount           ff.o
    0x080037dc   0x080037dc   0x000001b4   Code   RO         6521    i.fatfs_test        ff_user.o
    0x08003990   0x08003990   0x0000000a   Code   RO         5881    i.fgetc             usart.o
    0x0800399a   0x0800399a   0x00000078   Code   RO         6140    i.find_volume       ff.o
    0x08003a12   0x08003a12   0x00000010   Code   RO         5882    i.fputc             usart.o
    0x08003a22   0x08003a22   0x00000132   Code   RO         6143    i.get_fat           ff.o
    0x08003b54   0x08003b54   0x00000040   Code   RO         5370    i.get_fattime       rtc.o
    0x08003b94   0x08003b94   0x000000bc   Code   RO         6145    i.get_ldnumber      ff.o
    0x08003c50   0x08003c50   0x00000004   Code   RO         6622    i.getc              mc_w.l(getc.o)
    0x08003c54   0x08003c54   0x00000018   Code   RO         6147    i.ld_dword          ff.o
    0x08003c6c   0x08003c6c   0x0000000c   Code   RO         6148    i.ld_word           ff.o
    0x08003c78   0x08003c78   0x0000008c   Code   RO         5254    i.led_conf          led.o
    0x08003d04   0x08003d04   0x00000008   Code   RO         5255    i.led_off           led.o
    0x08003d0c   0x08003d0c   0x00000008   Code   RO         5256    i.led_on            led.o
    0x08003d14   0x08003d14   0x00000044   Code   RO          273    i.main              main.o
    0x08003d58   0x08003d58   0x00000024   Code   RO         6149    i.mem_cmp           ff.o
    0x08003d7c   0x08003d7c   0x0000001a   Code   RO         6150    i.mem_cpy           ff.o
    0x08003d96   0x08003d96   0x00000012   Code   RO         6151    i.mem_set           ff.o
    0x08003da8   0x08003da8   0x000002fc   Code   RO         6152    i.mount_volume      ff.o
    0x080040a4   0x080040a4   0x00000034   Code   RO         6153    i.move_window       ff.o
    0x080040d8   0x080040d8   0x0000001c   Code   RO         5883    i.my_getc           usart.o
    0x080040f4   0x080040f4   0x00000018   Code   RO         5884    i.my_putc           usart.o
    0x0800410c   0x0800410c   0x00000024   Code   RO         5345    i.nvic_conf         nvic_conf.o
    0x08004130   0x08004130   0x00000016   Code   RO         5375    i.rtc_obtain_time   rtc.o
    0x08004146   0x08004146   0x00000002   PAD
    0x08004148   0x08004148   0x0000001c   Code   RO         5656    i.sd_sdio_init      sd_sdio_conf.o
    0x08004164   0x08004164   0x0000003a   Code   RO         5657    i.sdio_nvic_configuration  sd_sdio_conf.o
    0x0800419e   0x0800419e   0x00000002   PAD
    0x080041a0   0x080041a0   0x000001dc   Code   RO         5809    i.spi_conf          spi_conf.o
    0x0800437c   0x0800437c   0x00000018   Code   RO         6163    i.st_dword          ff.o
    0x08004394   0x08004394   0x0000000c   Code   RO         6164    i.st_word           ff.o
    0x080043a0   0x080043a0   0x0000004a   Code   RO         6167    i.sync_window       ff.o
    0x080043ea   0x080043ea   0x00000002   PAD
    0x080043ec   0x080043ec   0x00000018   Code   RO         5840    i.ticks_decrease    systick.o
    0x08004404   0x08004404   0x00000084   Code   RO         5885    i.usart_conf        usart.o
    0x08004488   0x08004488   0x00000048   Code   RO         5887    i.usart_gpio        usart.o
    0x080044d0   0x080044d0   0x0000015c   Code   RO         5940    i.w25qxx_JEDECID    w25qxx.o
    0x0800462c   0x0800462c   0x0000006c   Code   RO         5942    i.w25qxx_erase_sector  w25qxx.o
    0x08004698   0x08004698   0x000000e0   Code   RO         5943    i.w25qxx_gpio       w25qxx.o
    0x08004778   0x08004778   0x00000020   Code   RO         5944    i.w25qxx_init       w25qxx.o
    0x08004798   0x08004798   0x00000098   Code   RO         5945    i.w25qxx_powerUp    w25qxx.o
    0x08004830   0x08004830   0x000000a0   Code   RO         5946    i.w25qxx_read_page  w25qxx.o
    0x080048d0   0x080048d0   0x00000014   Code   RO         5947    i.w25qxx_read_sector  w25qxx.o
    0x080048e4   0x080048e4   0x00000030   Code   RO         5948    i.w25qxx_trans_byte  w25qxx.o
    0x08004914   0x08004914   0x0000004c   Code   RO         5949    i.w25qxx_wait_busy  w25qxx.o
    0x08004960   0x08004960   0x0000003c   Code   RO         5950    i.w25qxx_writ_disable  w25qxx.o
    0x0800499c   0x0800499c   0x0000003c   Code   RO         5951    i.w25qxx_writ_enable  w25qxx.o
    0x080049d8   0x080049d8   0x000000ac   Code   RO         5952    i.w25qxx_writ_page  w25qxx.o
    0x08004a84   0x08004a84   0x0000001c   Code   RO         5953    i.w25qxx_writ_sector  w25qxx.o
    0x08004aa0   0x08004aa0   0x00000068   Data   RO         6171    .constdata          ff.o
    0x08004b08   0x08004b08   0x00000020   Data   RO         6172    .conststring        ff.o
    0x08004b28   0x08004b28   0x00000020   Data   RO         6936    Region$$Table       anon$$obj.o


    Execution Region RW_IRAM2 (Exec base: 0x10000000, Load base: 0x08004bd4, Size: 0x00000000, Max: 0x00010000, ABSOLUTE)

    **** No section assigned to this execution region ****


    Execution Region RW_IRAM1 (Exec base: 0x20000000, Load base: 0x08004b48, Size: 0x00006b20, Max: 0x00020000, ABSOLUTE)

    Exec Addr    Load Addr    Size         Type   Attr      Idx    E Section Name        Object

    0x20000000   0x08004b48   0x00000014   Data   RW          227    .data               system_stm32f4xx.o
    0x20000014   0x08004b5c   0x00000010   Data   RW         3055    .data               stm32f4xx_rcc.o
    0x20000024   0x08004b6c   0x00000002   Data   RW         5296    .data               isr_funcs.o
    0x20000026   0x08004b6e   0x00000004   Data   RW         5346    .data               nvic_conf.o
    0x2000002a   0x08004b72   0x00000002   PAD
    0x2000002c   0x08004b74   0x00000018   Data   RW         5461    .data               sd_sdio.o
    0x20000044   0x08004b8c   0x00000001   Data   RW         5659    .data               sd_sdio_conf.o
    0x20000045   0x08004b8d   0x00000003   PAD
    0x20000048   0x08004b90   0x00000008   Data   RW         5811    .data               spi_conf.o
    0x20000050   0x08004b98   0x0000000c   Data   RW         5841    .data               systick.o
    0x2000005c   0x08004ba4   0x0000001c   Data   RW         5954    .data               w25qxx.o
    0x20000078   0x08004bc0   0x00000003   Data   RW         6173    .data               ff.o
    0x2000007b   0x08004bc3   0x00000006   Data   RW         6525    .data               ff_user.o
    0x20000081   0x08004bc9   0x00000003   PAD
    0x20000084   0x08004bcc   0x00000004   Data   RW         6626    .data               mc_w.l(stdin.o)
    0x20000088   0x08004bd0   0x00000004   Data   RW         6627    .data               mc_w.l(stdout.o)
    0x2000008c        -       0x00000100   Zero   RW         5295    .bss                isr_funcs.o
    0x2000018c   0x08004bd4   0x00000004   PAD
    0x20000190        -       0x000000cc   Zero   RW         5460    .bss                sd_sdio.o
    0x2000025c        -       0x00000012   Zero   RW         5810    .bss                spi_conf.o
    0x2000026e   0x08004bd4   0x00000002   PAD
    0x20000270        -       0x00000058   Zero   RW         6047    .bss                diskio.o
    0x200002c8        -       0x00000010   Zero   RW         6170    .bss                ff.o
    0x200002d8        -       0x00006444   Zero   RW         6524    .bss                ff_user.o
    0x2000671c   0x08004bd4   0x00000004   PAD
    0x20006720        -       0x00000400   Zero   RW          262    STACK               startup_stm32f40_41xxx.o


==============================================================================

Image component sizes


      Code (inc. data)   RO Data    RW Data    ZI Data      Debug   Object Name

       682        164          0          0         88       5359   diskio.o
      4250        136        136          3         16      33800   ff.o
       538        228          0          6      25668       3047   ff_user.o
       160         30          0          2        256       3031   isr_funcs.o
       156         20          0          0          0       1846   led.o
       120         22          0          0          0       5825   main.o
       140         24          0          0          0       1423   misc.o
        36          6          0          4          0        680   nvic_conf.o
        86          0          0          0          0       1360   rtc.o
      5008        308          0         24        204      22213   sd_sdio.o
        86          4          0          1          0       1993   sd_sdio_conf.o
       476         28          0          8         18       1509   spi_conf.o
        36          8        392          0       1024        824   startup_stm32f40_41xxx.o
       480         32          0          0          0       2669   stm324xg_eval.o
       738         72          0          0          0       6062   stm32f4xx_dma.o
       232          0          0          0          0       2267   stm32f4xx_gpio.o
        32          0          0          0          0     349182   stm32f4xx_it.o
       360         42          0         16          0       4996   stm32f4xx_rcc.o
       178         16          0          0          0       2712   stm32f4xx_rtc.o
       370         80          0          0          0       9966   stm32f4xx_sdio.o
        84          0          0          0          0       1617   stm32f4xx_spi.o
       214         28          0          0          0       3450   stm32f4xx_tim.o
       442          8          0          0          0       4703   stm32f4xx_usart.o
       340         32          0         20          0       1693   system_stm32f4xx.o
       200         42          0         12          0       2212   systick.o
       282         20          0          0          0       3421   usart.o
      1488        272          0         28          0       8764   w25qxx.o

    ----------------------------------------------------------------------
     17244       1622        560        132      27284     486624   Object Totals
         0          0         32          0          0          0   (incl. Generated)
        30          0          0          8         10          0   (incl. Padding)

    ----------------------------------------------------------------------

      Code (inc. data)   RO Data    RW Data    ZI Data      Debug   Library Member Name

         0          0          0          0          0          0   entry.o
         0          0          0          0          0          0   entry10a.o
         0          0          0          0          0          0   entry11a.o
         8          4          0          0          0          0   entry2.o
         4          0          0          0          0          0   entry5.o
         0          0          0          0          0          0   entry7b.o
         0          0          0          0          0          0   entry8b.o
         8          4          0          0          0          0   entry9a.o
         4          0          0          0          0         68   getc.o
        30          0          0          0          0          0   handlers.o
        36          8          0          0          0         68   init.o
        30          0          0          0          0         68   llshl.o
        32          0          0          0          0         68   llushr.o
        36          0          0          0          0        108   memseta.o
      1154         54          0          0          0        352   printf8.o
         0          0          0          4          0          0   stdin.o
         0          0          0          4          0          0   stdout.o
        24          0          0          0          0         68   strcat.o
        98          0          0          0          0         92   uldiv.o

    ----------------------------------------------------------------------
      1468         70          0          8          0        892   Library Totals
         4          0          0          0          0          0   (incl. Padding)

    ----------------------------------------------------------------------

      Code (inc. data)   RO Data    RW Data    ZI Data      Debug   Library Name

      1464         70          0          8          0        892   mc_w.l

    ----------------------------------------------------------------------
      1468         70          0          8          0        892   Library Totals

    ----------------------------------------------------------------------

==============================================================================


      Code (inc. data)   RO Data    RW Data    ZI Data      Debug   

     18712       1692        560        140      27284     472604   Grand Totals
     18712       1692        560        140      27284     472604   ELF Image Totals
     18712       1692        560        140          0          0   ROM Totals

==============================================================================

    Total RO  Size (Code + RO Data)                19272 (  18.82kB)
    Total RW  Size (RW Data + ZI Data)             27424 (  26.78kB)
    Total ROM Size (Code + RO Data + RW Data)      19412 (  18.96kB)

==============================================================================

