Component: ARM Compiler 5.06 update 6 (build 750) Tool: armlink [4d35ed]

==============================================================================

Section Cross References

    system_stm32f4xx.o(i.SystemCoreClockUpdate) refers to system_stm32f4xx.o(.data) for SystemCoreClock
    system_stm32f4xx.o(i.SystemInit) refers to system_stm32f4xx.o(i.SetSysClock) for SetSysClock
    startup_stm32f40_41xxx.o(RESET) refers to startup_stm32f40_41xxx.o(STACK) for __initial_sp
    startup_stm32f40_41xxx.o(RESET) refers to startup_stm32f40_41xxx.o(.text) for Reset_Handler
    startup_stm32f40_41xxx.o(RESET) refers to stm32f4xx_it.o(i.NMI_Handler) for NMI_Handler
    startup_stm32f40_41xxx.o(RESET) refers to context_rvds.o(.text) for HardFault_Handler
    startup_stm32f40_41xxx.o(RESET) refers to stm32f4xx_it.o(i.MemManage_Handler) for MemManage_Handler
    startup_stm32f40_41xxx.o(RESET) refers to stm32f4xx_it.o(i.BusFault_Handler) for BusFault_Handler
    startup_stm32f40_41xxx.o(RESET) refers to stm32f4xx_it.o(i.UsageFault_Handler) for UsageFault_Handler
    startup_stm32f40_41xxx.o(RESET) refers to stm32f4xx_it.o(i.SVC_Handler) for SVC_Handler
    startup_stm32f40_41xxx.o(RESET) refers to stm32f4xx_it.o(i.DebugMon_Handler) for DebugMon_Handler
    startup_stm32f40_41xxx.o(RESET) refers to board.o(i.SysTick_Handler) for SysTick_Handler
    startup_stm32f40_41xxx.o(RESET) refers to isr_funcs.o(i.TIM4_IRQHandler) for TIM4_IRQHandler
    startup_stm32f40_41xxx.o(RESET) refers to isr_funcs.o(i.USART1_IRQHandler) for USART1_IRQHandler
    startup_stm32f40_41xxx.o(RESET) refers to isr_funcs.o(i.SDIO_IRQHandler) for SDIO_IRQHandler
    startup_stm32f40_41xxx.o(RESET) refers to isr_funcs.o(i.DMA2_Stream3_IRQHandler) for DMA2_Stream3_IRQHandler
    startup_stm32f40_41xxx.o(RESET) refers to isr_funcs.o(i.DMA2_Stream7_IRQHandler) for DMA2_Stream7_IRQHandler
    startup_stm32f40_41xxx.o(.text) refers to system_stm32f4xx.o(i.SystemInit) for SystemInit
    startup_stm32f40_41xxx.o(.text) refers to entry.o(.ARM.Collect$$$$00000000) for __main
    main.o(i.device_init) refers to w25qxx.o(i.w25qxx_init) for w25qxx_init
    main.o(i.device_init) refers to ff_user.o(i.fatfs_test) for fatfs_test
    main.o(i.led_blink_thread) refers to led.o(i.led_on) for led_on
    main.o(i.led_blink_thread) refers to thread.o(i.rt_thread_mdelay) for rt_thread_mdelay
    main.o(i.led_blink_thread) refers to led.o(i.led_off) for led_off
    main.o(i.main) refers to screen_conf.o(i.scr_get_opr_handler) for scr_get_opr_handler
    main.o(i.main) refers to led.o(i.led_conf) for led_conf
    main.o(i.main) refers to led.o(i.led_on) for led_on
    main.o(i.main) refers to thread.o(i.rt_thread_create) for rt_thread_create
    main.o(i.main) refers to thread.o(i.rt_thread_startup) for rt_thread_startup
    main.o(i.main) refers to thread.o(i.rt_thread_mdelay) for rt_thread_mdelay
    main.o(i.main) refers to main.o(i.led_blink_thread) for led_blink_thread
    main.o(i.main) refers to main.o(.data) for led_blink_t
    main.o(.data) refers to main.o(.bss) for threadx
    stm32f4xx_adc.o(i.ADC_DeInit) refers to stm32f4xx_rcc.o(i.RCC_APB2PeriphResetCmd) for RCC_APB2PeriphResetCmd
    stm32f4xx_can.o(i.CAN_DeInit) refers to stm32f4xx_rcc.o(i.RCC_APB1PeriphResetCmd) for RCC_APB1PeriphResetCmd
    stm32f4xx_can.o(i.CAN_GetITStatus) refers to stm32f4xx_can.o(i.CheckITStatus) for CheckITStatus
    stm32f4xx_cryp.o(i.CRYP_DeInit) refers to stm32f4xx_rcc.o(i.RCC_AHB2PeriphResetCmd) for RCC_AHB2PeriphResetCmd
    stm32f4xx_cryp_aes.o(i.CRYP_AES_CBC) refers to stm32f4xx_cryp.o(i.CRYP_KeyStructInit) for CRYP_KeyStructInit
    stm32f4xx_cryp_aes.o(i.CRYP_AES_CBC) refers to stm32f4xx_cryp.o(i.CRYP_FIFOFlush) for CRYP_FIFOFlush
    stm32f4xx_cryp_aes.o(i.CRYP_AES_CBC) refers to stm32f4xx_cryp.o(i.CRYP_Init) for CRYP_Init
    stm32f4xx_cryp_aes.o(i.CRYP_AES_CBC) refers to stm32f4xx_cryp.o(i.CRYP_KeyInit) for CRYP_KeyInit
    stm32f4xx_cryp_aes.o(i.CRYP_AES_CBC) refers to stm32f4xx_cryp.o(i.CRYP_Cmd) for CRYP_Cmd
    stm32f4xx_cryp_aes.o(i.CRYP_AES_CBC) refers to stm32f4xx_cryp.o(i.CRYP_GetFlagStatus) for CRYP_GetFlagStatus
    stm32f4xx_cryp_aes.o(i.CRYP_AES_CBC) refers to stm32f4xx_cryp.o(i.CRYP_IVInit) for CRYP_IVInit
    stm32f4xx_cryp_aes.o(i.CRYP_AES_CBC) refers to stm32f4xx_cryp.o(i.CRYP_GetCmdStatus) for CRYP_GetCmdStatus
    stm32f4xx_cryp_aes.o(i.CRYP_AES_CBC) refers to stm32f4xx_cryp.o(i.CRYP_DataIn) for CRYP_DataIn
    stm32f4xx_cryp_aes.o(i.CRYP_AES_CBC) refers to stm32f4xx_cryp.o(i.CRYP_DataOut) for CRYP_DataOut
    stm32f4xx_cryp_aes.o(i.CRYP_AES_CCM) refers to stm32f4xx_cryp.o(i.CRYP_KeyStructInit) for CRYP_KeyStructInit
    stm32f4xx_cryp_aes.o(i.CRYP_AES_CCM) refers to stm32f4xx_cryp.o(i.CRYP_FIFOFlush) for CRYP_FIFOFlush
    stm32f4xx_cryp_aes.o(i.CRYP_AES_CCM) refers to stm32f4xx_cryp.o(i.CRYP_KeyInit) for CRYP_KeyInit
    stm32f4xx_cryp_aes.o(i.CRYP_AES_CCM) refers to stm32f4xx_cryp.o(i.CRYP_IVInit) for CRYP_IVInit
[...]
    EXTI9_5_IRQHandler                       0x080001b7   Thumb Code     0  startup_stm32f40_41xxx.o(.text)
    FLASH_IRQHandler                         0x080001b7   Thumb Code     0  startup_stm32f40_41xxx.o(.text)
    FPU_IRQHandler                           0x080001b7   Thumb Code     0  startup_stm32f40_41xxx.o(.text)
    FSMC_IRQHandler                          0x080001b7   Thumb Code     0  startup_stm32f40_41xxx.o(.text)
    HASH_RNG_IRQHandler                      0x080001b7   Thumb Code     0  startup_stm32f40_41xxx.o(.text)
    I2C1_ER_IRQHandler                       0x080001b7   Thumb Code     0  startup_stm32f40_41xxx.o(.text)
    I2C1_EV_IRQHandler                       0x080001b7   Thumb Code     0  startup_stm32f40_41xxx.o(.text)
    I2C2_ER_IRQHandler                       0x080001b7   Thumb Code     0  startup_stm32f40_41xxx.o(.text)
    I2C2_EV_IRQHandler                       0x080001b7   Thumb Code     0  startup_stm32f40_41xxx.o(.text)
    I2C3_ER_IRQHandler                       0x080001b7   Thumb Code     0  startup_stm32f40_41xxx.o(.text)
    I2C3_EV_IRQHandler                       0x080001b7   Thumb Code     0  startup_stm32f40_41xxx.o(.text)
    OTG_FS_IRQHandler                        0x080001b7   Thumb Code     0  startup_stm32f40_41xxx.o(.text)
    OTG_FS_WKUP_IRQHandler                   0x080001b7   Thumb Code     0  startup_stm32f40_41xxx.o(.text)
    OTG_HS_EP1_IN_IRQHandler                 0x080001b7   Thumb Code     0  startup_stm32f40_41xxx.o(.text)
    OTG_HS_EP1_OUT_IRQHandler                0x080001b7   Thumb Code     0  startup_stm32f40_41xxx.o(.text)
    OTG_HS_IRQHandler                        0x080001b7   Thumb Code     0  startup_stm32f40_41xxx.o(.text)
    OTG_HS_WKUP_IRQHandler                   0x080001b7   Thumb Code     0  startup_stm32f40_41xxx.o(.text)
    PVD_IRQHandler                           0x080001b7   Thumb Code     0  startup_stm32f40_41xxx.o(.text)
    RCC_IRQHandler                           0x080001b7   Thumb Code     0  startup_stm32f40_41xxx.o(.text)
    RTC_Alarm_IRQHandler                     0x080001b7   Thumb Code     0  startup_stm32f40_41xxx.o(.text)
    RTC_WKUP_IRQHandler                      0x080001b7   Thumb Code     0  startup_stm32f40_41xxx.o(.text)
    SPI1_IRQHandler                          0x080001b7   Thumb Code     0  startup_stm32f40_41xxx.o(.text)
    SPI2_IRQHandler                          0x080001b7   Thumb Code     0  startup_stm32f40_41xxx.o(.text)
    SPI3_IRQHandler                          0x080001b7   Thumb Code     0  startup_stm32f40_41xxx.o(.text)
    TAMP_STAMP_IRQHandler                    0x080001b7   Thumb Code     0  startup_stm32f40_41xxx.o(.text)
    TIM1_BRK_TIM9_IRQHandler                 0x080001b7   Thumb Code     0  startup_stm32f40_41xxx.o(.text)
    TIM1_CC_IRQHandler                       0x080001b7   Thumb Code     0  startup_stm32f40_41xxx.o(.text)
    TIM1_TRG_COM_TIM11_IRQHandler            0x080001b7   Thumb Code     0  startup_stm32f40_41xxx.o(.text)
    TIM1_UP_TIM10_IRQHandler                 0x080001b7   Thumb Code     0  startup_stm32f40_41xxx.o(.text)
    TIM2_IRQHandler                          0x080001b7   Thumb Code     0  startup_stm32f40_41xxx.o(.text)
    TIM3_IRQHandler                          0x080001b7   Thumb Code     0  startup_stm32f40_41xxx.o(.text)
    TIM5_IRQHandler                          0x080001b7   Thumb Code     0  startup_stm32f40_41xxx.o(.text)
    TIM6_DAC_IRQHandler                      0x080001b7   Thumb Code     0  startup_stm32f40_41xxx.o(.text)
    TIM7_IRQHandler                          0x080001b7   Thumb Code     0  startup_stm32f40_41xxx.o(.text)
    TIM8_BRK_TIM12_IRQHandler                0x080001b7   Thumb Code     0  startup_stm32f40_41xxx.o(.text)
    TIM8_CC_IRQHandler                       0x080001b7   Thumb Code     0  startup_stm32f40_41xxx.o(.text)
    TIM8_TRG_COM_TIM14_IRQHandler            0x080001b7   Thumb Code     0  startup_stm32f40_41xxx.o(.text)
    TIM8_UP_TIM13_IRQHandler                 0x080001b7   Thumb Code     0  startup_stm32f40_41xxx.o(.text)
    UART4_IRQHandler                         0x080001b7   Thumb Code     0  startup_stm32f40_41xxx.o(.text)
    UART5_IRQHandler                         0x080001b7   Thumb Code     0  startup_stm32f40_41xxx.o(.text)
    USART2_IRQHandler                        0x080001b7   Thumb Code     0  startup_stm32f40_41xxx.o(.text)
    USART3_IRQHandler                        0x080001b7   Thumb Code     0  startup_stm32f40_41xxx.o(.text)
    USART6_IRQHandler                        0x080001b7   Thumb Code     0  startup_stm32f40_41xxx.o(.text)
    WWDG_IRQHandler                          0x080001b7   Thumb Code     0  startup_stm32f40_41xxx.o(.text)
    rt_hw_interrupt_disable                  0x080001c1   Thumb Code     8  context_rvds.o(.text)
    rt_hw_interrupt_enable                   0x080001c9   Thumb Code     6  context_rvds.o(.text)
    rt_hw_context_switch                     0x080001cf   Thumb Code    32  context_rvds.o(.text)
    rt_hw_context_switch_interrupt           0x080001cf   Thumb Code     0  context_rvds.o(.text)
    PendSV_Handler                           0x080001ef   Thumb Code   108  context_rvds.o(.text)
    rt_hw_context_switch_to                  0x0800025b   Thumb Code    70  context_rvds.o(.text)
    rt_hw_interrupt_thread_switch            0x080002a1   Thumb Code     2  context_rvds.o(.text)
    HardFault_Handler                        0x080002a3   Thumb Code    56  context_rvds.o(.text)
    __aeabi_uldivmod                         0x080002f5   Thumb Code    98  uldiv.o(.text)
    __aeabi_memcpy                           0x08000357   Thumb Code    36  memcpya.o(.text)
    __aeabi_memcpy4                          0x08000357   Thumb Code     0  memcpya.o(.text)
    __aeabi_memcpy8                          0x08000357   Thumb Code     0  memcpya.o(.text)
    __aeabi_memset                           0x0800037b   Thumb Code    14  memseta.o(.text)
    __aeabi_memset4                          0x0800037b   Thumb Code     0  memseta.o(.text)
    __aeabi_memset8                          0x0800037b   Thumb Code     0  memseta.o(.text)
    __aeabi_memclr                           0x08000389   Thumb Code     4  memseta.o(.text)
    __aeabi_memclr4                          0x08000389   Thumb Code     0  memseta.o(.text)
    __aeabi_memclr8                          0x08000389   Thumb Code     0  memseta.o(.text)
    _memset$wrapper                          0x0800038d   Thumb Code    18  memseta.o(.text)
    strcat                                   0x0800039f   Thumb Code    24  strcat.o(.text)
    strncpy                                  0x080003b7   Thumb Code    24  strncpy.o(.text)
    strlen                                   0x080003cf   Thumb Code    14  strlen.o(.text)
    strcpy                                   0x080003dd   Thumb Code    18  strcpy.o(.text)
    strncmp                                  0x080003ef   Thumb Code    30  strncmp.o(.text)
    __aeabi_ddiv                             0x0800040d   Thumb Code   222  ddiv.o(.text)
    __aeabi_uidiv                            0x080004eb   Thumb Code     0  uidiv.o(.text)
    __aeabi_uidivmod                         0x080004eb   Thumb Code    44  uidiv.o(.text)
    __aeabi_llsl                             0x08000517   Thumb Code    30  llshl.o(.text)
    _ll_shift_l                              0x08000517   Thumb Code     0  llshl.o(.text)
    __aeabi_llsr                             0x08000535   Thumb Code    32  llushr.o(.text)
    _ll_ushift_r                             0x08000535   Thumb Code     0  llushr.o(.text)
    __I$use$fp                               0x08000555   Thumb Code     0  iusefp.o(.text)
    _double_round                            0x08000555   Thumb Code    30  depilogue.o(.text)
    _double_epilogue                         0x08000573   Thumb Code   156  depilogue.o(.text)
    __aeabi_dadd                             0x0800060f   Thumb Code   322  dadd.o(.text)
    __aeabi_dsub                             0x08000751   Thumb Code     6  dadd.o(.text)
    __aeabi_drsub                            0x08000757   Thumb Code     6  dadd.o(.text)
    __aeabi_dmul                             0x0800075d   Thumb Code   228  dmul.o(.text)
    __aeabi_d2ulz                            0x08000841   Thumb Code    48  dfixul.o(.text)
    __aeabi_cdrcmple                         0x08000871   Thumb Code    48  cdrcmple.o(.text)
    __scatterload                            0x080008a1   Thumb Code    28  init.o(.text)
    __scatterload_rt2                        0x080008a1   Thumb Code     0  init.o(.text)
    __aeabi_lasr                             0x080008c5   Thumb Code    36  llsshr.o(.text)
    _ll_sshift_r                             0x080008c5   Thumb Code     0  llsshr.o(.text)
    __decompress                             0x080008e9   Thumb Code     0  __dczerorl2.o(.text)
    __decompress1                            0x080008e9   Thumb Code    86  __dczerorl2.o(.text)
    main                                     0x0800093f   Thumb Code    10  components.o(i.$Sub$$main)
    BusFault_Handler                         0x08000949   Thumb Code     4  stm32f4xx_it.o(i.BusFault_Handler)
    DMA2_Stream3_IRQHandler                  0x08000c19   Thumb Code     8  isr_funcs.o(i.DMA2_Stream3_IRQHandler)
    DMA2_Stream7_IRQHandler                  0x08000c21   Thumb Code    30  isr_funcs.o(i.DMA2_Stream7_IRQHandler)
    DMA_ClearFlag                            0x08000c49   Thumb Code    38  stm32f4xx_dma.o(i.DMA_ClearFlag)
    DMA_ClearITPendingBit                    0x08000c7d   Thumb Code    38  stm32f4xx_dma.o(i.DMA_ClearITPendingBit)
    DMA_Cmd                                  0x08000cb1   Thumb Code    22  stm32f4xx_dma.o(i.DMA_Cmd)
    DMA_DeInit                               0x08000cc9   Thumb Code   324  stm32f4xx_dma.o(i.DMA_DeInit)
    DMA_FlowControllerConfig                 0x08000e21   Thumb Code    22  stm32f4xx_dma.o(i.DMA_FlowControllerConfig)
    DMA_GetITStatus                          0x08000e39   Thumb Code    82  stm32f4xx_dma.o(i.DMA_GetITStatus)
    DMA_ITConfig                             0x08000e9d   Thumb Code    58  stm32f4xx_dma.o(i.DMA_ITConfig)
    DMA_Init                                 0x08000ed9   Thumb Code    82  stm32f4xx_dma.o(i.DMA_Init)
    DebugMon_Handler                         0x08000f31   Thumb Code     2  stm32f4xx_it.o(i.DebugMon_Handler)
    GPIO_Init                                0x080010c9   Thumb Code   144  stm32f4xx_gpio.o(i.GPIO_Init)
    GPIO_PinAFConfig                         0x08001159   Thumb Code    70  stm32f4xx_gpio.o(i.GPIO_PinAFConfig)
    GPIO_ReadInputDataBit                    0x0800119f   Thumb Code    18  stm32f4xx_gpio.o(i.GPIO_ReadInputDataBit)
    MemManage_Handler                        0x080011b1   Thumb Code     4  stm32f4xx_it.o(i.MemManage_Handler)
    NMI_Handler                              0x080011b5   Thumb Code     2  stm32f4xx_it.o(i.NMI_Handler)
    NVIC_Init                                0x080011b9   Thumb Code   106  misc.o(i.NVIC_Init)
    NVIC_PriorityGroupConfig                 0x08001231   Thumb Code    10  misc.o(i.NVIC_PriorityGroupConfig)
    RCC_AHB1PeriphClockCmd                   0x08001245   Thumb Code    26  stm32f4xx_rcc.o(i.RCC_AHB1PeriphClockCmd)
    RCC_APB1PeriphClockCmd                   0x08001265   Thumb Code    26  stm32f4xx_rcc.o(i.RCC_APB1PeriphClockCmd)
    RCC_APB2PeriphClockCmd                   0x08001285   Thumb Code    26  stm32f4xx_rcc.o(i.RCC_APB2PeriphClockCmd)
    RCC_APB2PeriphResetCmd                   0x080012a5   Thumb Code    26  stm32f4xx_rcc.o(i.RCC_APB2PeriphResetCmd)
    RCC_GetClocksFreq                        0x080012c5   Thumb Code   214  stm32f4xx_rcc.o(i.RCC_GetClocksFreq)
    RTC_GetDate                              0x080013c5   Thumb Code    68  stm32f4xx_rtc.o(i.RTC_GetDate)
    RTC_GetTime                              0x08001411   Thumb Code    72  stm32f4xx_rtc.o(i.RTC_GetTime)
    SDIO_ClearFlag                           0x0800157d   Thumb Code     6  stm32f4xx_sdio.o(i.SDIO_ClearFlag)
    SDIO_ClearITPendingBit                   0x08001589   Thumb Code     6  stm32f4xx_sdio.o(i.SDIO_ClearITPendingBit)
    SDIO_ClockCmd                            0x08001595   Thumb Code     6  stm32f4xx_sdio.o(i.SDIO_ClockCmd)
    SDIO_DMACmd                              0x080015a1   Thumb Code     6  stm32f4xx_sdio.o(i.SDIO_DMACmd)
    SDIO_DataConfig                          0x080015ad   Thumb Code    46  stm32f4xx_sdio.o(i.SDIO_DataConfig)
    SDIO_DeInit                              0x080015e1   Thumb Code    22  stm32f4xx_sdio.o(i.SDIO_DeInit)
    SDIO_GetCommandResponse                  0x080015f9   Thumb Code     8  stm32f4xx_sdio.o(i.SDIO_GetCommandResponse)
    SDIO_GetFlagStatus                       0x08001605   Thumb Code    20  stm32f4xx_sdio.o(i.SDIO_GetFlagStatus)
    SDIO_GetITStatus                         0x0800161d   Thumb Code    20  stm32f4xx_sdio.o(i.SDIO_GetITStatus)
    SDIO_GetPowerState                       0x08001635   Thumb Code    10  stm32f4xx_sdio.o(i.SDIO_GetPowerState)
    SDIO_GetResponse                         0x08001645   Thumb Code    20  stm32f4xx_sdio.o(i.SDIO_GetResponse)
    SDIO_IRQHandler                          0x0800165d   Thumb Code     8  isr_funcs.o(i.SDIO_IRQHandler)
    SDIO_ITConfig                            0x08001665   Thumb Code    26  stm32f4xx_sdio.o(i.SDIO_ITConfig)
    SDIO_Init                                0x08001685   Thumb Code    42  stm32f4xx_sdio.o(i.SDIO_Init)
    SDIO_ReadData                            0x080016b5   Thumb Code     6  stm32f4xx_sdio.o(i.SDIO_ReadData)
    SDIO_SendCommand                         0x080016c1   Thumb Code    40  stm32f4xx_sdio.o(i.SDIO_SendCommand)
    SDIO_SetPowerState                       0x080016ed   Thumb Code     6  stm32f4xx_sdio.o(i.SDIO_SetPowerState)
    SD_Detect                                0x080016f9   Thumb Code    26  sd_sdio.o(i.SD_Detect)
    SD_EnableWideBusOperation                0x08001719   Thumb Code   136  sd_sdio.o(i.SD_EnableWideBusOperation)
    SD_GetCardInfo                           0x080017a9   Thumb Code   780  sd_sdio.o(i.SD_GetCardInfo)
    SD_GetState                              0x08001ac5   Thumb Code    38  sd_sdio.o(i.SD_GetState)
    SD_GetStatus                             0x08001aeb   Thumb Code    30  sd_sdio.o(i.SD_GetStatus)
    SD_HighSpeed                             0x08001b09   Thumb Code   410  sd_sdio.o(i.SD_HighSpeed)
    SD_Init                                  0x08001cc5   Thumb Code   126  sd_sdio.o(i.SD_Init)
    SD_InitializeCards                       0x08001d4d   Thumb Code   294  sd_sdio.o(i.SD_InitializeCards)
    SD_LowLevel_DMA_RxConfig                 0x08001e89   Thumb Code   132  sd_sdio.o(i.SD_LowLevel_DMA_RxConfig)
    SD_LowLevel_DMA_TxConfig                 0x08001f15   Thumb Code   134  sd_sdio.o(i.SD_LowLevel_DMA_TxConfig)
    SD_LowLevel_Init                         0x08001fa5   Thumb Code   182  sd_sdio.o(i.SD_LowLevel_Init)
    SD_PowerON                               0x08002069   Thumb Code   400  sd_sdio.o(i.SD_PowerON)
    SD_ProcessDMAIRQ                         0x08002209   Thumb Code    32  sd_sdio.o(i.SD_ProcessDMAIRQ)
    SD_ProcessIRQSrc                         0x08002231   Thumb Code   162  sd_sdio.o(i.SD_ProcessIRQSrc)
    SD_ReadMultiBlocks                       0x080022dd   Thumb Code   220  sd_sdio.o(i.SD_ReadMultiBlocks)
    SD_SelectDeselect                        0x080023d5   Thumb Code    50  sd_sdio.o(i.SD_SelectDeselect)
    SD_SendStatus                            0x0800240d   Thumb Code    74  sd_sdio.o(i.SD_SendStatus)
    SD_StopTransfer                          0x08002461   Thumb Code    46  sd_sdio.o(i.SD_StopTransfer)
    SD_WaitReadOperation                     0x08002495   Thumb Code   108  sd_sdio.o(i.SD_WaitReadOperation)
    SD_WaitWriteOperation                    0x08002515   Thumb Code   108  sd_sdio.o(i.SD_WaitWriteOperation)
    SD_WriteMultiBlocks                      0x08002595   Thumb Code   312  sd_sdio.o(i.SD_WriteMultiBlocks)
    SPI_Cmd                                  0x080026ed   Thumb Code    24  stm32f4xx_spi.o(i.SPI_Cmd)
    SPI_Init                                 0x08002705   Thumb Code    60  stm32f4xx_spi.o(i.SPI_Init)
    SVC_Handler                              0x08002741   Thumb Code     2  stm32f4xx_it.o(i.SVC_Handler)
    SysTick_Handler                          0x08002831   Thumb Code    16  board.o(i.SysTick_Handler)
    SystemCoreClockUpdate                    0x08002841   Thumb Code   170  system_stm32f4xx.o(i.SystemCoreClockUpdate)
    SystemInit                               0x08002901   Thumb Code    88  system_stm32f4xx.o(i.SystemInit)
    TIM4_IRQHandler                          0x08002969   Thumb Code    26  isr_funcs.o(i.TIM4_IRQHandler)
    TIM_ClearITPendingBit                    0x08002989   Thumb Code     6  stm32f4xx_tim.o(i.TIM_ClearITPendingBit)
    TIM_GetITStatus                          0x0800298f   Thumb Code    34  stm32f4xx_tim.o(i.TIM_GetITStatus)
    USART1_IRQHandler                        0x080029b1   Thumb Code    52  isr_funcs.o(i.USART1_IRQHandler)
    USART_ClearFlag                          0x080029ed   Thumb Code    18  stm32f4xx_usart.o(i.USART_ClearFlag)
    USART_ClearITPendingBit                  0x080029ff   Thumb Code    30  stm32f4xx_usart.o(i.USART_ClearITPendingBit)
    USART_Cmd                                0x08002a1d   Thumb Code    24  stm32f4xx_usart.o(i.USART_Cmd)
    USART_GetFlagStatus                      0x08002a35   Thumb Code    26  stm32f4xx_usart.o(i.USART_GetFlagStatus)
    USART_GetITStatus                        0x08002a4f   Thumb Code    84  stm32f4xx_usart.o(i.USART_GetITStatus)
    USART_Init                               0x08002aa5   Thumb Code   204  stm32f4xx_usart.o(i.USART_Init)
    UsageFault_Handler                       0x08002b79   Thumb Code     4  stm32f4xx_it.o(i.UsageFault_Handler)
    __0printf                                0x08002bad   Thumb Code    22  printfa.o(i.__0printf)
    __1printf                                0x08002bad   Thumb Code     0  printfa.o(i.__0printf)
    __2printf                                0x08002bad   Thumb Code     0  printfa.o(i.__0printf)
    __c89printf                              0x08002bad   Thumb Code     0  printfa.o(i.__0printf)
    printf                                   0x08002bad   Thumb Code     0  printfa.o(i.__0printf)
    __rt_ffs                                 0x08002bcd   Thumb Code    70  kservice.o(i.__rt_ffs)
    __scatterload_copy                       0x08002c19   Thumb Code    14  handlers.o(i.__scatterload_copy)
    __scatterload_null                       0x08002c27   Thumb Code     2  handlers.o(i.__scatterload_null)
    __scatterload_zeroinit                   0x08002c29   Thumb Code    14  handlers.o(i.__scatterload_zeroinit)
    cmd_free                                 0x08003855   Thumb Code    14  msh.o(i.cmd_free)
    cmd_ps                                   0x08003863   Thumb Code    14  msh.o(i.cmd_ps)
    disk_initialize                          0x080039cd   Thumb Code   142  diskio.o(i.disk_initialize)
    disk_ioctl                               0x08003ad1   Thumb Code   138  diskio.o(i.disk_ioctl)
    disk_read                                0x08003b65   Thumb Code   128  diskio.o(i.disk_read)
    disk_status                              0x08003c05   Thumb Code    30  diskio.o(i.disk_status)
    disk_write                               0x08003c25   Thumb Code   128  diskio.o(i.disk_write)
    exf_getfree                              0x08003cc5   Thumb Code   102  ff_user.o(i.exf_getfree)
    f_getfree                                0x08003d2b   Thumb Code   254  ff.o(i.f_getfree)
    f_mkfs                                   0x08003e29   Thumb Code  1726  ff.o(i.f_mkfs)
    f_mount                                  0x0800451d   Thumb Code    80  ff.o(i.f_mount)
    fatfs                                    0x08004571   Thumb Code    28  board.o(i.fatfs)
    fatfs_test                               0x080045a1   Thumb Code   208  ff_user.o(i.fatfs_test)
    fgetc                                    0x0800475d   Thumb Code    10  usart.o(i.fgetc)
    finsh_get_prompt                         0x080047e1   Thumb Code    84  shell.o(i.finsh_get_prompt)
    finsh_set_prompt_mode                    0x0800485d   Thumb Code    42  shell.o(i.finsh_set_prompt_mode)
    finsh_system_function_init               0x080048a5   Thumb Code    10  shell.o(i.finsh_system_function_init)
    finsh_system_init                        0x080048b9   Thumb Code    98  shell.o(i.finsh_system_init)
    finsh_thread_entry                       0x08004955   Thumb Code   936  shell.o(i.finsh_thread_entry)
    fputc                                    0x08004d1d   Thumb Code    26  usart.o(i.fputc)
    get_fattime                              0x08004e69   Thumb Code    64  rtc.o(i.get_fattime)
    getc                                     0x08004f65   Thumb Code     4  getc.o(i.getc)
    hello                                    0x08004fe9   Thumb Code    12  cmd.o(i.hello)
    lcd_144_clear_with                       0x08005009   Thumb Code    48  lcd_144_st7735.o(i.lcd_144_clear_with)
    lcd_144_displayOff                       0x08005039   Thumb Code    12  lcd_144_st7735.o(i.lcd_144_displayOff)
    lcd_144_displayOn                        0x08005045   Thumb Code    12  lcd_144_st7735.o(i.lcd_144_displayOn)
    lcd_144_draw_pixel                       0x08005051   Thumb Code    28  lcd_144_st7735.o(i.lcd_144_draw_pixel)
    lcd_144_hw_reset                         0x0800506d   Thumb Code    44  lcd_144_st7735.o(i.lcd_144_hw_reset)
    lcd_144_init                             0x0800509d   Thumb Code   640  lcd_144_st7735.o(i.lcd_144_init)
    lcd_144_powerDown                        0x0800531d   Thumb Code    28  lcd_144_st7735.o(i.lcd_144_powerDown)
    lcd_144_powerUp                          0x0800533d   Thumb Code    28  lcd_144_st7735.o(i.lcd_144_powerUp)
    lcd_144_send                             0x0800535d   Thumb Code    36  lcd_144_st7735.o(i.lcd_144_send)
    lcd_144_send_cmd                         0x08005395   Thumb Code    52  lcd_144_st7735.o(i.lcd_144_send_cmd)
    lcd_144_send_dat                         0x080053d1   Thumb Code    52  lcd_144_st7735.o(i.lcd_144_send_dat)
    lcd_144_send_pixel_dat                   0x0800540d   Thumb Code    18  lcd_144_st7735.o(i.lcd_144_send_pixel_dat)
    lcd_144_set_region                       0x0800541f   Thumb Code    84  lcd_144_st7735.o(i.lcd_144_set_region)
    lcd_144_trans_byte                       0x08005475   Thumb Code    46  lcd_144_st7735.o(i.lcd_144_trans_byte)
    lcd_gpio                                 0x080054a9   Thumb Code   260  lcd_144_st7735.o(i.lcd_gpio)
    led_conf                                 0x08005609   Thumb Code   120  led.o(i.led_conf)
    led_off                                  0x08005695   Thumb Code     8  led.o(i.led_off)
    led_on                                   0x0800569d   Thumb Code     8  led.o(i.led_on)
    list                                     0x080056a5   Thumb Code    52  cmd.o(i.list)
    list_event                               0x080056fd   Thumb Code   204  cmd.o(i.list_event)
    list_mailbox                             0x080058f5   Thumb Code   224  cmd.o(i.list_mailbox)
    list_mem                                 0x08005a51   Thumb Code    34  mem.o(i.list_mem)
    list_msgqueue                            0x08005ac9   Thumb Code   216  cmd.o(i.list_msgqueue)
    list_mutex                               0x08005c0d   Thumb Code   170  cmd.o(i.list_mutex)
    list_sem                                 0x08005d1d   Thumb Code   216  cmd.o(i.list_sem)
    list_thread                              0x08005e55   Thumb Code   294  cmd.o(i.list_thread)
    list_timer                               0x08006039   Thumb Code   190  cmd.o(i.list_timer)
    $Super$$main                             0x08006199   Thumb Code    94  main.o(i.main)
    main_thread_entry                        0x08006211   Thumb Code    14  components.o(i.main_thread_entry)
    msh_auto_complete                        0x08006689   Thumb Code   138  msh.o(i.msh_auto_complete)
    msh_exec                                 0x08006729   Thumb Code    82  msh.o(i.msh_exec)
    msh_help                                 0x080067f1   Thumb Code    64  msh.o(i.msh_help)
    msh_is_used                              0x08006865   Thumb Code     4  msh.o(i.msh_is_used)
    my_getc                                  0x08006959   Thumb Code    22  usart.o(i.my_getc)
    my_putc                                  0x08006975   Thumb Code    20  usart.o(i.my_putc)
    rt_application_init                      0x08006c4d   Thumb Code    46  components.o(i.rt_application_init)
    rt_assert_handler                        0x08006c9d   Thumb Code    56  kservice.o(i.rt_assert_handler)
    rt_calloc                                0x08006d11   Thumb Code    34  mem.o(i.rt_calloc)
    rt_components_board_init                 0x08006d35   Thumb Code    20  components.o(i.rt_components_board_init)
    rt_components_init                       0x08006d51   Thumb Code    20  components.o(i.rt_components_init)
    rt_enter_critical                        0x08006d6d   Thumb Code    28  scheduler.o(i.rt_enter_critical)
    rt_exit_critical                         0x08006d8d   Thumb Code    60  scheduler.o(i.rt_exit_critical)
    rt_free                                  0x08006dd1   Thumb Code   278  mem.o(i.rt_free)
    rt_heap_begin_get                        0x08006fdd   Thumb Code     4  board.o(i.rt_heap_begin_get)
    rt_heap_end_get                          0x08006fe5   Thumb Code     4  board.o(i.rt_heap_end_get)
    rt_hw_board_init                         0x08006fed   Thumb Code    58  board.o(i.rt_hw_board_init)
    rt_hw_console_getchar                    0x08007031   Thumb Code     8  board.o(i.rt_hw_console_getchar)
    rt_hw_console_output                     0x08007039   Thumb Code    52  board.o(i.rt_hw_console_output)
    rt_hw_hard_fault_exception               0x0800706d   Thumb Code   220  cpuport.o(i.rt_hw_hard_fault_exception)
    rt_hw_stack_init                         0x08007299   Thumb Code    74  cpuport.o(i.rt_hw_stack_init)
    rt_interrupt_enter                       0x080072e9   Thumb Code    46  irq.o(i.rt_interrupt_enter)
    rt_interrupt_get_nest                    0x08007321   Thumb Code     6  irq.o(i.rt_interrupt_get_nest)
    rt_interrupt_leave                       0x0800732d   Thumb Code    46  irq.o(i.rt_interrupt_leave)
    rt_kprintf                               0x080073f9   Thumb Code    44  kservice.o(i.rt_kprintf)
    rt_malloc                                0x080074dd   Thumb Code   522  mem.o(i.rt_malloc)
    rt_memmove                               0x08007799   Thumb Code    66  kservice.o(i.rt_memmove)
    rt_memset                                0x080077db   Thumb Code    72  kservice.o(i.rt_memset)
    rt_object_allocate                       0x08007825   Thumb Code   158  object.o(i.rt_object_allocate)
    rt_object_delete                         0x08007911   Thumb Code    88  object.o(i.rt_object_delete)
    rt_object_detach                         0x080079b1   Thumb Code    62  object.o(i.rt_object_detach)
    rt_object_get_information                0x08007a0d   Thumb Code    36  object.o(i.rt_object_get_information)
    rt_object_get_type                       0x08007a35   Thumb Code    26  object.o(i.rt_object_get_type)
    rt_object_init                           0x08007a69   Thumb Code   132  object.o(i.rt_object_init)
    rt_object_is_systemobject                0x08007b1d   Thumb Code    34  object.o(i.rt_object_is_systemobject)
    rt_schedule                              0x08007b59   Thumb Code   136  scheduler.o(i.rt_schedule)
    rt_schedule_insert_thread                0x08007bfd   Thumb Code    90  scheduler.o(i.rt_schedule_insert_thread)
    rt_schedule_remove_thread                0x08007c79   Thumb Code    94  scheduler.o(i.rt_schedule_remove_thread)
    rt_sem_init                              0x08007cf9   Thumb Code    66  ipc.o(i.rt_sem_init)
    rt_sem_release                           0x08007d65   Thumb Code   116  ipc.o(i.rt_sem_release)
    rt_sem_take                              0x08007df5   Thumb Code   288  ipc.o(i.rt_sem_take)
    rt_show_version                          0x08007f99   Thumb Code    38  kservice.o(i.rt_show_version)
    rt_strlen                                0x08008049   Thumb Code    18  kservice.o(i.rt_strlen)
    rt_strncpy                               0x0800805b   Thumb Code    52  kservice.o(i.rt_strncpy)
    rt_system_heap_init                      0x08008091   Thumb Code   204  mem.o(i.rt_system_heap_init)
    rt_system_scheduler_init                 0x080081e5   Thumb Code    56  scheduler.o(i.rt_system_scheduler_init)
    rt_system_scheduler_start                0x08008235   Thumb Code    36  scheduler.o(i.rt_system_scheduler_start)
    rt_system_timer_init                     0x08008265   Thumb Code    24  timer.o(i.rt_system_timer_init)
    rt_system_timer_thread_init              0x08008281   Thumb Code     2  timer.o(i.rt_system_timer_thread_init)
    rt_thread_create                         0x08008283   Thumb Code    80  thread.o(i.rt_thread_create)
    rt_thread_exit                           0x080082d5   Thumb Code    78  thread.o(i.rt_thread_exit)
    rt_thread_idle_excute                    0x08008355   Thumb Code   178  idle.o(i.rt_thread_idle_excute)
    rt_thread_idle_init                      0x0800843d   Thumb Code    38  idle.o(i.rt_thread_idle_init)
    rt_thread_init                           0x08008479   Thumb Code    74  thread.o(i.rt_thread_init)
    rt_thread_mdelay                         0x080084f5   Thumb Code    20  thread.o(i.rt_thread_mdelay)
    rt_thread_resume                         0x08008509   Thumb Code   122  thread.o(i.rt_thread_resume)
    rt_thread_self                           0x080085a5   Thumb Code     6  thread.o(i.rt_thread_self)
    rt_thread_sleep                          0x080085b1   Thumb Code    98  thread.o(i.rt_thread_sleep)
    rt_thread_startup                        0x08008635   Thumb Code   110  thread.o(i.rt_thread_startup)
    rt_thread_suspend                        0x080086f9   Thumb Code   130  thread.o(i.rt_thread_suspend)
    rt_thread_timeout                        0x0800879d   Thumb Code    92  thread.o(i.rt_thread_timeout)
    rt_thread_yield                          0x08008851   Thumb Code    92  thread.o(i.rt_thread_yield)
    rt_tick_from_millisecond                 0x080088b5   Thumb Code    56  clock.o(i.rt_tick_from_millisecond)
    rt_tick_get                              0x080088ed   Thumb Code     6  clock.o(i.rt_tick_get)
    rt_tick_increase                         0x080088f9   Thumb Code    42  clock.o(i.rt_tick_increase)
    rt_timer_check                           0x08008929   Thumb Code   166  timer.o(i.rt_timer_check)
    rt_timer_control                         0x080089dd   Thumb Code    98  timer.o(i.rt_timer_control)
    rt_timer_detach                          0x08008a95   Thumb Code    82  timer.o(i.rt_timer_detach)
    rt_timer_init                            0x08008b69   Thumb Code    58  timer.o(i.rt_timer_init)
    rt_timer_start                           0x08008bbd   Thumb Code   314  timer.o(i.rt_timer_start)
    rt_timer_stop                            0x08008d7d   Thumb Code   102  timer.o(i.rt_timer_stop)
    rt_usart_conf                            0x08008e3d   Thumb Code    62  usart.o(i.rt_usart_conf)
    rt_vsnprintf                             0x08008e7d   Thumb Code   808  kservice.o(i.rt_vsnprintf)
    rtc_obtain_time                          0x080091ad   Thumb Code    22  rtc.o(i.rtc_obtain_time)
    rtthread_startup                         0x080091d3   Thumb Code    42  components.o(i.rtthread_startup)
    scr_get_opr_handler                      0x080091fd   Thumb Code     4  screen_conf.o(i.scr_get_opr_handler)
    scr_test                                 0x08009205   Thumb Code    94  board.o(i.scr_test)
    sd_sdio_init                             0x08009265   Thumb Code    24  sd_sdio_conf.o(i.sd_sdio_init)
    test                                     0x080093d9   Thumb Code    30  board.o(i.test)
    ticks_decrease                           0x08009401   Thumb Code    18  systick.o(i.ticks_decrease)
    version                                  0x08009549   Thumb Code    10  cmd.o(i.version)
    w25qxx_JEDECID                           0x08009555   Thumb Code   242  w25qxx.o(i.w25qxx_JEDECID)
    w25qxx_erase_sector                      0x080096b1   Thumb Code    90  w25qxx.o(i.w25qxx_erase_sector)
    w25qxx_gpio                              0x0800971d   Thumb Code   212  w25qxx.o(i.w25qxx_gpio)
    w25qxx_init                              0x080097fd   Thumb Code    16  w25qxx.o(i.w25qxx_init)
    w25qxx_powerUp                           0x0800980d   Thumb Code    98  w25qxx.o(i.w25qxx_powerUp)
    w25qxx_read_page                         0x080098a5   Thumb Code   136  w25qxx.o(i.w25qxx_read_page)
    w25qxx_read_sector                       0x08009945   Thumb Code    20  w25qxx.o(i.w25qxx_read_sector)
    w25qxx_wait_busy                         0x08009989   Thumb Code    72  w25qxx.o(i.w25qxx_wait_busy)
    w25qxx_writ_page                         0x08009a4d   Thumb Code   142  w25qxx.o(i.w25qxx_writ_page)
    w25qxx_writ_sector                       0x08009af9   Thumb Code    28  w25qxx.o(i.w25qxx_writ_sector)
    __fsym_hello_name                        0x08009b7c   Data           6  cmd.o(.constdata)
    __fsym_version_name                      0x08009b82   Data           8  cmd.o(.constdata)
    __fsym___cmd_version_name                0x08009b8a   Data          14  cmd.o(.constdata)
    __fsym_list_thread_name                  0x08009b98   Data          12  cmd.o(.constdata)
    __fsym___cmd_list_thread_name            0x08009ba4   Data          18  cmd.o(.constdata)
    __fsym_list_sem_name                     0x08009bb6   Data           9  cmd.o(.constdata)
    __fsym___cmd_list_sem_name               0x08009bbf   Data          15  cmd.o(.constdata)
    __fsym_list_event_name                   0x08009bce   Data          11  cmd.o(.constdata)
    __fsym___cmd_list_event_name             0x08009bd9   Data          17  cmd.o(.constdata)
    __fsym_list_mutex_name                   0x08009bea   Data          11  cmd.o(.constdata)
    __fsym___cmd_list_mutex_name             0x08009bf5   Data          17  cmd.o(.constdata)
    __fsym_list_mailbox_name                 0x08009c06   Data          13  cmd.o(.constdata)
    __fsym___cmd_list_mailbox_name           0x08009c13   Data          19  cmd.o(.constdata)
    __fsym_list_msgqueue_name                0x08009c26   Data          14  cmd.o(.constdata)
    __fsym___cmd_list_msgqueue_name          0x08009c34   Data          20  cmd.o(.constdata)
    __fsym_list_timer_name                   0x08009c48   Data          11  cmd.o(.constdata)
    __fsym___cmd_list_timer_name             0x08009c53   Data          17  cmd.o(.constdata)
    __fsym_list_name                         0x08009c64   Data           5  cmd.o(.constdata)
    __fsym___cmd_help_name                   0x08009c69   Data          11  msh.o(.constdata)
    __fsym___cmd_ps_name                     0x08009c74   Data           9  msh.o(.constdata)
    __fsym___cmd_free_name                   0x08009c7d   Data          11  msh.o(.constdata)
    __lowest_bit_bitmap                      0x08009f01   Data         256  kservice.o(.constdata)
    __fsym_list_mem_name                     0x0800a023   Data           9  mem.o(.constdata)
    __fsym___cmd_test_name                   0x0800a231   Data          11  board.o(.constdata)
    __fsym___cmd_fatfs_name                  0x0800a23c   Data          12  board.o(.constdata)
    __fsym___cmd_scr_test_name               0x0800a248   Data          15  board.o(.constdata)
    __rt_init_rti_start                      0x0800a43c   Data           4  components.o(.rti_fn.0)
    __rt_init_rti_board_start                0x0800a440   Data           4  components.o(.rti_fn.0.end)
    __rt_init_rt_usart_conf                  0x0800a444   Data           4  usart.o(.rti_fn.1)
    __rt_init_rti_board_end                  0x0800a448   Data           4  components.o(.rti_fn.1.end)
    __rt_init_finsh_system_init              0x0800a44c   Data           4  shell.o(.rti_fn.6)
    __rt_init_rti_end                        0x0800a450   Data           4  components.o(.rti_fn.6.end)
    FSymTab$$Base                            0x0800a454   Number         0  cmd.o(FSymTab)
    __fsym_hello                             0x0800a454   Data           8  cmd.o(FSymTab)
    __fsym_version                           0x0800a45c   Data           8  cmd.o(FSymTab)
    __fsym___cmd_version                     0x0800a464   Data           8  cmd.o(FSymTab)
    __fsym_list_thread                       0x0800a46c   Data           8  cmd.o(FSymTab)
    __fsym___cmd_list_thread                 0x0800a474   Data           8  cmd.o(FSymTab)
    __fsym_list_sem                          0x0800a47c   Data           8  cmd.o(FSymTab)
    __fsym___cmd_list_sem                    0x0800a484   Data           8  cmd.o(FSymTab)
    __fsym_list_event                        0x0800a48c   Data           8  cmd.o(FSymTab)
    __fsym___cmd_list_event                  0x0800a494   Data           8  cmd.o(FSymTab)
    __fsym_list_mutex                        0x0800a49c   Data           8  cmd.o(FSymTab)
    __fsym___cmd_list_mutex                  0x0800a4a4   Data           8  cmd.o(FSymTab)
    __fsym_list_mailbox                      0x0800a4ac   Data           8  cmd.o(FSymTab)
    __fsym___cmd_list_mailbox                0x0800a4b4   Data           8  cmd.o(FSymTab)
    __fsym_list_msgqueue                     0x0800a4bc   Data           8  cmd.o(FSymTab)
    __fsym___cmd_list_msgqueue               0x0800a4c4   Data           8  cmd.o(FSymTab)
    __fsym_list_timer                        0x0800a4cc   Data           8  cmd.o(FSymTab)
    __fsym___cmd_list_timer                  0x0800a4d4   Data           8  cmd.o(FSymTab)
    __fsym_list                              0x0800a4dc   Data           8  cmd.o(FSymTab)
    __fsym___cmd_help                        0x0800a4e4   Data           8  msh.o(FSymTab)
    __fsym___cmd_ps                          0x0800a4ec   Data           8  msh.o(FSymTab)
    __fsym___cmd_free                        0x0800a4f4   Data           8  msh.o(FSymTab)
    __fsym_list_mem                          0x0800a4fc   Data           8  mem.o(FSymTab)
    __fsym___cmd_test                        0x0800a504   Data           8  board.o(FSymTab)
    __fsym___cmd_fatfs                       0x0800a50c   Data           8  board.o(FSymTab)
    __fsym___cmd_scr_test                    0x0800a514   Data           8  board.o(FSymTab)
    FSymTab$$Limit                           0x0800a51c   Number         0  board.o(FSymTab)
    Region$$Table$$Base                      0x0800a51c   Number         0  anon$$obj.o(Region$$Table)
    Region$$Table$$Limit                     0x0800a53c   Number         0  anon$$obj.o(Region$$Table)
    SystemCoreClock                          0x20000000   Data           4  system_stm32f4xx.o(.data)
    AHBPrescTable                            0x20000004   Data          16  system_stm32f4xx.o(.data)
    cur_char                                 0x20000028   Data           1  isr_funcs.o(.data)
    StopCondition                            0x20000034   Data           4  sd_sdio.o(.data)
    TransferError                            0x20000038   Data           1  sd_sdio.o(.data)
    TransferEnd                              0x2000003c   Data           4  sd_sdio.o(.data)
    DMAEndOfTransfer                         0x20000040   Data           4  sd_sdio.o(.data)
    conf_flag                                0x20000044   Data           1  sd_sdio_conf.o(.data)
    w25qxx                                   0x20000054   Data          28  w25qxx.o(.data)
    card_info                                0x200000a0   Data          88  diskio.o(.data)
    test_fr                                  0x200000fb   Data           5  ff_user.o(.data)
    _syscall_table_begin                     0x20000104   Data           4  shell.o(.data)
    _syscall_table_end                       0x20000108   Data           4  shell.o(.data)
    _sysvar_table_begin                      0x2000010c   Data           4  shell.o(.data)
    _sysvar_table_end                        0x20000110   Data           4  shell.o(.data)
    shell                                    0x20000114   Data           4  shell.o(.data)
    rt_interrupt_nest                        0x20000128   Data           1  irq.o(.data)
    rt_assert_hook                           0x20000130   Data           4  kservice.o(.data)
    rt_object_trytake_hook                   0x200001cc   Data           4  object.o(.data)
    rt_object_take_hook                      0x200001d0   Data           4  object.o(.data)
    rt_object_put_hook                       0x200001d4   Data           4  object.o(.data)
    rt_current_thread                        0x200001dc   Data           4  scheduler.o(.data)
    rt_current_priority                      0x200001e0   Data           1  scheduler.o(.data)
    rt_thread_ready_priority_group           0x200001e4   Data           4  scheduler.o(.data)
    rt_thread_defunct                        0x200001e8   Data           8  scheduler.o(.data)
    rt_interrupt_from_thread                 0x20000214   Data           4  cpuport.o(.data)
    rt_interrupt_to_thread                   0x20000218   Data           4  cpuport.o(.data)
    rt_thread_switch_interrupt_flag          0x2000021c   Data           4  cpuport.o(.data)
    __stdin                                  0x20000224   Data           4  stdin.o(.data)
    __stdout                                 0x20000228   Data           4  stdout.o(.data)
    SDCardInfo                               0x20000270   Data          88  sd_sdio.o(.bss)
    SDIO_InitStructure                       0x200002c8   Data          24  sd_sdio.o(.bss)
    SDIO_CmdInitStructure                    0x200002e0   Data          20  sd_sdio.o(.bss)
    SDIO_DataInitStructure                   0x200002f4   Data          24  sd_sdio.o(.bss)
    pathBuf                                  0x2000031c   Data         512  ff_user.o(.bss)
    test_fs                                  0x2000051c   Data       20780  ff_user.o(.bss)
    ws                                       0x20005648   Data        4096  ff_user.o(.bss)
    rt_thread_priority_table                 0x20006a2c   Data         256  scheduler.o(.bss)
    __initial_sp                             0x2000af30   Data           0  startup_stm32f40_41xxx.o(STACK)



==============================================================================

Memory Map of the image

  Image Entry point : 0x08000189

  Load Region LR_IROM1 (Base: 0x08000000, Size: 0x0000a768, Max: 0x00100000, ABSOLUTE, COMPRESSED[0x0000a5cc])

    Execution Region ER_IROM1 (Exec base: 0x08000000, Load base: 0x08000000, Size: 0x0000a53c, Max: 0x00100000, ABSOLUTE)

    Exec Addr    Load Addr    Size         Type   Attr      Idx    E Section Name        Object

    0x08000000   0x08000000   0x00000188   Data   RO          269    RESET               startup_stm32f40_41xxx.o
    0x08000188   0x08000188   0x00000000   Code   RO         8359  * .ARM.Collect$$$$00000000  mc_w.l(entry.o)
    0x08000188   0x08000188   0x00000004   Code   RO         8651    .ARM.Collect$$$$00000001  mc_w.l(entry2.o)
    0x0800018c   0x0800018c   0x00000004   Code   RO         8654    .ARM.Collect$$$$00000004  mc_w.l(entry5.o)
    0x08000190   0x08000190   0x00000000   Code   RO         8656    .ARM.Collect$$$$00000008  mc_w.l(entry7b.o)
    0x08000190   0x08000190   0x00000000   Code   RO         8658    .ARM.Collect$$$$0000000A  mc_w.l(entry8b.o)
    0x08000190   0x08000190   0x00000008   Code   RO         8659    .ARM.Collect$$$$0000000B  mc_w.l(entry9a.o)
    0x08000198   0x08000198   0x00000000   Code   RO         8661    .ARM.Collect$$$$0000000D  mc_w.l(entry10a.o)
    0x08000198   0x08000198   0x00000000   Code   RO         8663    .ARM.Collect$$$$0000000F  mc_w.l(entry11a.o)
    0x08000198   0x08000198   0x00000004   Code   RO         8652    .ARM.Collect$$$$00002712  mc_w.l(entry2.o)
    0x0800019c   0x0800019c   0x00000024   Code   RO          270    .text               startup_stm32f40_41xxx.o
    0x080001c0   0x080001c0   0x00000134   Code   RO         8273    .text               context_rvds.o
    0x080002f4   0x080002f4   0x00000062   Code   RO         8368    .text               mc_w.l(uldiv.o)
    0x08000356   0x08000356   0x00000024   Code   RO         8370    .text               mc_w.l(memcpya.o)
    0x0800037a   0x0800037a   0x00000024   Code   RO         8372    .text               mc_w.l(memseta.o)
    0x0800039e   0x0800039e   0x00000018   Code   RO         8374    .text               mc_w.l(strcat.o)
    0x080003b6   0x080003b6   0x00000018   Code   RO         8376    .text               mc_w.l(strncpy.o)
    0x080003ce   0x080003ce   0x0000000e   Code   RO         8378    .text               mc_w.l(strlen.o)
    0x080003dc   0x080003dc   0x00000012   Code   RO         8380    .text               mc_w.l(strcpy.o)
    0x080003ee   0x080003ee   0x0000001e   Code   RO         8382    .text               mc_w.l(strncmp.o)
    0x0800040c   0x0800040c   0x000000de   Code   RO         8647    .text               mf_w.l(ddiv.o)
    0x080004ea   0x080004ea   0x0000002c   Code   RO         8665    .text               mc_w.l(uidiv.o)
    0x08000516   0x08000516   0x0000001e   Code   RO         8667    .text               mc_w.l(llshl.o)
    0x08000534   0x08000534   0x00000020   Code   RO         8669    .text               mc_w.l(llushr.o)
    0x08000554   0x08000554   0x00000000   Code   RO         8671    .text               mc_w.l(iusefp.o)
    0x08000554   0x08000554   0x000000ba   Code   RO         8672    .text               mf_w.l(depilogue.o)
    0x0800060e   0x0800060e   0x0000014e   Code   RO         8674    .text               mf_w.l(dadd.o)
    0x0800075c   0x0800075c   0x000000e4   Code   RO         8676    .text               mf_w.l(dmul.o)
    0x08000840   0x08000840   0x00000030   Code   RO         8678    .text               mf_w.l(dfixul.o)
    0x08000870   0x08000870   0x00000030   Code   RO         8680    .text               mf_w.l(cdrcmple.o)
    0x080008a0   0x080008a0   0x00000024   Code   RO         8682    .text               mc_w.l(init.o)
    0x080008c4   0x080008c4   0x00000024   Code   RO         8684    .text               mc_w.l(llsshr.o)
    0x080008e8   0x080008e8   0x00000056   Code   RO         8694    .text               mc_w.l(__dczerorl2.o)
    0x0800093e   0x0800093e   0x0000000a   Code   RO         7041    i.$Sub$$main        components.o
    0x08000948   0x08000948   0x00000004   Code   RO            4    i.BusFault_Handler  stm32f4xx_it.o
    0x0800094c   0x0800094c   0x0000002c   Code   RO         5445    i.CmdError          sd_sdio.o
    0x08000978   0x08000978   0x00000134   Code   RO         5446    i.CmdResp1Error     sd_sdio.o
    0x08000aac   0x08000aac   0x0000004c   Code   RO         5447    i.CmdResp2Error     sd_sdio.o
    0x08000af8   0x08000af8   0x00000038   Code   RO         5448    i.CmdResp3Error     sd_sdio.o
    0x08000b30   0x08000b30   0x0000009c   Code   RO         5449    i.CmdResp6Error     sd_sdio.o
    0x08000bcc   0x08000bcc   0x0000004c   Code   RO         5450    i.CmdResp7Error     sd_sdio.o
    0x08000c18   0x08000c18   0x00000008   Code   RO         5312    i.DMA2_Stream3_IRQHandler  isr_funcs.o
    0x08000c20   0x08000c20   0x00000028   Code   RO         5313    i.DMA2_Stream7_IRQHandler  isr_funcs.o
    0x08000c48   0x08000c48   0x00000034   Code   RO         1427    i.DMA_ClearFlag     stm32f4xx_dma.o
    0x08000c7c   0x08000c7c   0x00000034   Code   RO         1428    i.DMA_ClearITPendingBit  stm32f4xx_dma.o
    0x08000cb0   0x08000cb0   0x00000016   Code   RO         1429    i.DMA_Cmd           stm32f4xx_dma.o
    0x08000cc6   0x08000cc6   0x00000002   PAD
    0x08000cc8   0x08000cc8   0x00000158   Code   RO         1430    i.DMA_DeInit        stm32f4xx_dma.o
    0x08000e20   0x08000e20   0x00000016   Code   RO         1433    i.DMA_FlowControllerConfig  stm32f4xx_dma.o
    0x08000e36   0x08000e36   0x00000002   PAD
    0x08000e38   0x08000e38   0x00000064   Code   RO         1439    i.DMA_GetITStatus   stm32f4xx_dma.o
    0x08000e9c   0x08000e9c   0x0000003a   Code   RO         1440    i.DMA_ITConfig      stm32f4xx_dma.o
    0x08000ed6   0x08000ed6   0x00000002   PAD
    0x08000ed8   0x08000ed8   0x00000058   Code   RO         1441    i.DMA_Init          stm32f4xx_dma.o
    0x08000f30   0x08000f30   0x00000002   Code   RO            5    i.DebugMon_Handler  stm32f4xx_it.o
    0x08000f32   0x08000f32   0x00000002   PAD
    0x08000f34   0x08000f34   0x00000194   Code   RO         5451    i.FindSCR           sd_sdio.o
    0x080010c8   0x080010c8   0x00000090   Code   RO         2094    i.GPIO_Init         stm32f4xx_gpio.o
    0x08001158   0x08001158   0x00000046   Code   RO         2095    i.GPIO_PinAFConfig  stm32f4xx_gpio.o
    0x0800119e   0x0800119e   0x00000012   Code   RO         2098    i.GPIO_ReadInputDataBit  stm32f4xx_gpio.o
    0x080011b0   0x080011b0   0x00000004   Code   RO            6    i.MemManage_Handler  stm32f4xx_it.o
    0x080011b4   0x080011b4   0x00000002   Code   RO            7    i.NMI_Handler       stm32f4xx_it.o
    0x080011b6   0x080011b6   0x00000002   PAD
    0x080011b8   0x080011b8   0x00000078   Code   RO          354    i.NVIC_Init         misc.o
    0x08001230   0x08001230   0x00000014   Code   RO          355    i.NVIC_PriorityGroupConfig  misc.o
    0x08001244   0x08001244   0x00000020   Code   RO         3020    i.RCC_AHB1PeriphClockCmd  stm32f4xx_rcc.o
    0x08001264   0x08001264   0x00000020   Code   RO         3029    i.RCC_APB1PeriphClockCmd  stm32f4xx_rcc.o
    0x08001284   0x08001284   0x00000020   Code   RO         3032    i.RCC_APB2PeriphClockCmd  stm32f4xx_rcc.o
    0x080012a4   0x080012a4   0x00000020   Code   RO         3034    i.RCC_APB2PeriphResetCmd  stm32f4xx_rcc.o
    0x080012c4   0x080012c4   0x000000e8   Code   RO         3041    i.RCC_GetClocksFreq  stm32f4xx_rcc.o
    0x080013ac   0x080013ac   0x00000016   Code   RO         3427    i.RTC_Bcd2ToByte    stm32f4xx_rtc.o
    0x080013c2   0x080013c2   0x00000002   PAD
    0x080013c4   0x080013c4   0x0000004c   Code   RO         3443    i.RTC_GetDate       stm32f4xx_rtc.o
    0x08001410   0x08001410   0x00000050   Code   RO         3448    i.RTC_GetTime       stm32f4xx_rtc.o
    0x08001460   0x08001460   0x0000011c   Code   RO         5453    i.SDEnWideBus       sd_sdio.o
    0x0800157c   0x0800157c   0x0000000c   Code   RO         3954    i.SDIO_ClearFlag    stm32f4xx_sdio.o
    0x08001588   0x08001588   0x0000000c   Code   RO         3955    i.SDIO_ClearITPendingBit  stm32f4xx_sdio.o
    0x08001594   0x08001594   0x0000000c   Code   RO         3956    i.SDIO_ClockCmd     stm32f4xx_sdio.o
    0x080015a0   0x080015a0   0x0000000c   Code   RO         3959    i.SDIO_DMACmd       stm32f4xx_sdio.o
    0x080015ac   0x080015ac   0x00000034   Code   RO         3960    i.SDIO_DataConfig   stm32f4xx_sdio.o
    0x080015e0   0x080015e0   0x00000016   Code   RO         3962    i.SDIO_DeInit       stm32f4xx_sdio.o
    0x080015f6   0x080015f6   0x00000002   PAD
    0x080015f8   0x080015f8   0x0000000c   Code   RO         3963    i.SDIO_GetCommandResponse  stm32f4xx_sdio.o
    0x08001604   0x08001604   0x00000018   Code   RO         3966    i.SDIO_GetFlagStatus  stm32f4xx_sdio.o
    0x0800161c   0x0800161c   0x00000018   Code   RO         3967    i.SDIO_GetITStatus  stm32f4xx_sdio.o
    0x08001634   0x08001634   0x00000010   Code   RO         3968    i.SDIO_GetPowerState  stm32f4xx_sdio.o
    0x08001644   0x08001644   0x00000018   Code   RO         3969    i.SDIO_GetResponse  stm32f4xx_sdio.o
    0x0800165c   0x0800165c   0x00000008   Code   RO         5314    i.SDIO_IRQHandler   isr_funcs.o
    0x08001664   0x08001664   0x00000020   Code   RO         3970    i.SDIO_ITConfig     stm32f4xx_sdio.o
    0x08001684   0x08001684   0x00000030   Code   RO         3971    i.SDIO_Init         stm32f4xx_sdio.o
    0x080016b4   0x080016b4   0x0000000c   Code   RO         3972    i.SDIO_ReadData     stm32f4xx_sdio.o
    0x080016c0   0x080016c0   0x0000002c   Code   RO         3974    i.SDIO_SendCommand  stm32f4xx_sdio.o
    0x080016ec   0x080016ec   0x0000000c   Code   RO         3976    i.SDIO_SetPowerState  stm32f4xx_sdio.o
    0x080016f8   0x080016f8   0x00000020   Code   RO         5455    i.SD_Detect         sd_sdio.o
    0x08001718   0x08001718   0x00000090   Code   RO         5456    i.SD_EnableWideBusOperation  sd_sdio.o
    0x080017a8   0x080017a8   0x0000031c   Code   RO         5458    i.SD_GetCardInfo    sd_sdio.o
    0x08001ac4   0x08001ac4   0x00000026   Code   RO         5460    i.SD_GetState       sd_sdio.o
    0x08001aea   0x08001aea   0x0000001e   Code   RO         5461    i.SD_GetStatus      sd_sdio.o
    0x08001b08   0x08001b08   0x000001bc   Code   RO         5463    i.SD_HighSpeed      sd_sdio.o
    0x08001cc4   0x08001cc4   0x00000088   Code   RO         5464    i.SD_Init           sd_sdio.o
    0x08001d4c   0x08001d4c   0x0000013c   Code   RO         5465    i.SD_InitializeCards  sd_sdio.o
    0x08001e88   0x08001e88   0x0000008c   Code   RO         5466    i.SD_LowLevel_DMA_RxConfig  sd_sdio.o
    0x08001f14   0x08001f14   0x00000090   Code   RO         5467    i.SD_LowLevel_DMA_TxConfig  sd_sdio.o
    0x08001fa4   0x08001fa4   0x000000c4   Code   RO         5469    i.SD_LowLevel_Init  sd_sdio.o
    0x08002068   0x08002068   0x000001a0   Code   RO         5471    i.SD_PowerON        sd_sdio.o
    0x08002208   0x08002208   0x00000028   Code   RO         5472    i.SD_ProcessDMAIRQ  sd_sdio.o
    0x08002230   0x08002230   0x000000ac   Code   RO         5473    i.SD_ProcessIRQSrc  sd_sdio.o
    0x080022dc   0x080022dc   0x000000f8   Code   RO         5475    i.SD_ReadMultiBlocks  sd_sdio.o
    0x080023d4   0x080023d4   0x00000038   Code   RO         5476    i.SD_SelectDeselect  sd_sdio.o
    0x0800240c   0x0800240c   0x00000054   Code   RO         5478    i.SD_SendStatus     sd_sdio.o
    0x08002460   0x08002460   0x00000034   Code   RO         5479    i.SD_StopTransfer   sd_sdio.o
    0x08002494   0x08002494   0x00000080   Code   RO         5480    i.SD_WaitReadOperation  sd_sdio.o
    0x08002514   0x08002514   0x00000080   Code   RO         5481    i.SD_WaitWriteOperation  sd_sdio.o
    0x08002594   0x08002594   0x00000158   Code   RO         5483    i.SD_WriteMultiBlocks  sd_sdio.o
    0x080026ec   0x080026ec   0x00000018   Code   RO         4178    i.SPI_Cmd           stm32f4xx_spi.o
    0x08002704   0x08002704   0x0000003c   Code   RO         4191    i.SPI_Init          stm32f4xx_spi.o
    0x08002740   0x08002740   0x00000002   Code   RO            8    i.SVC_Handler       stm32f4xx_it.o
    0x08002742   0x08002742   0x00000002   PAD
    0x08002744   0x08002744   0x000000ec   Code   RO          229    i.SetSysClock       system_stm32f4xx.o
    0x08002830   0x08002830   0x00000010   Code   RO         8280    i.SysTick_Handler   board.o
    0x08002840   0x08002840   0x000000c0   Code   RO          230    i.SystemCoreClockUpdate  system_stm32f4xx.o
    0x08002900   0x08002900   0x00000068   Code   RO          231    i.SystemInit        system_stm32f4xx.o
    0x08002968   0x08002968   0x00000020   Code   RO         5315    i.TIM4_IRQHandler   isr_funcs.o
    0x08002988   0x08002988   0x00000006   Code   RO         4411    i.TIM_ClearITPendingBit  stm32f4xx_tim.o
    0x0800298e   0x0800298e   0x00000022   Code   RO         4437    i.TIM_GetITStatus   stm32f4xx_tim.o
    0x080029b0   0x080029b0   0x0000003c   Code   RO         5316    i.USART1_IRQHandler  isr_funcs.o
    0x080029ec   0x080029ec   0x00000012   Code   RO         4966    i.USART_ClearFlag   stm32f4xx_usart.o
    0x080029fe   0x080029fe   0x0000001e   Code   RO         4967    i.USART_ClearITPendingBit  stm32f4xx_usart.o
    0x08002a1c   0x08002a1c   0x00000018   Code   RO         4970    i.USART_Cmd         stm32f4xx_usart.o
    0x08002a34   0x08002a34   0x0000001a   Code   RO         4973    i.USART_GetFlagStatus  stm32f4xx_usart.o
    0x08002a4e   0x08002a4e   0x00000054   Code   RO         4974    i.USART_GetITStatus  stm32f4xx_usart.o
    0x08002aa2   0x08002aa2   0x00000002   PAD
    0x08002aa4   0x08002aa4   0x000000d4   Code   RO         4977    i.USART_Init        stm32f4xx_usart.o
    0x08002b78   0x08002b78   0x00000004   Code   RO            9    i.UsageFault_Handler  stm32f4xx_it.o
    0x08002b7c   0x08002b7c   0x00000030   Code   RO         8281    i._SysTick_Config   board.o
    0x08002bac   0x08002bac   0x00000020   Code   RO         8619    i.__0printf         mc_w.l(printfa.o)
    0x08002bcc   0x08002bcc   0x0000004c   Code   RO         7486    i.__rt_ffs          kservice.o
    0x08002c18   0x08002c18   0x0000000e   Code   RO         8688    i.__scatterload_copy  mc_w.l(handlers.o)
    0x08002c26   0x08002c26   0x00000002   Code   RO         8689    i.__scatterload_null  mc_w.l(handlers.o)
    0x08002c28   0x08002c28   0x0000000e   Code   RO         8690    i.__scatterload_zeroinit  mc_w.l(handlers.o)
    0x08002c36   0x08002c36   0x00000002   PAD
    0x08002c38   0x08002c38   0x00000184   Code   RO         8626    i._fp_digits        mc_w.l(printfa.o)
    0x08002dbc   0x08002dbc   0x00000014   Code   RO         7119    i._has_defunct_thread  idle.o
    0x08002dd0   0x08002dd0   0x00000098   Code   RO         6834    i._msh_exec_cmd     msh.o
    0x08002e68   0x08002e68   0x000006dc   Code   RO         8627    i._printf_core      mc_w.l(printfa.o)
    0x08003544   0x08003544   0x00000024   Code   RO         8628    i._printf_post_padding  mc_w.l(printfa.o)
    0x08003568   0x08003568   0x0000002e   Code   RO         8629    i._printf_pre_padding  mc_w.l(printfa.o)
    0x08003596   0x08003596   0x00000002   PAD
    0x08003598   0x08003598   0x000000d0   Code   RO         7949    i._rt_thread_init   thread.o
    0x08003668   0x08003668   0x00000042   Code   RO         8092    i._rt_timer_init    timer.o
    0x080036aa   0x080036aa   0x0000002e   Code   RO         8093    i._rt_timer_remove  timer.o
    0x080036d8   0x080036d8   0x000000fc   Code   RO         8213    i.bus_fault_track   cpuport.o
    0x080037d4   0x080037d4   0x00000080   Code   RO         6202    i.check_fs          ff.o
    0x08003854   0x08003854   0x0000000e   Code   RO         6835    i.cmd_free          msh.o
    0x08003862   0x08003862   0x0000000e   Code   RO         6836    i.cmd_ps            msh.o
    0x08003870   0x08003870   0x0000015c   Code   RO         6209    i.create_partition  ff.o
    0x080039cc   0x080039cc   0x00000104   Code   RO         6147    i.disk_initialize   diskio.o
    0x08003ad0   0x08003ad0   0x00000094   Code   RO         6148    i.disk_ioctl        diskio.o
    0x08003b64   0x08003b64   0x000000a0   Code   RO         6149    i.disk_read         diskio.o
    0x08003c04   0x08003c04   0x0000001e   Code   RO         6150    i.disk_status       diskio.o
    0x08003c22   0x08003c22   0x00000002   PAD
    0x08003c24   0x08003c24   0x000000a0   Code   RO         6151    i.disk_write        diskio.o
    0x08003cc4   0x08003cc4   0x00000066   Code   RO         6618    i.exf_getfree       ff_user.o
    0x08003d2a   0x08003d2a   0x000000fe   Code   RO         6224    i.f_getfree         ff.o
    0x08003e28   0x08003e28   0x000006f4   Code   RO         6229    i.f_mkfs            ff.o
    0x0800451c   0x0800451c   0x00000054   Code   RO         6230    i.f_mount           ff.o
    0x08004570   0x08004570   0x00000030   Code   RO         8282    i.fatfs             board.o
    0x080045a0   0x080045a0   0x000001bc   Code   RO         6619    i.fatfs_test        ff_user.o
    0x0800475c   0x0800475c   0x0000000a   Code   RO         5837    i.fgetc             usart.o
    0x08004766   0x08004766   0x00000078   Code   RO         6245    i.find_volume       ff.o
    0x080047de   0x080047de   0x00000002   PAD
    0x080047e0   0x080047e0   0x00000074   Code   RO         6911    i.finsh_get_prompt  shell.o
    0x08004854   0x08004854   0x00000008   Code   RO         6913    i.finsh_getchar     shell.o
    0x0800485c   0x0800485c   0x00000048   Code   RO         6916    i.finsh_set_prompt_mode  shell.o
    0x080048a4   0x080048a4   0x00000014   Code   RO         6917    i.finsh_system_function_init  shell.o
    0x080048b8   0x080048b8   0x0000009c   Code   RO         6918    i.finsh_system_init  shell.o
    0x08004954   0x08004954   0x000003c8   Code   RO         6920    i.finsh_thread_entry  shell.o
    0x08004d1c   0x08004d1c   0x0000001a   Code   RO         5838    i.fputc             usart.o
    0x08004d36   0x08004d36   0x00000132   Code   RO         6248    i.get_fat           ff.o
    0x08004e68   0x08004e68   0x00000040   Code   RO         5391    i.get_fattime       rtc.o
    0x08004ea8   0x08004ea8   0x000000bc   Code   RO         6250    i.get_ldnumber      ff.o
    0x08004f64   0x08004f64   0x00000004   Code   RO         8362    i.getc              mc_w.l(getc.o)
    0x08004f68   0x08004f68   0x00000080   Code   RO         8214    i.hard_fault_track  cpuport.o
    0x08004fe8   0x08004fe8   0x00000020   Code   RO         6717    i.hello             cmd.o
    0x08005008   0x08005008   0x00000030   Code   RO         6036    i.lcd_144_clear_with  lcd_144_st7735.o
    0x08005038   0x08005038   0x0000000c   Code   RO         6037    i.lcd_144_displayOff  lcd_144_st7735.o
    0x08005044   0x08005044   0x0000000c   Code   RO         6038    i.lcd_144_displayOn  lcd_144_st7735.o
    0x08005050   0x08005050   0x0000001c   Code   RO         6039    i.lcd_144_draw_pixel  lcd_144_st7735.o
    0x0800506c   0x0800506c   0x00000030   Code   RO         6040    i.lcd_144_hw_reset  lcd_144_st7735.o
    0x0800509c   0x0800509c   0x00000280   Code   RO         6041    i.lcd_144_init      lcd_144_st7735.o
    0x0800531c   0x0800531c   0x00000020   Code   RO         6042    i.lcd_144_powerDown  lcd_144_st7735.o
    0x0800533c   0x0800533c   0x00000020   Code   RO         6043    i.lcd_144_powerUp   lcd_144_st7735.o
    0x0800535c   0x0800535c   0x00000038   Code   RO         6044    i.lcd_144_send      lcd_144_st7735.o
    0x08005394   0x08005394   0x0000003c   Code   RO         6045    i.lcd_144_send_cmd  lcd_144_st7735.o
    0x080053d0   0x080053d0   0x0000003c   Code   RO         6046    i.lcd_144_send_dat  lcd_144_st7735.o
    0x0800540c   0x0800540c   0x00000012   Code   RO         6047    i.lcd_144_send_pixel_dat  lcd_144_st7735.o
    0x0800541e   0x0800541e   0x00000054   Code   RO         6048    i.lcd_144_set_region  lcd_144_st7735.o
    0x08005472   0x08005472   0x00000002   PAD
    0x08005474   0x08005474   0x00000034   Code   RO         6049    i.lcd_144_trans_byte  lcd_144_st7735.o
    0x080054a8   0x080054a8   0x00000110   Code   RO         6050    i.lcd_gpio          lcd_144_st7735.o
    0x080055b8   0x080055b8   0x00000018   Code   RO         6252    i.ld_dword          ff.o
    0x080055d0   0x080055d0   0x0000000c   Code   RO         6253    i.ld_word           ff.o
    0x080055dc   0x080055dc   0x0000002c   Code   RO          278    i.led_blink_thread  main.o
    0x08005608   0x08005608   0x0000008c   Code   RO         5276    i.led_conf          led.o
    0x08005694   0x08005694   0x00000008   Code   RO         5277    i.led_off           led.o
    0x0800569c   0x0800569c   0x00000008   Code   RO         5278    i.led_on            led.o
    0x080056a4   0x080056a4   0x00000058   Code   RO         6718    i.list              cmd.o
    0x080056fc   0x080056fc   0x00000144   Code   RO         6719    i.list_event        cmd.o
    0x08005840   0x08005840   0x0000002a   Code   RO         6720    i.list_find_init    cmd.o
    0x0800586a   0x0800586a   0x00000088   Code   RO         6721    i.list_get_next     cmd.o
    0x080058f2   0x080058f2   0x00000002   PAD
    0x080058f4   0x080058f4   0x0000015c   Code   RO         6722    i.list_mailbox      cmd.o
    0x08005a50   0x08005a50   0x00000078   Code   RO         7678    i.list_mem          mem.o
    0x08005ac8   0x08005ac8   0x00000144   Code   RO         6723    i.list_msgqueue     cmd.o
    0x08005c0c   0x08005c0c   0x00000110   Code   RO         6724    i.list_mutex        cmd.o
    0x08005d1c   0x08005d1c   0x00000138   Code   RO         6725    i.list_sem          cmd.o
    0x08005e54   0x08005e54   0x000001e4   Code   RO         6726    i.list_thread       cmd.o
    0x08006038   0x08006038   0x00000160   Code   RO         6727    i.list_timer        cmd.o
    0x08006198   0x08006198   0x00000078   Code   RO          279    i.main              main.o
    0x08006210   0x08006210   0x0000000e   Code   RO         7042    i.main_thread_entry  components.o
    0x0800621e   0x0800621e   0x00000024   Code   RO         6254    i.mem_cmp           ff.o
    0x08006242   0x08006242   0x0000001a   Code   RO         6255    i.mem_cpy           ff.o
    0x0800625c   0x0800625c   0x000000e8   Code   RO         8215    i.mem_manage_fault_track  cpuport.o
    0x08006344   0x08006344   0x00000012   Code   RO         6256    i.mem_set           ff.o
    0x08006356   0x08006356   0x00000002   PAD
    0x08006358   0x08006358   0x000002fc   Code   RO         6257    i.mount_volume      ff.o
    0x08006654   0x08006654   0x00000034   Code   RO         6258    i.move_window       ff.o
    0x08006688   0x08006688   0x000000a0   Code   RO         6837    i.msh_auto_complete  msh.o
    0x08006728   0x08006728   0x0000006c   Code   RO         6838    i.msh_exec          msh.o
    0x08006794   0x08006794   0x0000005c   Code   RO         6839    i.msh_get_cmd       msh.o
    0x080067f0   0x080067f0   0x00000074   Code   RO         6840    i.msh_help          msh.o
    0x08006864   0x08006864   0x00000004   Code   RO         6841    i.msh_is_used       msh.o
    0x08006868   0x08006868   0x000000f0   Code   RO         6842    i.msh_split         msh.o
    0x08006958   0x08006958   0x0000001c   Code   RO         5839    i.my_getc           usart.o
    0x08006974   0x08006974   0x00000018   Code   RO         5840    i.my_putc           usart.o
    0x0800698c   0x0800698c   0x0000001c   Code   RO         6728    i.object_split      cmd.o
    0x080069a8   0x080069a8   0x0000010c   Code   RO         7679    i.plug_holes        mem.o
    0x08006ab4   0x08006ab4   0x00000198   Code   RO         7488    i.print_number      kservice.o
    0x08006c4c   0x08006c4c   0x00000050   Code   RO         7043    i.rt_application_init  components.o
    0x08006c9c   0x08006c9c   0x00000074   Code   RO         7489    i.rt_assert_handler  kservice.o
    0x08006d10   0x08006d10   0x00000022   Code   RO         7680    i.rt_calloc         mem.o
    0x08006d32   0x08006d32   0x00000002   PAD
    0x08006d34   0x08006d34   0x0000001c   Code   RO         7044    i.rt_components_board_init  components.o
    0x08006d50   0x08006d50   0x0000001c   Code   RO         7045    i.rt_components_init  components.o
    0x08006d6c   0x08006d6c   0x00000020   Code   RO         7870    i.rt_enter_critical  scheduler.o
    0x08006d8c   0x08006d8c   0x00000044   Code   RO         7871    i.rt_exit_critical  scheduler.o
    0x08006dd0   0x08006dd0   0x0000020c   Code   RO         7681    i.rt_free           mem.o
    0x08006fdc   0x08006fdc   0x00000008   Code   RO         8283    i.rt_heap_begin_get  board.o
    0x08006fe4   0x08006fe4   0x00000008   Code   RO         8284    i.rt_heap_end_get   board.o
    0x08006fec   0x08006fec   0x00000044   Code   RO         8285    i.rt_hw_board_init  board.o
    0x08007030   0x08007030   0x00000008   Code   RO         8286    i.rt_hw_console_getchar  board.o
    0x08007038   0x08007038   0x00000034   Code   RO         8287    i.rt_hw_console_output  board.o
    0x0800706c   0x0800706c   0x0000022c   Code   RO         8219    i.rt_hw_hard_fault_exception  cpuport.o
    0x08007298   0x08007298   0x00000050   Code   RO         8220    i.rt_hw_stack_init  cpuport.o
    0x080072e8   0x080072e8   0x00000038   Code   RO         7447    i.rt_interrupt_enter  irq.o
    0x08007320   0x08007320   0x0000000c   Code   RO         7449    i.rt_interrupt_get_nest  irq.o
    0x0800732c   0x0800732c   0x00000038   Code   RO         7450    i.rt_interrupt_leave  irq.o
    0x08007364   0x08007364   0x00000018   Code   RO         7179    i.rt_ipc_list_resume  ipc.o
    0x0800737c   0x0800737c   0x0000006c   Code   RO         7181    i.rt_ipc_list_suspend  ipc.o
    0x080073e8   0x080073e8   0x00000010   Code   RO         7182    i.rt_ipc_object_init  ipc.o
    0x080073f8   0x080073f8   0x00000030   Code   RO         7494    i.rt_kprintf        kservice.o
    0x08007428   0x08007428   0x00000006   Code   RO         7183    i.rt_list_init      ipc.o
    0x0800742e   0x0800742e   0x00000006   Code   RO         7872    i.rt_list_init      scheduler.o
    0x08007434   0x08007434   0x00000006   Code   RO         8094    i.rt_list_init      timer.o
    0x0800743a   0x0800743a   0x0000000e   Code   RO         7762    i.rt_list_insert_after  object.o
    0x08007448   0x08007448   0x0000000e   Code   RO         7950    i.rt_list_insert_after  thread.o
    0x08007456   0x08007456   0x0000000e   Code   RO         8095    i.rt_list_insert_after  timer.o
    0x08007464   0x08007464   0x0000000e   Code   RO         7184    i.rt_list_insert_before  ipc.o
    0x08007472   0x08007472   0x00000010   Code   RO         6729    i.rt_list_isempty   cmd.o
    0x08007482   0x08007482   0x00000010   Code   RO         7185    i.rt_list_isempty   ipc.o
    0x08007492   0x08007492   0x00000010   Code   RO         8096    i.rt_list_isempty   timer.o
    0x080074a2   0x080074a2   0x00000014   Code   RO         6730    i.rt_list_len       cmd.o
    0x080074b6   0x080074b6   0x00000012   Code   RO         7763    i.rt_list_remove    object.o
    0x080074c8   0x080074c8   0x00000012   Code   RO         7951    i.rt_list_remove    thread.o
    0x080074da   0x080074da   0x00000002   PAD
    0x080074dc   0x080074dc   0x000002bc   Code   RO         7683    i.rt_malloc         mem.o
    0x08007798   0x08007798   0x00000042   Code   RO         7499    i.rt_memmove        kservice.o
    0x080077da   0x080077da   0x00000048   Code   RO         7500    i.rt_memset         kservice.o
    0x08007822   0x08007822   0x00000002   PAD
    0x08007824   0x08007824   0x000000ec   Code   RO         7764    i.rt_object_allocate  object.o
    0x08007910   0x08007910   0x000000a0   Code   RO         7766    i.rt_object_delete  object.o
    0x080079b0   0x080079b0   0x0000005c   Code   RO         7767    i.rt_object_detach  object.o
    0x08007a0c   0x08007a0c   0x00000028   Code   RO         7770    i.rt_object_get_information  object.o
    0x08007a34   0x08007a34   0x00000034   Code   RO         7771    i.rt_object_get_type  object.o
    0x08007a68   0x08007a68   0x000000b4   Code   RO         7772    i.rt_object_init    object.o
    0x08007b1c   0x08007b1c   0x0000003c   Code   RO         7773    i.rt_object_is_systemobject  object.o
    0x08007b58   0x08007b58   0x000000a4   Code   RO         7873    i.rt_schedule       scheduler.o
    0x08007bfc   0x08007bfc   0x0000007c   Code   RO         7874    i.rt_schedule_insert_thread  scheduler.o
    0x08007c78   0x08007c78   0x00000080   Code   RO         7875    i.rt_schedule_remove_thread  scheduler.o
    0x08007cf8   0x08007cf8   0x0000006c   Code   RO         7213    i.rt_sem_init       ipc.o
    0x08007d64   0x08007d64   0x00000090   Code   RO         7214    i.rt_sem_release    ipc.o
    0x08007df4   0x08007df4   0x000001a4   Code   RO         7215    i.rt_sem_take       ipc.o
    0x08007f98   0x08007f98   0x000000b0   Code   RO         7502    i.rt_show_version   kservice.o
    0x08008048   0x08008048   0x00000012   Code   RO         7508    i.rt_strlen         kservice.o
    0x0800805a   0x0800805a   0x00000034   Code   RO         7510    i.rt_strncpy        kservice.o
    0x0800808e   0x0800808e   0x00000002   PAD
    0x08008090   0x08008090   0x00000154   Code   RO         7687    i.rt_system_heap_init  mem.o
    0x080081e4   0x080081e4   0x00000050   Code   RO         7877    i.rt_system_scheduler_init  scheduler.o
    0x08008234   0x08008234   0x00000030   Code   RO         7878    i.rt_system_scheduler_start  scheduler.o
    0x08008264   0x08008264   0x0000001c   Code   RO         8097    i.rt_system_timer_init  timer.o
    0x08008280   0x08008280   0x00000002   Code   RO         8098    i.rt_system_timer_thread_init  timer.o
    0x08008282   0x08008282   0x00000050   Code   RO         7953    i.rt_thread_create  thread.o
    0x080082d2   0x080082d2   0x00000002   PAD
    0x080082d4   0x080082d4   0x00000058   Code   RO         7957    i.rt_thread_exit    thread.o
    0x0800832c   0x0800832c   0x00000028   Code   RO         7121    i.rt_thread_idle_entry  idle.o
    0x08008354   0x08008354   0x000000e8   Code   RO         7122    i.rt_thread_idle_excute  idle.o
    0x0800843c   0x0800843c   0x0000003c   Code   RO         7124    i.rt_thread_idle_init  idle.o
    0x08008478   0x08008478   0x0000007c   Code   RO         7959    i.rt_thread_init    thread.o
    0x080084f4   0x080084f4   0x00000014   Code   RO         7961    i.rt_thread_mdelay  thread.o
    0x08008508   0x08008508   0x0000009c   Code   RO         7962    i.rt_thread_resume  thread.o
    0x080085a4   0x080085a4   0x0000000c   Code   RO         7964    i.rt_thread_self    thread.o
    0x080085b0   0x080085b0   0x00000084   Code   RO         7965    i.rt_thread_sleep   thread.o
    0x08008634   0x08008634   0x000000c4   Code   RO         7966    i.rt_thread_startup  thread.o
    0x080086f8   0x080086f8   0x000000a4   Code   RO         7967    i.rt_thread_suspend  thread.o
    0x0800879c   0x0800879c   0x000000b4   Code   RO         7969    i.rt_thread_timeout  thread.o
    0x08008850   0x08008850   0x00000064   Code   RO         7970    i.rt_thread_yield   thread.o
    0x080088b4   0x080088b4   0x00000038   Code   RO         7004    i.rt_tick_from_millisecond  clock.o
    0x080088ec   0x080088ec   0x0000000c   Code   RO         7005    i.rt_tick_get       clock.o
    0x080088f8   0x080088f8   0x00000030   Code   RO         7006    i.rt_tick_increase  clock.o
    0x08008928   0x08008928   0x000000b4   Code   RO         8099    i.rt_timer_check    timer.o
    0x080089dc   0x080089dc   0x000000b8   Code   RO         8100    i.rt_timer_control  timer.o
    0x08008a94   0x08008a94   0x000000d4   Code   RO         8103    i.rt_timer_detach   timer.o
    0x08008b68   0x08008b68   0x00000054   Code   RO         8106    i.rt_timer_init     timer.o
    0x08008bbc   0x08008bbc   0x000001c0   Code   RO         8109    i.rt_timer_start    timer.o
    0x08008d7c   0x08008d7c   0x000000c0   Code   RO         8110    i.rt_timer_stop     timer.o
    0x08008e3c   0x08008e3c   0x0000003e   Code   RO         5841    i.rt_usart_conf     usart.o
    0x08008e7a   0x08008e7a   0x00000002   PAD
    0x08008e7c   0x08008e7c   0x00000330   Code   RO         7513    i.rt_vsnprintf      kservice.o
    0x080091ac   0x080091ac   0x00000016   Code   RO         5396    i.rtc_obtain_time   rtc.o
    0x080091c2   0x080091c2   0x00000004   Code   RO         7046    i.rti_board_end     components.o
    0x080091c6   0x080091c6   0x00000004   Code   RO         7047    i.rti_board_start   components.o
    0x080091ca   0x080091ca   0x00000004   Code   RO         7048    i.rti_end           components.o
    0x080091ce   0x080091ce   0x00000004   Code   RO         7049    i.rti_start         components.o
    0x080091d2   0x080091d2   0x0000002a   Code   RO         7050    i.rtthread_startup  components.o
    0x080091fc   0x080091fc   0x00000008   Code   RO         6007    i.scr_get_opr_handler  screen_conf.o
    0x08009204   0x08009204   0x0000005e   Code   RO         8288    i.scr_test          board.o
    0x08009262   0x08009262   0x00000002   PAD
    0x08009264   0x08009264   0x0000001c   Code   RO         5704    i.sd_sdio_init      sd_sdio_conf.o
    0x08009280   0x08009280   0x0000003a   Code   RO         5705    i.sdio_nvic_configuration  sd_sdio_conf.o
    0x080092ba   0x080092ba   0x00000002   PAD
    0x080092bc   0x080092bc   0x00000038   Code   RO         6921    i.shell_auto_complete  shell.o
    0x080092f4   0x080092f4   0x00000030   Code   RO         6731    i.show_wait_queue   cmd.o
    0x08009324   0x08009324   0x00000026   Code   RO         7515    i.skip_atoi         kservice.o
    0x0800934a   0x0800934a   0x00000018   Code   RO         6268    i.st_dword          ff.o
    0x08009362   0x08009362   0x0000000c   Code   RO         6269    i.st_word           ff.o
    0x0800936e   0x0800936e   0x00000020   Code   RO         6843    i.str_common        msh.o
    0x0800938e   0x0800938e   0x0000004a   Code   RO         6272    i.sync_window       ff.o
    0x080093d8   0x080093d8   0x00000028   Code   RO         8289    i.test              board.o
    0x08009400   0x08009400   0x00000018   Code   RO         5796    i.ticks_decrease    systick.o
    0x08009418   0x08009418   0x000000e8   Code   RO         8221    i.usage_fault_track  cpuport.o
    0x08009500   0x08009500   0x00000048   Code   RO         5844    i.usart_gpio        usart.o
    0x08009548   0x08009548   0x0000000a   Code   RO         6732    i.version           cmd.o
    0x08009552   0x08009552   0x00000002   PAD
    0x08009554   0x08009554   0x0000015c   Code   RO         5905    i.w25qxx_JEDECID    w25qxx.o
    0x080096b0   0x080096b0   0x0000006c   Code   RO         5907    i.w25qxx_erase_sector  w25qxx.o
    0x0800971c   0x0800971c   0x000000e0   Code   RO         5908    i.w25qxx_gpio       w25qxx.o
    0x080097fc   0x080097fc   0x00000010   Code   RO         5909    i.w25qxx_init       w25qxx.o
    0x0800980c   0x0800980c   0x00000098   Code   RO         5910    i.w25qxx_powerUp    w25qxx.o
    0x080098a4   0x080098a4   0x000000a0   Code   RO         5911    i.w25qxx_read_page  w25qxx.o
    0x08009944   0x08009944   0x00000014   Code   RO         5912    i.w25qxx_read_sector  w25qxx.o
    0x08009958   0x08009958   0x00000030   Code   RO         5913    i.w25qxx_trans_byte  w25qxx.o
    0x08009988   0x08009988   0x0000004c   Code   RO         5914    i.w25qxx_wait_busy  w25qxx.o
    0x080099d4   0x080099d4   0x0000003c   Code   RO         5915    i.w25qxx_writ_disable  w25qxx.o
    0x08009a10   0x08009a10   0x0000003c   Code   RO         5916    i.w25qxx_writ_enable  w25qxx.o
    0x08009a4c   0x08009a4c   0x000000ac   Code   RO         5917    i.w25qxx_writ_page  w25qxx.o
    0x08009af8   0x08009af8   0x0000001c   Code   RO         5918    i.w25qxx_writ_sector  w25qxx.o
    0x08009b14   0x08009b14   0x00000068   Data   RO         6276    .constdata          ff.o
    0x08009b7c   0x08009b7c   0x000000ed   Data   RO         6733    .constdata          cmd.o
    0x08009c69   0x08009c69   0x0000002d   Data   RO         6844    .constdata          msh.o
    0x08009c96   0x08009c96   0x0000004a   Data   RO         6923    .constdata          shell.o
    0x08009ce0   0x08009ce0   0x00000014   Data   RO         7051    .constdata          components.o
    0x08009cf4   0x08009cf4   0x00000016   Data   RO         7127    .constdata          idle.o
    0x08009d0a   0x08009d0a   0x000001f7   Data   RO         7217    .constdata          ipc.o
    0x08009f01   0x08009f01   0x00000122   Data   RO         7517    .constdata          kservice.o
    0x0800a023   0x0800a023   0x00000045   Data   RO         7689    .constdata          mem.o
    0x0800a068   0x0800a068   0x00000080   Data   RO         7778    .constdata          object.o
    0x0800a0e8   0x0800a0e8   0x00000034   Data   RO         7880    .constdata          scheduler.o
    0x0800a11c   0x0800a11c   0x000000b9   Data   RO         7971    .constdata          thread.o
    0x0800a1d5   0x0800a1d5   0x0000005c   Data   RO         8111    .constdata          timer.o
    0x0800a231   0x0800a231   0x0000002b   Data   RO         8291    .constdata          board.o
    0x0800a25c   0x0800a25c   0x00000020   Data   RO         6277    .conststring        ff.o
    0x0800a27c   0x0800a27c   0x00000044   Data   RO         6734    .conststring        cmd.o
    0x0800a2c0   0x0800a2c0   0x00000045   Data   RO         7218    .conststring        ipc.o
    0x0800a305   0x0800a305   0x00000003   PAD
    0x0800a308   0x0800a308   0x000000ed   Data   RO         7690    .conststring        mem.o
    0x0800a3f5   0x0800a3f5   0x00000003   PAD
    0x0800a3f8   0x0800a3f8   0x00000042   Data   RO         7972    .conststring        thread.o
    0x0800a43a   0x0800a43a   0x00000002   PAD
    0x0800a43c   0x0800a43c   0x00000004   Data   RO         7052    .rti_fn.0           components.o
    0x0800a440   0x0800a440   0x00000004   Data   RO         7053    .rti_fn.0.end       components.o
    0x0800a444   0x0800a444   0x00000004   Data   RO         5845    .rti_fn.1           usart.o
    0x0800a448   0x0800a448   0x00000004   Data   RO         7054    .rti_fn.1.end       components.o
    0x0800a44c   0x0800a44c   0x00000004   Data   RO         6925    .rti_fn.6           shell.o
    0x0800a450   0x0800a450   0x00000004   Data   RO         7055    .rti_fn.6.end       components.o
    0x0800a454   0x0800a454   0x00000090   Data   RO         6735    FSymTab             cmd.o
    0x0800a4e4   0x0800a4e4   0x00000018   Data   RO         6845    FSymTab             msh.o
    0x0800a4fc   0x0800a4fc   0x00000008   Data   RO         7692    FSymTab             mem.o
    0x0800a504   0x0800a504   0x00000018   Data   RO         8292    FSymTab             board.o
    0x0800a51c   0x0800a51c   0x00000020   Data   RO         8686    Region$$Table       anon$$obj.o


    Execution Region RW_IRAM2 (Exec base: 0x10000000, Load base: 0x0800a5cc, Size: 0x00000000, Max: 0x00010000, ABSOLUTE)

    **** No section assigned to this execution region ****


    Execution Region RW_IRAM1 (Exec base: 0x20000000, Load base: 0x0800a53c, Size: 0x0000af30, Max: 0x00020000, ABSOLUTE, COMPRESSED[0x00000090])

    Exec Addr    Load Addr    Size         Type   Attr      Idx    E Section Name        Object

    0x20000000   COMPRESSED   0x00000014   Data   RW          232    .data               system_stm32f4xx.o
    0x20000014   COMPRESSED   0x00000004   Data   RW          281    .data               main.o
    0x20000018   COMPRESSED   0x00000010   Data   RW         3073    .data               stm32f4xx_rcc.o
    0x20000028   COMPRESSED   0x00000001   Data   RW         5317    .data               isr_funcs.o
    0x20000029   COMPRESSED   0x00000003   PAD
    0x2000002c   COMPRESSED   0x00000018   Data   RW         5486    .data               sd_sdio.o
    0x20000044   COMPRESSED   0x00000001   Data   RW         5707    .data               sd_sdio_conf.o
    0x20000045   COMPRESSED   0x00000003   PAD
    0x20000048   COMPRESSED   0x0000000c   Data   RW         5797    .data               systick.o
    0x20000054   COMPRESSED   0x0000001c   Data   RW         5919    .data               w25qxx.o
    0x20000070   COMPRESSED   0x00000030   Data   RW         6008    .data               screen_conf.o
    0x200000a0   COMPRESSED   0x00000058   Data   RW         6152    .data               diskio.o
    0x200000f8   COMPRESSED   0x00000003   Data   RW         6278    .data               ff.o
    0x200000fb   COMPRESSED   0x00000006   Data   RW         6623    .data               ff_user.o
    0x20000101   COMPRESSED   0x00000003   PAD
    0x20000104   COMPRESSED   0x00000018   Data   RW         6924    .data               shell.o
    0x2000011c   COMPRESSED   0x00000004   Data   RW         7008    .data               clock.o
    0x20000120   COMPRESSED   0x00000009   Data   RW         7452    .data               irq.o
    0x20000129   COMPRESSED   0x00000003   PAD
    0x2000012c   COMPRESSED   0x00000008   Data   RW         7518    .data               kservice.o
    0x20000134   COMPRESSED   0x00000020   Data   RW         7691    .data               mem.o
    0x20000154   COMPRESSED   0x00000084   Data   RW         7779    .data               object.o
    0x200001d8   COMPRESSED   0x0000001c   Data   RW         7881    .data               scheduler.o
    0x200001f4   COMPRESSED   0x0000000c   Data   RW         7973    .data               thread.o
    0x20000200   COMPRESSED   0x00000014   Data   RW         8112    .data               timer.o
    0x20000214   COMPRESSED   0x00000010   Data   RW         8223    .data               cpuport.o
    0x20000224   COMPRESSED   0x00000004   Data   RW         8366    .data               mc_w.l(stdin.o)
    0x20000228   COMPRESSED   0x00000004   Data   RW         8367    .data               mc_w.l(stdout.o)
    0x2000022c        -       0x00000014   Zero   RW          280    .bss                main.o
    0x20000240        -       0x000000cc   Zero   RW         5485    .bss                sd_sdio.o
    0x2000030c        -       0x00000010   Zero   RW         6275    .bss                ff.o
    0x2000031c        -       0x00006444   Zero   RW         6622    .bss                ff_user.o
    0x20006760        -       0x00000081   Zero   RW         6922    .bss                shell.o
    0x200067e1   COMPRESSED   0x00000003   PAD
    0x200067e4        -       0x000001a0   Zero   RW         7126    .bss                idle.o
    0x20006984        -       0x00000080   Zero   RW         7516    .bss                kservice.o
    0x20006a04        -       0x00000028   Zero   RW         7688    .bss                mem.o
    0x20006a2c        -       0x00000100   Zero   RW         7879    .bss                scheduler.o
    0x20006b2c        -       0x00004000   Zero   RW         8290    .bss                board.o
    0x2000ab2c   COMPRESSED   0x00000004   PAD
    0x2000ab30        -       0x00000400   Zero   RW          267    STACK               startup_stm32f40_41xxx.o


==============================================================================

Image component sizes


      Code (inc. data)   RO Data    RW Data    ZI Data      Debug   Object Name

       390         52         67          0      16384       7371   board.o
       116         12          0          4          0       1828   clock.o
      2836        972        449          0          0      17998   cmd.o
       218         50         36          0          0       6168   components.o
       308         26          0          0          0        804   context_rvds.o
      1480        738          0         16          0       6210   cpuport.o
       758        204          0         88          0       5383   diskio.o
      4250        136        136          3         16      33800   ff.o
       546        236          0          6      25668       3047   ff_user.o
       352         84         22          0        416       5910   idle.o
       856        202        572          0          0      33287   ipc.o
       124         26          0          9          0       2234   irq.o
       148         24          0          1          0       2627   isr_funcs.o
      1886        224        290          8        128      10572   kservice.o
      1454         66          0          0          0      10450   lcd_144_st7735.o
       156         20          0          0          0       1846   led.o
       164         30          0          4         20       6611   main.o
      1986        754        314         32         40       6939   mem.o
       140         24          0          0          0       1423   misc.o
       932        170         69          0          0       8485   msh.o
       852        284        128        132          0      10722   object.o
        86          0          0          0          0       1360   rtc.o
       650        144         52         28        256       8842   scheduler.o
         8          4          0         48          0       1686   screen_conf.o
      5488        340          0         24        204      24274   sd_sdio.o
        86          4          0          1          0       1883   sd_sdio_conf.o
      1396        176         78         24        129      12218   shell.o
        36          8        392          0       1024        824   startup_stm32f40_41xxx.o
       738         72          0          0          0       6062   stm32f4xx_dma.o
       232          0          0          0          0       2267   stm32f4xx_gpio.o
        18          0          0          0          0     355773   stm32f4xx_it.o
       360         42          0         16          0       4996   stm32f4xx_rcc.o
       178         16          0          0          0       2712   stm32f4xx_rtc.o
       370         80          0          0          0       9966   stm32f4xx_sdio.o
        84          0          0          0          0       1617   stm32f4xx_spi.o
        40          0          0          0          0       1722   stm32f4xx_tim.o
       394          8          0          0          0       4459   stm32f4xx_usart.o
       532         54          0         20          0       2345   system_stm32f4xx.o
        24          6          0         12          0        661   systick.o
      1492        402        251         12          0      16134   thread.o
      1478        484         92         20          0      12631   timer.o
       222         14          4          0          0       3702   usart.o
      1472        268          0         28          0       8756   w25qxx.o

    ----------------------------------------------------------------------
     35382       6456       2992        548      44292     668605   Object Totals
         0          0         32          0          0          0   (incl. Generated)
        46          0          8         12          7          0   (incl. Padding)

    ----------------------------------------------------------------------

      Code (inc. data)   RO Data    RW Data    ZI Data      Debug   Library Member Name

        86          0          0          0          0          0   __dczerorl2.o
         0          0          0          0          0          0   entry.o
         0          0          0          0          0          0   entry10a.o
         0          0          0          0          0          0   entry11a.o
         8          4          0          0          0          0   entry2.o
         4          0          0          0          0          0   entry5.o
         0          0          0          0          0          0   entry7b.o
         0          0          0          0          0          0   entry8b.o
         8          4          0          0          0          0   entry9a.o
         4          0          0          0          0         68   getc.o
        30          0          0          0          0          0   handlers.o
        36          8          0          0          0         68   init.o
         0          0          0          0          0          0   iusefp.o
        30          0          0          0          0         68   llshl.o
        36          0          0          0          0         68   llsshr.o
        32          0          0          0          0         68   llushr.o
        36          0          0          0          0         68   memcpya.o
        36          0          0          0          0        108   memseta.o
      2258         90          0          0          0        452   printfa.o
         0          0          0          4          0          0   stdin.o
         0          0          0          4          0          0   stdout.o
        24          0          0          0          0         68   strcat.o
        18          0          0          0          0         68   strcpy.o
        14          0          0          0          0         68   strlen.o
        30          0          0          0          0         80   strncmp.o
        24          0          0          0          0         76   strncpy.o
        44          0          0          0          0         80   uidiv.o
        98          0          0          0          0         92   uldiv.o
        48          0          0          0          0         68   cdrcmple.o
       334          0          0          0          0        148   dadd.o
       222          0          0          0          0        100   ddiv.o
       186          0          0          0          0        176   depilogue.o
        48          0          0          0          0         68   dfixul.o
       228          0          0          0          0         96   dmul.o

    ----------------------------------------------------------------------
      3926        106          0          8          0       2156   Library Totals
         4          0          0          0          0          0   (incl. Padding)

    ----------------------------------------------------------------------

      Code (inc. data)   RO Data    RW Data    ZI Data      Debug   Library Name

      2856        106          0          8          0       1500   mc_w.l
      1066          0          0          0          0        656   mf_w.l

    ----------------------------------------------------------------------
      3926        106          0          8          0       2156   Library Totals

    ----------------------------------------------------------------------

==============================================================================


      Code (inc. data)   RO Data    RW Data    ZI Data      Debug   

     39308       6562       2992        556      44292     640601   Grand Totals
     39308       6562       2992        144      44292     640601   ELF Image Totals (compressed)
     39308       6562       2992        144          0          0   ROM Totals

==============================================================================

    Total RO  Size (Code + RO Data)                42300 (  41.31kB)
    Total RW  Size (RW Data + ZI Data)             44848 (  43.80kB)
    Total ROM Size (Code + RO Data + RW Data)      42444 (  41.45kB)

==============================================================================

