<html>
<body>
<pre>
<h1>µVision Build Log</h1>
<h2>Tool Versions:</h2>
IDE-Version: ¦ÌVision V5.31.0.0
Copyright (C) 2020 ARM Ltd and ARM Germany GmbH. All rights reserved.
License Information: 1 1, 1, LIC=IK1BF-6EX3E-X7IRZ-JMX96-PU1XT-UN43B
 
Tool Versions:
Toolchain:       MDK-ARM Plus  Version: 5.31.0.0
Toolchain Path:  E:\software\Keil5\ARM\ARMCC\Bin
C Compiler:      Armcc.exe V5.06 update 6 (build 750)
Assembler:       Armasm.exe V5.06 update 6 (build 750)
Linker/Locator:  ArmLink.exe V5.06 update 6 (build 750)
Library Manager: ArmAr.exe V5.06 update 6 (build 750)
Hex Converter:   FromElf.exe V5.06 update 6 (build 750)
CPU DLL:         SARMCM3.DLL V5.31.0.0
Dialog DLL:      DCM.DLL V1.17.3.0
Target DLL:      Segger\JL2CM3.dll V2.99.38.0
Dialog DLL:      TCM.DLL V1.46.0.0
 
<h2>Project:</h2>
E:\works\Embed\project\stm32\STM32F405\mp3-lvgl-stm32f405rgt\405mp3.uvprojx
Project File Date:  12/04/2020

<h2>Output:</h2>
*** Using Compiler 'V5.06 update 6 (build 750)', folder: 'E:\software\Keil5\ARM\ARMCC\Bin'
Build target 'f405mp3'
compiling system_stm32f4xx.c...
compiling main.c...
compiling stm32f4xx_it.c...
compiling misc.c...
compiling stm32f4xx_crc.c...
compiling stm32f4xx_adc.c...
compiling stm32f4xx_dac.c...
compiling stm32f4xx_dcmi.c...
compiling stm32f4xx_dma.c...
compiling stm32f4xx_exti.c...
compiling stm32f4xx_dma2d.c...
compiling stm32f4xx_flash.c...
compiling stm32f4xx_flash_ramfunc.c...
compiling stm32f4xx_fmpi2c.c...
compiling stm32f4xx_gpio.c...
compiling stm32f4xx_iwdg.c...
compiling stm32f4xx_i2c.c...
compiling stm32f4xx_lptim.c...
compiling stm32f4xx_ltdc.c...
compiling stm32f4xx_pwr.c...
compiling stm32f4xx_qspi.c...
compiling stm32f4xx_rng.c...
compiling stm32f4xx_rcc.c...
compiling stm32f4xx_rtc.c...
compiling stm32f4xx_sdio.c...
compiling stm32f4xx_spdifrx.c...
compiling stm32f4xx_syscfg.c...
compiling stm32f4xx_spi.c...
compiling stm32f4xx_tim.c...
compiling stm32f4xx_usart.c...
compiling dma_conf.c...
compiling led.c...
compiling isr_funcs.c...
compiling nvic_conf.c...
compiling rtc.c...
compiling spi_conf.c...
compiling sd_sdio_conf.c...
compiling sd_sdio.c...
compiling usart.c...
driver\usart\usart.c(68): warning:  #144-D: a value of type "void (*)(USART_TypeDef *, u32)" cannot be used to initialize an entity of type "const init_fn_t"
  INIT_BOARD_EXPORT(rt_usart_conf);
driver\usart\usart.c: 1 warning, 0 errors
compiling systick.c...
compiling screen_conf.c...
compiling w25qxx.c...
compiling file_trans.c...
compiling tim.c...
compiling lcd_st7789.c...
driver\screen\lcd_st7789\lcd_st7789.c(223): warning:  #177-D: function "lcd_st7789_send"  was declared but never referenced
  static void lcd_st7789_send( uint8_t byte, ST7789_DC_OPT opt )
driver\screen\lcd_st7789\lcd_st7789.c: 1 warning, 0 errors
compiling iic_conf.c...
driver\iic\iic_conf.c(120): warning:  #177-D: variable "retry"  was declared but never referenced
      uint8_t retry = I2C_RETRY_TIMES;
driver\iic\iic_conf.c(177): warning:  #177-D: variable "retry"  was declared but never referenced
      uint8_t retry = I2C_RETRY_TIMES;
driver\iic\iic_conf.c: 2 warnings, 0 errors
compiling ft6236.c...
compiling oled.c...
compiling lcd_st7735.c...
compiling adc.c...
compiling vs10xx.c...
compiling sht20.c...
compiling app_main.c...
compiling app_task.c...
compiling app_ui.c...
compiling app_mainmenu.c...
compiling app_status_bar.c...
app\app_ui\app_status_bar.c(168): warning:  #186-D: pointless comparison of unsigned integer with zero
      if ( left_eq >= 0 && left_eq <= 9 ) {
app\app_ui\app_status_bar.c(48): warning:  #177-D: variable "battery_percentage"  was declared but never referenced
  static lv_obj_t * battery_percentage = NULL;     // battery  
app\app_ui\app_status_bar.c(52): warning:  #177-D: variable "battery_per_sw"  was declared but never referenced
  static uint8_t battery_per_sw = 0;      // ???????????????????????€???, ????????????
app\app_ui\app_status_bar.c(54): warning:  #177-D: variable "date_info_sw"  was declared but never referenced
  static uint8_t date_info_sw   = 1;      // ??????????????€???, ????????€???
app\app_ui\app_status_bar.c: 4 warnings, 0 errors
compiling app_music.c...
app\app_ui\app_music.c(52): warning:  #177-D: variable "ui"  was declared but never referenced
      app_ui_t * ui = NULL;
app\app_ui\app_music.c(50): warning:  #177-D: function "event_handler"  was declared but never referenced
  static void event_handler(lv_obj_t * obj, lv_event_t event)
app\app_ui\app_music.c: 2 warnings, 0 errors
compiling app_calendar.c...
app\app_ui\app_calendar.c(65): warning:  #177-D: variable "ui"  was declared but never referenced
      app_ui_t * ui = NULL;
app\app_ui\app_calendar.c: 1 warning, 0 errors
compiling app_folder.c...
app\app_ui\app_folder.c(68): warning:  #177-D: variable "ui"  was declared but never referenced
      app_ui_t * ui = NULL;
app\app_ui\app_folder.c: 1 warning, 0 errors
compiling app_calculator.c...
app\app_ui\app_calculator.c(76): warning:  #177-D: variable "ui"  was declared but never referenced
      app_ui_t * ui = NULL;
app\app_ui\app_calculator.c(46): warning:  #177-D: variable "mode_dropdown"  was declared but never referenced
  static lv_obj_t * mode_dropdown = NULL;             // ???????€????????????????
app\app_ui\app_calculator.c(50): warning:  #550-D: variable "res_history"  was set but never used
  static lv_obj_t * res_history = NULL;
app\app_ui\app_calculator.c(51): warning:  #550-D: variable "res_current"  was set but never used
  static lv_obj_t * res_current = NULL;
app\app_ui\app_calculator.c(57): warning:  #550-D: variable "opr_ch_list"  was set but never used
  static lv_obj_t * opr_ch_list = NULL;                   // ??????????????????
app\app_ui\app_calculator.c(58): warning:  #177-D: variable "opr_ch_obj"  was declared but never referenced
  static lv_obj_t * opr_ch_obj[4] = {NULL};               // ??????????????????
app\app_ui\app_calculator.c(59): warning:  #177-D: variable "nor_ext_ch_obj"  was declared but never referenced
  static lv_obj_t * nor_ext_ch_obj[4] = {NULL};           // ????€?????????????????????????
app\app_ui\app_calculator.c(60): warning:  #177-D: variable "prog_ext_ch_obj"  was declared but never referenced
  static lv_obj_t * prog_ext_ch_obj[4] = {NULL};          // ?????????????????????????????????
app\app_ui\app_calculator.c(63): warning:  #550-D: variable "num_obj"  was set but never used
  static lv_obj_t * num_obj[12] = {NULL};     // ????????????
app\app_ui\app_calculator.c(74): warning:  #177-D: function "event_handler"  was declared but never referenced
  static void event_handler(lv_obj_t * obj, lv_event_t event)
app\app_ui\app_calculator.c: 10 warnings, 0 errors
compiling app_env.c...
app\app_ui\app_env.c(135): warning:  #177-D: function "show_temp_rh_info"  was declared but never referenced
  static void show_temp_rh_info( void )
app\app_ui\app_env.c(59): warning:  #177-D: function "event_handler"  was declared but never referenced
  static void event_handler(lv_obj_t * obj, lv_event_t event)
app\app_ui\app_env.c: 2 warnings, 0 errors
compiling app_setting.c...
app\app_ui\app_setting.c(52): warning:  #177-D: variable "ui"  was declared but never referenced
      app_ui_t * ui = NULL;
app\app_ui\app_setting.c(50): warning:  #177-D: function "event_handler"  was declared but never referenced
  static void event_handler(lv_obj_t * obj, lv_event_t event)
app\app_ui\app_setting.c: 2 warnings, 0 errors
compiling diskio.c...
compiling ff_user.c...
compiling ffsystem.c...
third_party\ff14\source\ffsystem.c(69): warning:  #167-D: argument of type "BYTE *" is incompatible with parameter of type "const char *"
      *sobj = rt_mutex_create( &vol, RT_IPC_FLAG_PRIO );
third_party\ff14\source\ffsystem.c: 1 warning, 0 errors
compiling cmd.c...
compiling msh.c...
compiling ffunicode.c...
compiling ff.c...
compiling clock.c...
compiling shell.c...
compiling components.c...
compiling cpu.c...
compiling idle.c...
compiling irq.c...
compiling kservice.c...
compiling mem.c...
compiling ipc.c...
compiling mempool.c...
compiling memheap.c...
compiling slab.c...
compiling object.c...
compiling scheduler.c...
compiling cpuport.c...
compiling timer.c...
compiling thread.c...
compiling lv_disp.c...
compiling board.c...
compiling user_cmd.c...
third_party\rt-thread-sorted\user_cmd.c(320): warning:  #223-D: function "dma_mem2mem" declared implicitly
      dma_mem2mem(
third_party\rt-thread-sorted\user_cmd.c: 1 warning, 0 errors
compiling lv_group.c...
compiling lv_refr.c...
compiling lv_indev.c...
compiling lv_draw_arc.c...
compiling lv_style.c...
compiling lv_draw_img.c...
compiling lv_draw_blend.c...
compiling lv_obj.c...
third_party\lvgl\lvgl\src\lv_core\lv_obj.c(4622): warning:  #111-D: statement is unreachable
              break;
third_party\lvgl\lvgl\src\lv_core\lv_obj.c: 1 warning, 0 errors
compiling lv_draw_line.c...
compiling lv_draw_label.c...
compiling lv_draw_triangle.c...
compiling lv_draw_mask.c...
third_party\lvgl\lvgl\src\lv_draw\lv_draw_mask.c(345): warning:  #111-D: statement is unreachable
          return;
third_party\lvgl\lvgl\src\lv_draw\lv_draw_mask.c(356): warning:  #111-D: statement is unreachable
          return;
third_party\lvgl\lvgl\src\lv_draw\lv_draw_mask.c: 2 warnings, 0 errors
compiling lv_img_cache.c...
compiling lv_img_buf.c...
compiling lv_draw_rect.c...
compiling lv_font.c...
compiling lv_img_decoder.c...
compiling lv_font_dejavu_16_persian_hebrew.c...
compiling lv_font_fmt_txt.c...
compiling lv_font_loader.c...
compiling lv_font_montserrat_12.c...
compiling lv_font_montserrat_12_subpx.c...
compiling lv_font_montserrat_14.c...
compiling lv_font_montserrat_16.c...
compiling lv_font_montserrat_18.c...
compiling lv_font_montserrat_22.c...
compiling lv_font_montserrat_20.c...
compiling lv_font_montserrat_24.c...
compiling lv_font_montserrat_28.c...
compiling lv_font_montserrat_26.c...
compiling lv_font_montserrat_28_compressed.c...
compiling lv_font_montserrat_32.c...
compiling lv_font_montserrat_30.c...
compiling lv_font_montserrat_34.c...
compiling lv_font_simsun_16_cjk.c...
compiling lv_font_unscii_8.c...
compiling lv_font_montserrat_36.c...
compiling lv_gpu_stm32_dma2d.c...
compiling lv_hal_disp.c...
compiling lv_hal_indev.c...
compiling lv_hal_tick.c...
compiling lv_async.c...
compiling lv_area.c...
compiling lv_anim.c...
compiling lv_bidi.c...
compiling lv_color.c...
compiling lv_debug.c...
compiling lv_fs.c...
compiling lv_gc.c...
compiling lv_ll.c...
compiling lv_log.c...
compiling lv_math.c...
compiling lv_mem.c...
third_party\lvgl\lvgl\src\lv_misc\lv_mem.c(540): warning:  #111-D: statement is unreachable
      return NULL;
third_party\lvgl\lvgl\src\lv_misc\lv_mem.c: 1 warning, 0 errors
compiling lv_task.c...
compiling lv_printf.c...
compiling lv_templ.c...
compiling lv_txt_ap.c...
compiling lv_utils.c...
compiling lv_txt.c...
compiling lv_theme_empty.c...
compiling lv_theme.c...
compiling lv_theme_template.c...
compiling lv_theme_mono.c...
compiling lv_arc.c...
compiling lv_bar.c...
compiling lv_theme_material.c...
compiling lv_btn.c...
compiling lv_calendar.c...
third_party\lvgl\lvgl\src\lv_widgets\lv_calendar.c(428): warning:  #111-D: statement is unreachable
          return LV_RES_OK;
third_party\lvgl\lvgl\src\lv_widgets\lv_calendar.c: 1 warning, 0 errors
compiling lv_btnmatrix.c...
compiling lv_canvas.c...
compiling lv_checkbox.c...
compiling lv_cont.c...
compiling lv_chart.c...
compiling lv_cpicker.c...
compiling lv_gauge.c...
compiling lv_dropdown.c...
compiling lv_img.c...
compiling lv_imgbtn.c...
compiling lv_keyboard.c...
compiling lv_led.c...
compiling lv_line.c...
compiling lv_label.c...
compiling lv_linemeter.c...
compiling lv_list.c...
compiling lv_objmask.c...
compiling lv_msgbox.c...
compiling lv_objx_templ.c...
compiling lv_slider.c...
compiling lv_roller.c...
compiling lv_page.c...
compiling lv_spinner.c...
compiling lv_spinbox.c...
compiling lv_switch.c...
compiling lv_tabview.c...
compiling lv_table.c...
compiling lv_textarea.c...
compiling lv_tileview.c...
compiling lv_win.c...
compiling lv_port_disp.c...
compiling lv_port_fs.c...
compiling lv_port_indev.c...
compiling ariblk_12.c...
compiling lvgl_user.c...
third_party\lvgl\lvgl\user\lvgl_user.c(94): warning:  #940-D: missing return statement at end of non-void function "jpeg_decoder_read_line" 
  }
third_party\lvgl\lvgl\user\lvgl_user.c(17): warning:  #177-D: variable "png_dec"  was declared but never referenced
  static lv_img_decoder_t * png_dec = NULL;      // PNG??????decoder
third_party\lvgl\lvgl\user\lvgl_user.c(28): warning:  #177-D: function "png_decoder_info"  was declared but never referenced
  static lv_res_t png_decoder_info(lv_img_decoder_t * decoder, const void * src, lv_img_header_t * header);
third_party\lvgl\lvgl\user\lvgl_user.c: 3 warnings, 0 errors
compiling ariblk_14.c...
compiling ariblk_36_num.c...
compiling ariblk_16.c...
compiling jaricom.c...
compiling jcapimin.c...
compiling jcapistd.c...
compiling jccoefct.c...
compiling jcarith.c...
compiling jccolor.c...
third_party\libjpeg\source\jccolor.c(79): warning:  #47-D: incompatible redefinition of macro "TABLE_SIZE"  (declared at line 337 of "inc\arm_math.h")
  #define TABLE_SIZE	(8*(MAXJSAMPLE+1))
third_party\libjpeg\source\jccolor.c: 1 warning, 0 errors
compiling jcdctmgr.c...
compiling jcinit.c...
compiling jchuff.c...
compiling jcmainct.c...
compiling jcmarker.c...
compiling jcomapi.c...
compiling jcmaster.c...
compiling jcparam.c...
compiling jcprepct.c...
compiling jcsample.c...
compiling jctrans.c...
compiling jdapimin.c...
compiling jdapistd.c...
compiling jdarith.c...
compiling jdatadst.c...
compiling jdatasrc.c...
compiling jdcolor.c...
third_party\libjpeg\source\jdcolor.c(83): warning:  #47-D: incompatible redefinition of macro "TABLE_SIZE"  (declared at line 337 of "inc\arm_math.h")
  #define TABLE_SIZE	(3*(MAXJSAMPLE+1))
third_party\libjpeg\source\jdcolor.c: 1 warning, 0 errors
compiling jddctmgr.c...
compiling jdcoefct.c...
compiling jdmainct.c...
compiling jdinput.c...
compiling jdhuff.c...
compiling jdmaster.c...
compiling jdmerge.c...
compiling jdmarker.c...
compiling jdpostct.c...
compiling jdtrans.c...
compiling jdsample.c...
compiling jerror.c...
compiling jfdctflt.c...
compiling jfdctfst.c...
compiling jidctflt.c...
compiling jidctfst.c...
compiling jmemmgr.c...
compiling jmemnobs.c...
compiling jfdctint.c...
compiling jquant1.c...
compiling jquant2.c...
compiling jutils.c...
compiling jidctint.c...
compiling libjpeg_user.c...
third_party\libjpeg\user\libjpeg_user.c(113): warning:  #940-D: missing return statement at end of non-void function "libjpeg_decompress" 
  }
third_party\libjpeg\user\libjpeg_user.c: 1 warning, 0 errors
linking...
Program Size: Code=210066 RO-data=89090 RW-data=1992 ZI-data=92852  
FromELF: creating hex file...
".\project\obj\405mp3.axf" - 0 Error(s), 39 Warning(s).

<h2>Software Packages used:</h2>

Package Vendor: Keil
                http://www.keil.com/pack/Keil.STM32F4xx_DFP.2.14.0.pack
                Keil.STM32F4xx_DFP.2.14.0
                STMicroelectronics STM32F4 Series Device Support, Drivers and Examples

<h2>Collection of Component include folders:</h2>
  E:\software\Keil5\Packs\Keil\STM32F4xx_DFP\2.14.0\Drivers\CMSIS\Device\ST\STM32F4xx\Include

<h2>Collection of Component Files used:</h2>
Build Time Elapsed:  00:00:23
</pre>
</body>
</html>
