<html>
<body>
<pre>
<h1>µVision Build Log</h1>
<h2>Tool Versions:</h2>
IDE-Version: ¦ÌVision V5.31.0.0
Copyright (C) 2020 ARM Ltd and ARM Germany GmbH. All rights reserved.
License Information: 1 1, 1, LIC=IK1BF-6EX3E-X7IRZ-JMX96-PU1XT-UN43B
 
Tool Versions:
Toolchain:       MDK-ARM Plus  Version: 5.31.0.0
Toolchain Path:  E:\software\Keil5\ARM\ARMCC\Bin
C Compiler:      Armcc.exe V5.06 update 6 (build 750)
Assembler:       Armasm.exe V5.06 update 6 (build 750)
Linker/Locator:  ArmLink.exe V5.06 update 6 (build 750)
Library Manager: ArmAr.exe V5.06 update 6 (build 750)
Hex Converter:   FromElf.exe V5.06 update 6 (build 750)
CPU DLL:         SARMCM3.DLL V5.31.0.0
Dialog DLL:      DCM.DLL V1.17.3.0
Target DLL:      Segger\JL2CM3.dll V2.99.38.0
Dialog DLL:      TCM.DLL V1.46.0.0
 
<h2>Project:</h2>
e:\works\Embed\project\stm32\STM32F405\mp3-lvgl-stm32f405rgt\405mp3.uvprojx
Project File Date:  12/04/2020

<h2>Output:</h2>
*** Using Compiler 'V5.06 update 6 (build 750)', folder: 'E:\software\Keil5\ARM\ARMCC\Bin'
Build target 'f405mp3'
compiling jaricom.c...
compiling lvgl_user.c...
third_party\lvgl\lvgl\user\lvgl_user.c(45): warning:  #167-D: argument of type "const uint8_t *" is incompatible with parameter of type "const char *"
      if ( is_jpeg( (const uint8_t *)src ) != true )
third_party\lvgl\lvgl\user\lvgl_user.c(69): warning:  #167-D: argument of type "const uint8_t *" is incompatible with parameter of type "const char *"
      if ( is_jpeg( (const uint8_t *)dsc->src ) != true )
third_party\lvgl\lvgl\user\lvgl_user.c(93): warning:  #940-D: missing return statement at end of non-void function "jpeg_decoder_read_line" 
  }
third_party\lvgl\lvgl\user\lvgl_user.c(17): warning:  #177-D: variable "png_dec"  was declared but never referenced
  static lv_img_decoder_t * png_dec = NULL;      // PNG??????decoder
third_party\lvgl\lvgl\user\lvgl_user.c(28): warning:  #177-D: function "png_decoder_info"  was declared but never referenced
  static lv_res_t png_decoder_info(lv_img_decoder_t * decoder, const void * src, lv_img_header_t * header);
third_party\lvgl\lvgl\user\lvgl_user.c: 5 warnings, 0 errors
compiling jcapimin.c...
compiling jcapistd.c...
compiling jccoefct.c...
compiling jcarith.c...
compiling jccolor.c...
third_party\libjpeg\source\jccolor.c(79): warning:  #47-D: incompatible redefinition of macro "TABLE_SIZE"  (declared at line 337 of "inc\arm_math.h")
  #define TABLE_SIZE	(8*(MAXJSAMPLE+1))
third_party\libjpeg\source\jccolor.c: 1 warning, 0 errors
compiling jcdctmgr.c...
compiling jcinit.c...
compiling jchuff.c...
compiling jcmainct.c...
compiling jcmarker.c...
compiling jcomapi.c...
compiling jcmaster.c...
compiling jcprepct.c...
compiling jcparam.c...
compiling jcsample.c...
compiling jdapimin.c...
compiling jctrans.c...
compiling jdapistd.c...
compiling jdatadst.c...
compiling jdatasrc.c...
compiling jdarith.c...
compiling jdcolor.c...
third_party\libjpeg\source\jdcolor.c(83): warning:  #47-D: incompatible redefinition of macro "TABLE_SIZE"  (declared at line 337 of "inc\arm_math.h")
  #define TABLE_SIZE	(3*(MAXJSAMPLE+1))
third_party\libjpeg\source\jdcolor.c: 1 warning, 0 errors
compiling jddctmgr.c...
compiling jdcoefct.c...
compiling jdinput.c...
compiling jdmainct.c...
compiling jdhuff.c...
compiling jdmaster.c...
compiling jdmerge.c...
compiling jdmarker.c...
compiling jdpostct.c...
compiling jdsample.c...
compiling jdtrans.c...
compiling jerror.c...
compiling jfdctflt.c...
compiling jfdctfst.c...
compiling jidctflt.c...
compiling jidctfst.c...
compiling jmemmgr.c...
compiling jmemnobs.c...
compiling jfdctint.c...
compiling jquant1.c...
compiling jquant2.c...
compiling jutils.c...
compiling jidctint.c...
compiling libjpeg_user.c...
third_party\libjpeg\user\libjpeg_user.c(111): warning:  #940-D: missing return statement at end of non-void function "libjpeg_decompress" 
  }
third_party\libjpeg\user\libjpeg_user.c: 1 warning, 0 errors
linking...
Program Size: Code=209762 RO-data=89090 RW-data=1988 ZI-data=88612  
FromELF: creating hex file...
".\project\obj\405mp3.axf" - 0 Error(s), 8 Warning(s).

<h2>Software Packages used:</h2>

Package Vendor: Keil
                http://www.keil.com/pack/Keil.STM32F4xx_DFP.2.14.0.pack
                Keil.STM32F4xx_DFP.2.14.0
                STMicroelectronics STM32F4 Series Device Support, Drivers and Examples

<h2>Collection of Component include folders:</h2>
  E:\software\Keil5\Packs\Keil\STM32F4xx_DFP\2.14.0\Drivers\CMSIS\Device\ST\STM32F4xx\Include

<h2>Collection of Component Files used:</h2>
Build Time Elapsed:  00:00:09
</pre>
</body>
</html>
